Archive member included because of file (symbol)

/cygdrive/c/TWESDK/Wks_ToCoNet/Savacan_Switch/../../Wks_libToCoNet/libToCoNet/lib/libToCoNet_JN5164.a(ToCoNet_event.o)
                              objs_JN5164/SavacanSwitch.o (_PRSEV_u8Register)
/cygdrive/c/TWESDK/Wks_ToCoNet/Savacan_Switch/../../Wks_libToCoNet/libToCoNet/lib/libToCoNet_JN5164.a(ToCoNet_main.o)
                              objs_JN5164/SavacanSwitch.o (_ToCoNet_vDebugInit)
/cygdrive/c/TWESDK/Wks_ToCoNet/Savacan_Switch/../../Wks_libToCoNet/libToCoNet/lib/libToCoNet_JN5164.a(ToCoNet_utils.o)
                              /cygdrive/c/TWESDK/Wks_ToCoNet/Savacan_Switch/../../Wks_libToCoNet/libToCoNet/lib/libToCoNet_JN5164.a(ToCoNet_main.o) (_ToCoNet_u32GetVersion)
/cygdrive/c/TWESDK/Wks_ToCoNet/Savacan_Switch/../../Wks_libToCoNet/libToCoNet/lib/libToCoNet_JN5164.a(ToCoNet_mod_Tx.o)
                              objs_JN5164/SavacanSwitch.o (_ToCoNet_vReg_mod_Tx_Standard)
/cygdrive/c/TWESDK/Wks_ToCoNet/Savacan_Switch/../../Wks_libToCoNet/libToCoNet/lib/libToCoNet_JN5164.a(ToCoNet_mod_TxRxQueue.o)
                              objs_JN5164/SavacanSwitch.o (_ToCoNet_vReg_mod_TxRxQueueMid)
/cygdrive/c/TWESDK/Wks_ToCoNet/Savacan_Switch/../../Wks_libToCoNet/libToCoNet/lib/libToCoNet_JN5164.a(ToCoNet_mod_Nwk_Common.o)
                              /cygdrive/c/TWESDK/Wks_ToCoNet/Savacan_Switch/../../Wks_libToCoNet/libToCoNet/lib/libToCoNet_JN5164.a(ToCoNet_main.o) (_ToCoNet_vRxProc_App)
/cygdrive/c/TWESDK/Wks_ToCoNet/Savacan_Switch/../../Wks_libToCoNet/libToCoNet/lib/libToCoNet_JN5164.a(ToCoNet_mod_Channel_Mgr.o)
                              /cygdrive/c/TWESDK/Wks_ToCoNet/Savacan_Switch/../../Wks_libToCoNet/libToCoNet/lib/libToCoNet_JN5164.a(ToCoNet_main.o) (_ToCoNet_ChMgr_bCh_Reconfig)
/cygdrive/c/TWESDK/Wks_ToCoNet/Savacan_Switch/../../Wks_libToCoNet/libToCoNet/lib/libToCoNet_JN5164.a(Version.o)
                              /cygdrive/c/TWESDK/Wks_ToCoNet/Savacan_Switch/../../Wks_libToCoNet/libToCoNet/lib/libToCoNet_JN5164.a(ToCoNet_utils.o) (_au8ToCoNetVersionInfo)
/cygdrive/c/TWESDK/Wks_ToCoNet/Savacan_Switch/../../Wks_libToCoNet/libToCoNet/lib/libToCoNet_JN5164.a(AppQueueApi_ToCoNet.o)
                              /cygdrive/c/TWESDK/Wks_ToCoNet/Savacan_Switch/../../Wks_libToCoNet/libToCoNet/lib/libToCoNet_JN5164.a(ToCoNet_main.o) (_psAppQApiReadHwIndT)
/cygdrive/c/TWESDK/Wks_ToCoNet/Savacan_Switch/../../Wks_libToCoNet/libToCoNet/lib/libToCoNetExt_JN5164.a(AppStart.o)
                              /cygdrive/c/TWESDK/Wks_ToCoNet/Savacan_Switch/../../Wks_libToCoNet/libToCoNet/lib/libToCoNet_JN5164.a(ToCoNet_mod_Channel_Mgr.o) (__ToCoNet_bRfChChannel)
/cygdrive/c/TWESDK/Wks_ToCoNet/Savacan_Switch/../../Wks_libToCoNet/libToCoNet/lib/libToCoNetExt_JN5164.a(getMacAddr.o)
                              /cygdrive/c/TWESDK/Wks_ToCoNet/Savacan_Switch/../../Wks_libToCoNet/libToCoNet/lib/libToCoNet_JN5164.a(ToCoNet_main.o) (_ToCoNet_u32GetSerialOnBoot)
/cygdrive/c/TWESDK/Wks_ToCoNet/Savacan_Switch/../../Wks_libToCoNet/libToCoNet/lib/libToCoNetExt_JN5164.a(mac.o)
                              /cygdrive/c/TWESDK/Wks_ToCoNet/Savacan_Switch/../../Wks_libToCoNet/libToCoNet/lib/libToCoNet_JN5164.a(ToCoNet_main.o) (_Mac_bRxQueueReg)
/cygdrive/c/TWESDK/Wks_ToCoNet/Savacan_Switch/../../Wks_libToCoNet/libToCoNet/lib/libToCoNetExt_JN5164.a(AES_CCM.o)
                              /cygdrive/c/TWESDK/Wks_ToCoNet/Savacan_Switch/../../Wks_libToCoNet/libToCoNet/lib/libToCoNetExt_JN5164.a(mac.o) (_bAES_CCM_Encode)
/cygdrive/c/TWESDK/Wks_ToCoNet/Savacan_Switch/../../Wks_libToCoNet/libToCoNet/lib/libToCoNetExt_JN5164.a(no_ack_handler.o)
                              /cygdrive/c/TWESDK/Wks_ToCoNet/Savacan_Switch/../../Wks_libToCoNet/libToCoNet/lib/libToCoNetExt_JN5164.a(AppStart.o) (_vInstallNoAckHandler)
/cygdrive/c/TWESDK/Wks_ToCoNet/Savacan_Switch/../../Wks_libToCoNet/libToCoNet/lib/libToCoNetExt_JN5164.a(Version.o)
                              /cygdrive/c/TWESDK/Wks_ToCoNet/Savacan_Switch/../../Wks_libToCoNet/libToCoNet/lib/libToCoNet_JN5164.a(ToCoNet_utils.o) (_au8ToCoNetExtVersionInfo)
/cygdrive/c/TWESDK/Wks_ToCoNet/Savacan_Switch/../../Wks_libToCoNet/libToCoNet/lib/libToCoNetExt_JN5164.a(AHI_FlashIndexSector.o)
                              /cygdrive/c/TWESDK/Wks_ToCoNet/Savacan_Switch/../../Wks_libToCoNet/libToCoNet/lib/libToCoNetExt_JN5164.a(AppStart.o) (_bAHI_ReadUserData)
/cygdrive/c/TWESDK/Wks_ToCoNet/Savacan_Switch/../../Wks_libToCoNet/libToCoNet/lib/libToCoNetUtils_JN5164.a(serial.o)
                              objs_JN5164/SavacanSwitch.o (_SERIAL_bTxChar)
/cygdrive/c/TWESDK/Wks_ToCoNet/Savacan_Switch/../../Wks_libToCoNet/libToCoNet/lib/libToCoNetUtils_JN5164.a(uart.o)
                              /cygdrive/c/TWESDK/Wks_ToCoNet/Savacan_Switch/../../Wks_libToCoNet/libToCoNet/lib/libToCoNetUtils_JN5164.a(serial.o) (_UART_vSetTxInterrupt)
/cygdrive/c/TWESDK/Wks_ToCoNet/Savacan_Switch/../../Wks_libToCoNet/libToCoNet/lib/libToCoNetUtils_JN5164.a(ByteQueue.o)
[...]
Memory Configuration

Name             Origin             Length             Attributes
flash            0x00080000         0x00028000
ram              0x0400004c         0x00007fb4
*default*        0x00000000         0xffffffff

Linker script and memory map

LOAD objs_JN5164/SavacanSwitch.o
LOAD /cygdrive/c/TWESDK/Wks_ToCoNet/Savacan_Switch/../../Wks_libToCoNet/libToCoNet/lib/libToCoNet_JN5164.a
LOAD /cygdrive/c/TWESDK/Wks_ToCoNet/Savacan_Switch/../../Wks_libToCoNet/libToCoNet/lib/libToCoNetExt_JN5164.a
LOAD /cygdrive/c/TWESDK/Wks_ToCoNet/Savacan_Switch/../../Wks_libToCoNet/libToCoNet/lib/libToCoNetUtils_JN5164.a
START GROUP
LOAD /cygdrive/c/TWESDK/516x/Components/Library/libAppApi_JN516x.a
LOAD /cygdrive/c/TWESDK/516x/Components/Library/libMac_JN516x.a
LOAD /cygdrive/c/TWESDK/516x/Components/Library/libTof_JN516x.a
LOAD /cygdrive/c/TWESDK/516x/Components/Library/libXcv_JN516x.a
LOAD /cygdrive/c/TWESDK/516x/Components/Library/libAES_CCM_SW_PATCH_JN516x.a
LOAD /cygdrive/c/TWESDK/516x/Components/Library/libAes_JN516x.a
LOAD /cygdrive/c/TWESDK/516x/Components/Library/libTimerServer_JN516x.a
LOAD /cygdrive/c/TWESDK/516x/Components/Library/libHardwareApi_JN516x.a
LOAD /cygdrive/c/TWESDK/516x/Components/Library/libMicroSpecific_JN516x.a
LOAD /cygdrive/c/TWESDK/516x/Components/Library/libBoot_JN516x.a
LOAD /cygdrive/c/TWESDK/516x/Components/Library/libMaths_JN516x.a
LOAD /cygdrive/c/TWESDK/Wks_ToCoNet/Savacan_Switch/../../Wks_libToCoNet/libToCoNet/lib/libToCoNet_JN5164.a
LOAD /cygdrive/c/TWESDK/Wks_ToCoNet/Savacan_Switch/../../Wks_libToCoNet/libToCoNet/lib/libToCoNetExt_JN5164.a
LOAD /cygdrive/c/TWESDK/Wks_ToCoNet/Savacan_Switch/../../Wks_libToCoNet/libToCoNet/lib/libToCoNetUtils_JN5164.a
END GROUP
LOAD /cygdrive/c/TWESDK/Tools/ba-elf-ba2/bin/../lib/gcc/ba-elf/4.1.2/ba2/libgcc.a
LOAD /cygdrive/c/TWESDK/Tools/ba-elf-ba2/bin/../lib/gcc/ba-elf/4.1.2/../../../../ba-elf/lib/ba2/libc.a
LOAD /cygdrive/c/TWESDK/Tools/ba-elf-ba2/bin/../lib/gcc/ba-elf/4.1.2/ba2/libgcc.a
                0x00001000                _stack_size = 0x1000
                0x00080038                __exception_vsr_table = 0x80038
                0x04000000                _pSPIflashFncTable = 0x4000000
                0x00001000                _stack_size = 0x1000
                0x00000044                restore_state = 0x44
                0x0000004a                _bZSPIWaitWIPClear = 0x4a
                0x00000050                _u16ZSPIflashRDID = 0x50
                0x00000056                _u8SelectFlashChipType = 0x56
                0x0000005c                _memcpy = 0x5c
                0x00000066                _vBootFlashProg = 0x66
                [0x00000d16]                _minimum_heap_size = DEFINED (_minimum_heap_size)?_minimum_heap_size:0xd16
                0x00000000                _SwConfig = (DEFINED (g_bSWConf_Debug) | (DEFINED (g_bSWConf_AltDebugPort) << 0x1))

.version        0x0007fffc        0x4
                0x0007fffc        0x4 LONG 0x4030008

.bir            0x00080000       0x10
                0x00080000                _flash_start = <code 342> (.)
                0x00080000                _flash_beg = <code 342> (.)
                0x00080000        0x4 LONG 0x12345678
                0x00080004        0x4 LONG 0x11223344
                0x00080008        0x4 LONG 0x55667788
                0x0008000c        0x1 BYTE 0x8
                0x0008000d        0x1 BYTE 0x1
                0x0008000e        0x2 SHORT 0x0

.flashheader    0x00080010       0x28
                0x00080010        0x4 LONG 0x0
                0x00080014        0x4 LONG 0x0
                0x00080018        0x4 LONG 0x0
                0x0008001c        0x2 SHORT 0x0
                0x0008001e        0x2 SHORT 0x0 <code 342> (_SwConfig)
                0x00080020                _enc_start = <code 342> (.)
                0x00080020        0x4 LONG 0xb65c <code 342> (_image_len)
                0x00000000                _enc_offset = (_enc_start & 0xf)
                [0x00000020]                _enc_start = (_enc_start - _flash_beg)
                0x00080024        0x4 LONG 0x8b62c <code 342> (_flash_data_start)
                0x00080028        0x2 SHORT 0x13 ((<code 342> (_ram_data_start) / 0x4) & 0xffff)
                0x0008002a        0x2 SHORT 0xc ((<code 342> (_ram_data_len) / 0x4) & 0xffff)
                0x0008002c        0x2 SHORT 0x1f ((<code 342> (_bss_start) / 0x4) & 0xffff)
                0x0008002e        0x2 SHORT 0x66b ((<code 342> (_bss_len) / 0x4) & 0xffff)
                0x00080030        0x4 LONG 0x820ba <code 342> (_AppWarmStart)
                0x00080034        0x4 LONG 0x82266 <code 342> (_AppColdStart)
                0x00000044                PROVIDE (_vException_BusError, restore_state)
                0x00000044                PROVIDE (_vException_UnalignedAccess, restore_state)
                0x00000044                PROVIDE (_vException_IllegalInstruction, restore_state)
                0x00000044                PROVIDE (_vException_SysCall, restore_state)
                0x00000044                PROVIDE (_vException_Trap, restore_state)
                0x00000044                PROVIDE (_vException_StackOverflow, restore_state)
                0x00080038                . = <code 342> (__exception_vsr_table)

.vsr_table      0x00080038       0x18
                0x00080038        0x4 LONG 0x44 <code 342> (_vException_BusError)
                0x0008003c        0x4 LONG 0x44 <code 342> (_vException_UnalignedAccess)
                0x00080040        0x4 LONG 0x44 <code 342> (_vException_IllegalInstruction)
                0x00080044        0x4 LONG 0x44 <code 342> (_vException_SysCall)
                0x00080048        0x4 LONG 0x44 <code 342> (_vException_Trap)
                0x0008004c        0x4 LONG 0x44 <code 342> (_vException_StackOverflow)

.vsr_handlers   0x00080050       0xab
 *(.vsr_handlers)
 .vsr_handlers  0x00080050       0xab /cygdrive/c/TWESDK/516x/Components/Library/libBoot_JN516x.a(ExceptionHandler.o)
                0x00080050                __exception_external_interrupt
                0x000800f9                __default_vsr_dummy

.rodata         0x000800fc      0x45d
 *(.rodata*)
 .rodata.str1.1
                0x000800fc       0x64 objs_JN5164/SavacanSwitch.o
 .rodata.str1.1
                0x00080160       0x11 /cygdrive/c/TWESDK/Wks_ToCoNet/Savacan_Switch/../../Wks_libToCoNet/libToCoNet/lib/libToCoNet_JN5164.a(ToCoNet_mod_Tx.o)
 *fill*         0x00080171        0x3 00
 .rodata.asStateFuncTbl
                0x00080174       0x38 /cygdrive/c/TWESDK/Wks_ToCoNet/Savacan_Switch/../../Wks_libToCoNet/libToCoNet/lib/libToCoNet_JN5164.a(ToCoNet_mod_Tx.o)
 .rodata.au8ToCoNetVersionInfo
                0x000801ac        0xc /cygdrive/c/TWESDK/Wks_ToCoNet/Savacan_Switch/../../Wks_libToCoNet/libToCoNet/lib/libToCoNet_JN5164.a(Version.o)
                0x000801ac                _au8ToCoNetVersionInfo
 .rodata.str1.1
                0x000801b8       0x11 /cygdrive/c/TWESDK/Wks_ToCoNet/Savacan_Switch/../../Wks_libToCoNet/libToCoNet/lib/libToCoNetExt_JN5164.a(AppStart.o)
 .rodata        0x000801c9       0x11 /cygdrive/c/TWESDK/Wks_ToCoNet/Savacan_Switch/../../Wks_libToCoNet/libToCoNet/lib/libToCoNetExt_JN5164.a(AppStart.o)
 .rodata.au8k.5340
                0x000801da       0x20 /cygdrive/c/TWESDK/Wks_ToCoNet/Savacan_Switch/../../Wks_libToCoNet/libToCoNet/lib/libToCoNetExt_JN5164.a(AppStart.o)
 .rodata.au8k.5378
                0x000801fa       0x20 /cygdrive/c/TWESDK/Wks_ToCoNet/Savacan_Switch/../../Wks_libToCoNet/libToCoNet/lib/libToCoNetExt_JN5164.a(AppStart.o)
 .rodata.str1.1
                0x0008021a       0x11 /cygdrive/c/TWESDK/Wks_ToCoNet/Savacan_Switch/../../Wks_libToCoNet/libToCoNet/lib/libToCoNetExt_JN5164.a(mac.o)
 *fill*         0x0008022b        0x1 00
 .rodata.u32MacHigh_TOCOS
                0x0008022c        0x4 /cygdrive/c/TWESDK/Wks_ToCoNet/Savacan_Switch/../../Wks_libToCoNet/libToCoNet/lib/libToCoNetExt_JN5164.a(mac.o)
                0x0008022c                _u32MacHigh_TOCOS
 .rodata.u32MacLow_TOCOS
                0x00080230        0x4 /cygdrive/c/TWESDK/Wks_ToCoNet/Savacan_Switch/../../Wks_libToCoNet/libToCoNet/lib/libToCoNetExt_JN5164.a(mac.o)
                0x00080230                _u32MacLow_TOCOS
 .rodata.u8CRCTable
                0x00080234      0x100 /cygdrive/c/TWESDK/Wks_ToCoNet/Savacan_Switch/../../Wks_libToCoNet/libToCoNet/lib/libToCoNetUtils_JN5164.a(ccitt8.o)
 .rodata.str1.1
                0x00080334        0x7 /cygdrive/c/TWESDK/Wks_ToCoNet/Savacan_Switch/../../Wks_libToCoNet/libToCoNet/lib/libToCoNetUtils_JN5164.a(fprintf.o)
 *fill*         0x0008033b        0x1 00
 .rodata.s_sPibInit
                0x0008033c       0x18 /cygdrive/c/TWESDK/516x/Components/Library/libMac_JN516x.a(mac_pib_mlme.o)
 .rodata.aeXcvPhyEvtToScanEvt.4240
                0x00080354       0x18 /cygdrive/c/TWESDK/516x/Components/Library/libMac_JN516x.a(mac_scan.o)
 .rodata.aeXcvBbcEvtToScanEvt.4230
                0x0008036c        0xa /cygdrive/c/TWESDK/516x/Components/Library/libMac_JN516x.a(mac_scan.o)
 .rodata.s_atScanEvtST
                0x00080376       0x31 /cygdrive/c/TWESDK/516x/Components/Library/libMac_JN516x.a(mac_scan.o)
 *fill*         0x000803a7        0x1 00
 .rodata.s_aprScanHandleEvt
                0x000803a8       0x30 /cygdrive/c/TWESDK/516x/Components/Library/libMac_JN516x.a(mac_scan.o)
 .rodata.psTAMcontext
                0x000803d8        0x4 /cygdrive/c/TWESDK/516x/Components/Library/libMac_JN516x.a(TAM.o)
                0x000803d8                _psTAMcontext
 .rodata.psTamMacContext
                0x000803dc        0x4 /cygdrive/c/TWESDK/516x/Components/Library/libMac_JN516x.a(TAM.o)
                0x000803dc                _psTamMacContext
 .rodata.psTamXcvContext
                0x000803e0        0x4 /cygdrive/c/TWESDK/516x/Components/Library/libMac_JN516x.a(TAM.o)
                0x000803e0                _psTamXcvContext
 .rodata.au8XcvToTAMevent.4757
                0x000803e4        0xa /cygdrive/c/TWESDK/516x/Components/Library/libMac_JN516x.a(TAM.o)
 .rodata.au8HeaderSize.4215
                0x000803ee        0xe /cygdrive/c/TWESDK/516x/Components/Library/libMac_JN516x.a(TAMcommon.o)
 .rodata.apvActionCalls
                0x000803fc       0x88 /cygdrive/c/TWESDK/516x/Components/Library/libMac_JN516x.a(TAMevent.o)
                0x000803fc                _apvActionCalls
 .rodata.au8StateActions
                0x00080484       0x8c /cygdrive/c/TWESDK/516x/Components/Library/libMac_JN516x.a(TAMevent.o)
                0x00080484                _au8StateActions
 .rodata.au8SizeInc.4433
                0x00080510        0x9 /cygdrive/c/TWESDK/516x/Components/Library/libMac_JN516x.a(TAMsecurity.o)
 .rodata.au8MICLenLUT.3714
                0x00080519        0x4 /cygdrive/c/TWESDK/516x/Components/Library/libMac_JN516x.a(TAMsecurity.o)
 .rodata.au8FlashWaitStates32MXO
                0x0008051d        0x8 /cygdrive/c/TWESDK/516x/Components/Library/libHardwareApi_JN516x.a(AHI_System.o)
 .rodata.au8FlashWaitStatesHSRCO
                0x00080525        0x8 /cygdrive/c/TWESDK/516x/Components/Library/libHardwareApi_JN516x.a(AHI_System.o)
 *fill*         0x0008052d        0x3 00
 .rodata.au32TimerBaseAddress
                0x00080530       0x14 /cygdrive/c/TWESDK/516x/Components/Library/libHardwareApi_JN516x.a(AHI_Timer.o)
 .rodata.au32UartAddrOffset
                0x00080544        0x8 /cygdrive/c/TWESDK/516x/Components/Library/libHardwareApi_JN516x.a(AHI_Uart.o)
                0x00080544                _au32UartAddrOffset
 .rodata.au8dataSizeTable
                0x0008054c        0xd /cygdrive/c/TWESDK/516x/Components/Library/libAes_JN516x.a(AEScoprocessorAPI.o)
                0x0008054c                _au8dataSizeTable

.text           0x0008055c     0xb0ce
 *(.text*)
 .text.cbToCoNet_vNwkEvent
                0x0008055c        0x3 objs_JN5164/SavacanSwitch.o
                0x0008055c                _cbToCoNet_vNwkEvent
 .text.cbToCoNet_vHwEvent
                0x0008055f        0x3 objs_JN5164/SavacanSwitch.o
                0x0008055f                _cbToCoNet_vHwEvent
 .text.cbToCoNet_u8HwInt
                0x00080562        0x5 objs_JN5164/SavacanSwitch.o
                0x00080562                _cbToCoNet_u8HwInt
 .text.vInitHardware
                0x00080567       0xb0 objs_JN5164/SavacanSwitch.o
 .text.cbAppWarmStart
                0x00080617       0x18 objs_JN5164/SavacanSwitch.o
                0x00080617                _cbAppWarmStart
 .text.cbAppColdStart
                0x0008062f       0x59 objs_JN5164/SavacanSwitch.o
                0x0008062f                _cbAppColdStart
 .text.cbToCoNet_vTxEvent
                0x00080688       0x2a objs_JN5164/SavacanSwitch.o
                0x00080688                _cbToCoNet_vTxEvent
 .text.vProcessEvCore
                0x000806b2       0x6e objs_JN5164/SavacanSwitch.o
 .text.cbToCoNet_vRxEvent
                0x00080720       0x7b objs_JN5164/SavacanSwitch.o
                0x00080720                _cbToCoNet_vRxEvent
 .text.cbToCoNet_vMain
                0x0008079b       0xea objs_JN5164/SavacanSwitch.o
                0x0008079b                _cbToCoNet_vMain
 .text.PRSEV_u8Register
                0x00080885       0x32 /cygdrive/c/TWESDK/Wks_ToCoNet/Savacan_Switch/../../Wks_libToCoNet/libToCoNet/lib/libToCoNet_JN5164.a(ToCoNet_event.o)
                0x00080885                _PRSEV_u8Register
 .text.PRSEV_vSetStateAll
                0x000808b7       0x3b /cygdrive/c/TWESDK/Wks_ToCoNet/Savacan_Switch/../../Wks_libToCoNet/libToCoNet/lib/libToCoNet_JN5164.a(ToCoNet_event.o)
                0x000808b7                _PRSEV_vSetStateAll
 .text.PRSEV_vSetState
                0x000808f2       0x10 /cygdrive/c/TWESDK/Wks_ToCoNet/Savacan_Switch/../../Wks_libToCoNet/libToCoNet/lib/libToCoNet_JN5164.a(ToCoNet_event.o)
                0x000808f2                _PRSEV_vSetState
 .text.PRSEV_vProcessEv_core
                0x00080902       0x8f /cygdrive/c/TWESDK/Wks_ToCoNet/Savacan_Switch/../../Wks_libToCoNet/libToCoNet/lib/libToCoNet_JN5164.a(ToCoNet_event.o)
 .text.PRSEV_vProcessEvPost
                0x00080991       0x35 /cygdrive/c/TWESDK/Wks_ToCoNet/Savacan_Switch/../../Wks_libToCoNet/libToCoNet/lib/libToCoNet_JN5164.a(ToCoNet_event.o)
                0x00080991                _PRSEV_vProcessEvPost
 .text._PRSEV_vProcessEv
                0x000809c6       0x16 /cygdrive/c/TWESDK/Wks_ToCoNet/Savacan_Switch/../../Wks_libToCoNet/libToCoNet/lib/libToCoNet_JN5164.a(ToCoNet_event.o)
                0x000809c6                __PRSEV_vProcessEv
 .text._PRSEV_vProcessEvSingle
                0x000809dc       0x14 /cygdrive/c/TWESDK/Wks_ToCoNet/Savacan_Switch/../../Wks_libToCoNet/libToCoNet/lib/libToCoNet_JN5164.a(ToCoNet_event.o)
                0x000809dc                __PRSEV_vProcessEvSingle
 .text._PRSEV_vProcessEvSingleH
                0x000809f0       0x16 /cygdrive/c/TWESDK/Wks_ToCoNet/Savacan_Switch/../../Wks_libToCoNet/libToCoNet/lib/libToCoNet_JN5164.a(ToCoNet_event.o)
                0x000809f0                __PRSEV_vProcessEvSingleH
 .text.ToCoNet_Event_StateExec
                0x00080a06       0x31 /cygdrive/c/TWESDK/Wks_ToCoNet/Savacan_Switch/../../Wks_libToCoNet/libToCoNet/lib/libToCoNet_JN5164.a(ToCoNet_event.o)
                0x00080a06                _ToCoNet_Event_StateExec
 .text.PRSEV_vInit
                0x00080a37       0x4d /cygdrive/c/TWESDK/Wks_ToCoNet/Savacan_Switch/../../Wks_libToCoNet/libToCoNet/lib/libToCoNet_JN5164.a(ToCoNet_event.o)
                0x00080a37                _PRSEV_vInit
 .text.ToCoNet_vDebugInit
                0x00080a84        0x9 /cygdrive/c/TWESDK/Wks_ToCoNet/Savacan_Switch/../../Wks_libToCoNet/libToCoNet/lib/libToCoNet_JN5164.a(ToCoNet_main.o)
                0x00080a84                _ToCoNet_vDebugInit
 .text.ToCoNet_vDebugLevel
                0x00080a8d        0x9 /cygdrive/c/TWESDK/Wks_ToCoNet/Savacan_Switch/../../Wks_libToCoNet/libToCoNet/lib/libToCoNet_JN5164.a(ToCoNet_main.o)
                0x00080a8d                _ToCoNet_vDebugLevel
 .text._ToCoNet_bRaisePanic
                0x00080a96       0x3b /cygdrive/c/TWESDK/Wks_ToCoNet/Savacan_Switch/../../Wks_libToCoNet/libToCoNet/lib/libToCoNet_JN5164.a(ToCoNet_main.o)
                0x00080a96                __ToCoNet_bRaisePanic
 .text.ToCoNet_bMacTxReq
                0x00080ad1       0xfe /cygdrive/c/TWESDK/Wks_ToCoNet/Savacan_Switch/../../Wks_libToCoNet/libToCoNet/lib/libToCoNet_JN5164.a(ToCoNet_main.o)
                0x00080ad1                _ToCoNet_bMacTxReq
 .text.ToCoNet_vMacStart
                0x00080bcf       0x11 /cygdrive/c/TWESDK/Wks_ToCoNet/Savacan_Switch/../../Wks_libToCoNet/libToCoNet/lib/libToCoNet_JN5164.a(ToCoNet_main.o)
                0x00080bcf                _ToCoNet_vMacStart
 .text.ToCoNet_vMain
                0x00080be0      0x26c /cygdrive/c/TWESDK/Wks_ToCoNet/Savacan_Switch/../../Wks_libToCoNet/libToCoNet/lib/libToCoNet_JN5164.a(ToCoNet_main.o)
                0x00080be0                _ToCoNet_vMain
 .text.vProcessEvCoreMac
                0x00080e4c       0x7a /cygdrive/c/TWESDK/Wks_ToCoNet/Savacan_Switch/../../Wks_libToCoNet/libToCoNet/lib/libToCoNet_JN5164.a(ToCoNet_main.o)
                0x00080e4c                _vProcessEvCoreMac
 .text.ToCoNet_vStart
                0x00080ec6      0x3e2 /cygdrive/c/TWESDK/Wks_ToCoNet/Savacan_Switch/../../Wks_libToCoNet/libToCoNet/lib/libToCoNet_JN5164.a(ToCoNet_main.o)
                0x00080ec6                _ToCoNet_vStart
 .text.ToCoNet_vInit
                0x000812a8      0x135 /cygdrive/c/TWESDK/Wks_ToCoNet/Savacan_Switch/../../Wks_libToCoNet/libToCoNet/lib/libToCoNet_JN5164.a(ToCoNet_main.o)
                0x000812a8                _ToCoNet_vInit
 .text.u8HwEventHandler
                0x000813dd       0x27 /cygdrive/c/TWESDK/Wks_ToCoNet/Savacan_Switch/../../Wks_libToCoNet/libToCoNet/lib/libToCoNet_JN5164.a(ToCoNet_main.o)
 .text.ToCoNet_u32GetVersion
                0x00081404       0x21 /cygdrive/c/TWESDK/Wks_ToCoNet/Savacan_Switch/../../Wks_libToCoNet/libToCoNet/lib/libToCoNet_JN5164.a(ToCoNet_utils.o)
                0x00081404                _ToCoNet_u32GetVersion
 .text.ToCoNet_u16GetPanId
                0x00081425        0x9 /cygdrive/c/TWESDK/Wks_ToCoNet/Savacan_Switch/../../Wks_libToCoNet/libToCoNet/lib/libToCoNet_JN5164.a(ToCoNet_utils.o)
                0x00081425                _ToCoNet_u16GetPanId
 .text.ToCoNet_u32GetSerial
                0x0008142e        0x9 /cygdrive/c/TWESDK/Wks_ToCoNet/Savacan_Switch/../../Wks_libToCoNet/libToCoNet/lib/libToCoNet_JN5164.a(ToCoNet_utils.o)
                0x0008142e                _ToCoNet_u32GetSerial
 .text.ToCoNet_u32GetRand
                0x00081437       0x65 /cygdrive/c/TWESDK/Wks_ToCoNet/Savacan_Switch/../../Wks_libToCoNet/libToCoNet/lib/libToCoNet_JN5164.a(ToCoNet_utils.o)
                0x00081437                _ToCoNet_u32GetRand
 .text.ToCoNet_vReg_mod_Tx_Standard
                0x0008149c       0x1d /cygdrive/c/TWESDK/Wks_ToCoNet/Savacan_Switch/../../Wks_libToCoNet/libToCoNet/lib/libToCoNet_JN5164.a(ToCoNet_mod_Tx.o)
                0x0008149c                _ToCoNet_vReg_mod_Tx_Standard
 .text.vProcessEvCoreTx
                0x000814b9       0x67 /cygdrive/c/TWESDK/Wks_ToCoNet/Savacan_Switch/../../Wks_libToCoNet/libToCoNet/lib/libToCoNet_JN5164.a(ToCoNet_mod_Tx.o)
 .text.vHnd_E_STATE_FINISH_TX_SUCCESS
                0x00081520       0x9b /cygdrive/c/TWESDK/Wks_ToCoNet/Savacan_Switch/../../Wks_libToCoNet/libToCoNet/lib/libToCoNet_JN5164.a(ToCoNet_mod_Tx.o)
 .text.vHnd_E_STATE_WAIT_TX
                0x000815bb       0x71 /cygdrive/c/TWESDK/Wks_ToCoNet/Savacan_Switch/../../Wks_libToCoNet/libToCoNet/lib/libToCoNet_JN5164.a(ToCoNet_mod_Tx.o)
 .text.vHnd_E_STATE_PREPARE_TX
                0x0008162c      0x160 /cygdrive/c/TWESDK/Wks_ToCoNet/Savacan_Switch/../../Wks_libToCoNet/libToCoNet/lib/libToCoNet_JN5164.a(ToCoNet_mod_Tx.o)
 .text.vHnd_E_STATE_IDLE
                0x0008178c       0x49 /cygdrive/c/TWESDK/Wks_ToCoNet/Savacan_Switch/../../Wks_libToCoNet/libToCoNet/lib/libToCoNet_JN5164.a(ToCoNet_mod_Tx.o)
 .text.vHnd_E_STATE_RUNNING
                0x000817d5      0x202 /cygdrive/c/TWESDK/Wks_ToCoNet/Savacan_Switch/../../Wks_libToCoNet/libToCoNet/lib/libToCoNet_JN5164.a(ToCoNet_mod_Tx.o)
 .text.vHnd_E_STATE_FINISH_TX_FAIL
                0x000819d7       0xc2 /cygdrive/c/TWESDK/Wks_ToCoNet/Savacan_Switch/../../Wks_libToCoNet/libToCoNet/lib/libToCoNet_JN5164.a(ToCoNet_mod_Tx.o)
 .text.ToCoNet_vReg_mod_TxRxQueueMid
                0x00081a99       0x84 /cygdrive/c/TWESDK/Wks_ToCoNet/Savacan_Switch/../../Wks_libToCoNet/libToCoNet/lib/libToCoNet_JN5164.a(ToCoNet_mod_TxRxQueue.o)
                0x00081a99                _ToCoNet_vReg_mod_TxRxQueueMid
 .text.ToCoNet_vRxProc_App
                0x00081b1d       0x81 /cygdrive/c/TWESDK/Wks_ToCoNet/Savacan_Switch/../../Wks_libToCoNet/libToCoNet/lib/libToCoNet_JN5164.a(ToCoNet_mod_Nwk_Common.o)
                0x00081b1d                _ToCoNet_vRxProc_App
 .text.ToCoNet_vRxProc_Mod
                0x00081b9e       0x49 /cygdrive/c/TWESDK/Wks_ToCoNet/Savacan_Switch/../../Wks_libToCoNet/libToCoNet/lib/libToCoNet_JN5164.a(ToCoNet_mod_Nwk_Common.o)
                0x00081b9e                _ToCoNet_vRxProc_Mod
 .text.ToCoNet_ChMgr_bCh_Reconfig
                0x00081be7       0x68 /cygdrive/c/TWESDK/Wks_ToCoNet/Savacan_Switch/../../Wks_libToCoNet/libToCoNet/lib/libToCoNet_JN5164.a(ToCoNet_mod_Channel_Mgr.o)
                0x00081be7                _ToCoNet_ChMgr_bCh_Reconfig
 .text.ToCoNet_ChMgr_vCh_TxFin
                0x00081c4f       0x30 /cygdrive/c/TWESDK/Wks_ToCoNet/Savacan_Switch/../../Wks_libToCoNet/libToCoNet/lib/libToCoNet_JN5164.a(ToCoNet_mod_Channel_Mgr.o)
                0x00081c4f                _ToCoNet_ChMgr_vCh_TxFin
 .text.ToCoNet_ChMgr_bCh_OnTx
                0x00081c7f       0x6d /cygdrive/c/TWESDK/Wks_ToCoNet/Savacan_Switch/../../Wks_libToCoNet/libToCoNet/lib/libToCoNet_JN5164.a(ToCoNet_mod_Channel_Mgr.o)
                0x00081c7f                _ToCoNet_ChMgr_bCh_OnTx
 .text.vFifoInit
                0x00081cec       0x14 /cygdrive/c/TWESDK/Wks_ToCoNet/Savacan_Switch/../../Wks_libToCoNet/libToCoNet/lib/libToCoNet_JN5164.a(AppQueueApi_ToCoNet.o)
 .text.pvFifoPull
                0x00081d00       0x23 /cygdrive/c/TWESDK/Wks_ToCoNet/Savacan_Switch/../../Wks_libToCoNet/libToCoNet/lib/libToCoNet_JN5164.a(AppQueueApi_ToCoNet.o)
 .text.psAppQApiGetMcpsBuffer
                0x00081d23        0xc /cygdrive/c/TWESDK/Wks_ToCoNet/Savacan_Switch/../../Wks_libToCoNet/libToCoNet/lib/libToCoNet_JN5164.a(AppQueueApi_ToCoNet.o)
 .text.psAppQApiGetMlmeBuffer
                0x00081d2f        0xc /cygdrive/c/TWESDK/Wks_ToCoNet/Savacan_Switch/../../Wks_libToCoNet/libToCoNet/lib/libToCoNet_JN5164.a(AppQueueApi_ToCoNet.o)
 .text.psAppQApiReadHwIndT
                0x00081d3b        0xc /cygdrive/c/TWESDK/Wks_ToCoNet/Savacan_Switch/../../Wks_libToCoNet/libToCoNet/lib/libToCoNet_JN5164.a(AppQueueApi_ToCoNet.o)
                0x00081d3b                _psAppQApiReadHwIndT
 .text.psAppQApiReadMcpsIndT
                0x00081d47        0xc /cygdrive/c/TWESDK/Wks_ToCoNet/Savacan_Switch/../../Wks_libToCoNet/libToCoNet/lib/libToCoNet_JN5164.a(AppQueueApi_ToCoNet.o)
                0x00081d47                _psAppQApiReadMcpsIndT
 .text.psAppQApiReadMlmeIndT
                0x00081d53        0xc /cygdrive/c/TWESDK/Wks_ToCoNet/Savacan_Switch/../../Wks_libToCoNet/libToCoNet/lib/libToCoNet_JN5164.a(AppQueueApi_ToCoNet.o)
                0x00081d53                _psAppQApiReadMlmeIndT
 .text.bFifoPush
                0x00081d5f       0x28 /cygdrive/c/TWESDK/Wks_ToCoNet/Savacan_Switch/../../Wks_libToCoNet/libToCoNet/lib/libToCoNet_JN5164.a(AppQueueApi_ToCoNet.o)
 .text.vAppQApiPostMcps
                0x00081d87       0x1e /cygdrive/c/TWESDK/Wks_ToCoNet/Savacan_Switch/../../Wks_libToCoNet/libToCoNet/lib/libToCoNet_JN5164.a(AppQueueApi_ToCoNet.o)
 .text.vAppQApiPostMlme
                0x00081da5       0x22 /cygdrive/c/TWESDK/Wks_ToCoNet/Savacan_Switch/../../Wks_libToCoNet/libToCoNet/lib/libToCoNet_JN5164.a(AppQueueApi_ToCoNet.o)
 .text.vAppQApiReturnHwIndBufferT
                0x00081dc7        0xe /cygdrive/c/TWESDK/Wks_ToCoNet/Savacan_Switch/../../Wks_libToCoNet/libToCoNet/lib/libToCoNet_JN5164.a(AppQueueApi_ToCoNet.o)
                0x00081dc7                _vAppQApiReturnHwIndBufferT
 .text.vAppQApiReturnMcpsIndBufferT
                0x00081dd5        0xe /cygdrive/c/TWESDK/Wks_ToCoNet/Savacan_Switch/../../Wks_libToCoNet/libToCoNet/lib/libToCoNet_JN5164.a(AppQueueApi_ToCoNet.o)
                0x00081dd5                _vAppQApiReturnMcpsIndBufferT
 .text.vAppQApiReturnMlmeIndBufferT
                0x00081de3        0xe /cygdrive/c/TWESDK/Wks_ToCoNet/Savacan_Switch/../../Wks_libToCoNet/libToCoNet/lib/libToCoNet_JN5164.a(AppQueueApi_ToCoNet.o)
                0x00081de3                _vAppQApiReturnMlmeIndBufferT
 .text.u32AppQApiInitT
                0x00081df1      0x18f /cygdrive/c/TWESDK/Wks_ToCoNet/Savacan_Switch/../../Wks_libToCoNet/libToCoNet/lib/libToCoNet_JN5164.a(AppQueueApi_ToCoNet.o)
                0x00081df1                _u32AppQApiInitT
 .text.vAppQApiPostHwIntT
                0x00081f80       0x6e /cygdrive/c/TWESDK/Wks_ToCoNet/Savacan_Switch/../../Wks_libToCoNet/libToCoNet/lib/libToCoNet_JN5164.a(AppQueueApi_ToCoNet.o)
 .text.u32AppQApiInitNetwork
                0x00081fee       0x22 /cygdrive/c/TWESDK/Wks_ToCoNet/Savacan_Switch/../../Wks_libToCoNet/libToCoNet/lib/libToCoNet_JN5164.a(AppQueueApi_ToCoNet.o)
                0x00081fee                _u32AppQApiInitNetwork
 .text._ToCoNet_bRfChChannel
                0x00082010       0xaa /cygdrive/c/TWESDK/Wks_ToCoNet/Savacan_Switch/../../Wks_libToCoNet/libToCoNet/lib/libToCoNetExt_JN5164.a(AppStart.o)
                0x00082010                __ToCoNet_bRfChChannel
 .text.AppWarmStart
                0x000820ba       0x9d /cygdrive/c/TWESDK/Wks_ToCoNet/Savacan_Switch/../../Wks_libToCoNet/libToCoNet/lib/libToCoNetExt_JN5164.a(AppStart.o)
                0x000820ba                _AppWarmStart
 .text._ToCoNet_vMacInit
                0x00082157       0x2c /cygdrive/c/TWESDK/Wks_ToCoNet/Savacan_Switch/../../Wks_libToCoNet/libToCoNet/lib/libToCoNetExt_JN5164.a(AppStart.o)
                0x00082157                __ToCoNet_vMacInit
 .text._ToCoNet_vRfConfig
                0x00082183       0xe3 /cygdrive/c/TWESDK/Wks_ToCoNet/Savacan_Switch/../../Wks_libToCoNet/libToCoNet/lib/libToCoNetExt_JN5164.a(AppStart.o)
                0x00082183                __ToCoNet_vRfConfig
 .text.AppColdStart
                0x00082266      0x4d7 /cygdrive/c/TWESDK/Wks_ToCoNet/Savacan_Switch/../../Wks_libToCoNet/libToCoNet/lib/libToCoNetExt_JN5164.a(AppStart.o)
                0x00082266                _AppColdStart
 .text.ToCoNet_u32GetSerialOnBoot
                0x0008273d       0x37 /cygdrive/c/TWESDK/Wks_ToCoNet/Savacan_Switch/../../Wks_libToCoNet/libToCoNet/lib/libToCoNetExt_JN5164.a(getMacAddr.o)
                0x0008273d                _ToCoNet_u32GetSerialOnBoot
 .text.Mac_bRxQueueReg
                0x00082774       0x34 /cygdrive/c/TWESDK/Wks_ToCoNet/Savacan_Switch/../../Wks_libToCoNet/libToCoNet/lib/libToCoNetExt_JN5164.a(mac.o)
                0x00082774                _Mac_bRxQueueReg
 .text.Mac_vSetHighDataRate
                0x000827a8        0x3 /cygdrive/c/TWESDK/Wks_ToCoNet/Savacan_Switch/../../Wks_libToCoNet/libToCoNet/lib/libToCoNetExt_JN5164.a(mac.o)
                0x000827a8                _Mac_vSetHighDataRate
 .text.Mac_vSetCCA
                0x000827ab       0x32 /cygdrive/c/TWESDK/Wks_ToCoNet/Savacan_Switch/../../Wks_libToCoNet/libToCoNet/lib/libToCoNetExt_JN5164.a(mac.o)
                0x000827ab                _Mac_vSetCCA
 .text.Mac_vSetRetry
                0x000827dd       0x1e /cygdrive/c/TWESDK/Wks_ToCoNet/Savacan_Switch/../../Wks_libToCoNet/libToCoNet/lib/libToCoNetExt_JN5164.a(mac.o)
                0x000827dd                _Mac_vSetRetry
 .text.Mac_vReset
                0x000827fb       0x20 /cygdrive/c/TWESDK/Wks_ToCoNet/Savacan_Switch/../../Wks_libToCoNet/libToCoNet/lib/libToCoNetExt_JN5164.a(mac.o)
                0x000827fb                _Mac_vReset
 .text.bDecodeAES
                0x0008281b       0xc6 /cygdrive/c/TWESDK/Wks_ToCoNet/Savacan_Switch/../../Wks_libToCoNet/libToCoNet/lib/libToCoNetExt_JN5164.a(mac.o)
                0x0008281b                _bDecodeAES
 .text.bEncodeAES
                0x000828e1       0xbb /cygdrive/c/TWESDK/Wks_ToCoNet/Savacan_Switch/../../Wks_libToCoNet/libToCoNet/lib/libToCoNetExt_JN5164.a(mac.o)
                0x000828e1                _bEncodeAES
 .text.Mac_vHandleMcpsDataInd
                0x0008299c      0x2a0 /cygdrive/c/TWESDK/Wks_ToCoNet/Savacan_Switch/../../Wks_libToCoNet/libToCoNet/lib/libToCoNetExt_JN5164.a(mac.o)
                0x0008299c                _Mac_vHandleMcpsDataInd
 .text.Mac_vInit
                0x00082c3c       0x41 /cygdrive/c/TWESDK/Wks_ToCoNet/Savacan_Switch/../../Wks_libToCoNet/libToCoNet/lib/libToCoNetExt_JN5164.a(mac.o)
                0x00082c3c                _Mac_vInit
 .text.Mac_bTransmit
                0x00082c7d      0x1ee /cygdrive/c/TWESDK/Wks_ToCoNet/Savacan_Switch/../../Wks_libToCoNet/libToCoNet/lib/libToCoNetExt_JN5164.a(mac.o)
                0x00082c7d                _Mac_bTransmit
 .text.bAES_CCM_Encode
                0x00082e6b       0x1e /cygdrive/c/TWESDK/Wks_ToCoNet/Savacan_Switch/../../Wks_libToCoNet/libToCoNet/lib/libToCoNetExt_JN5164.a(AES_CCM.o)
                0x00082e6b                _bAES_CCM_Encode
 .text.bAES_CCM_Decode
                0x00082e89       0x1e /cygdrive/c/TWESDK/Wks_ToCoNet/Savacan_Switch/../../Wks_libToCoNet/libToCoNet/lib/libToCoNetExt_JN5164.a(AES_CCM.o)
                0x00082e89                _bAES_CCM_Decode
 .text.bAES_CCM_KeyReg
                0x00082ea7       0x4a /cygdrive/c/TWESDK/Wks_ToCoNet/Savacan_Switch/../../Wks_libToCoNet/libToCoNet/lib/libToCoNetExt_JN5164.a(AES_CCM.o)
                0x00082ea7                _bAES_CCM_KeyReg
 .text.bAES_CCM_DecodeKey
                0x00082ef1       0x6b /cygdrive/c/TWESDK/Wks_ToCoNet/Savacan_Switch/../../Wks_libToCoNet/libToCoNet/lib/libToCoNetExt_JN5164.a(AES_CCM.o)
                0x00082ef1                _bAES_CCM_DecodeKey
 .text.bAES_CCM_EncodeKey
                0x00082f5c       0x5c /cygdrive/c/TWESDK/Wks_ToCoNet/Savacan_Switch/../../Wks_libToCoNet/libToCoNet/lib/libToCoNetExt_JN5164.a(AES_CCM.o)
                0x00082f5c                _bAES_CCM_EncodeKey
 .text.vInstallNoAckHandler
                0x00082fb8       0x2a /cygdrive/c/TWESDK/Wks_ToCoNet/Savacan_Switch/../../Wks_libToCoNet/libToCoNet/lib/libToCoNetExt_JN5164.a(no_ack_handler.o)
                0x00082fb8                _vInstallNoAckHandler
 .text.vHandlerPatch
                0x00082fe2       0x38 /cygdrive/c/TWESDK/Wks_ToCoNet/Savacan_Switch/../../Wks_libToCoNet/libToCoNet/lib/libToCoNetExt_JN5164.a(no_ack_handler.o)
 .text.bAHI_ReadIndexSectorPage
                0x0008301a       0x4a /cygdrive/c/TWESDK/Wks_ToCoNet/Savacan_Switch/../../Wks_libToCoNet/libToCoNet/lib/libToCoNetExt_JN5164.a(AHI_FlashIndexSector.o)
                0x0008301a                _bAHI_ReadIndexSectorPage
 .text.bAHI_ReadUserData
                0x00083064       0x2a /cygdrive/c/TWESDK/Wks_ToCoNet/Savacan_Switch/../../Wks_libToCoNet/libToCoNet/lib/libToCoNetExt_JN5164.a(AHI_FlashIndexSector.o)
                0x00083064                _bAHI_ReadUserData
 .text.bAHI_ReadIndexSectorBit
                0x0008308e       0x39 /cygdrive/c/TWESDK/Wks_ToCoNet/Savacan_Switch/../../Wks_libToCoNet/libToCoNet/lib/libToCoNetExt_JN5164.a(AHI_FlashIndexSector.o)
                0x0008308e                _bAHI_ReadIndexSectorBit
 .text.u32AHI_ReadIndexSectorBits
                0x000830c7       0x37 /cygdrive/c/TWESDK/Wks_ToCoNet/Savacan_Switch/../../Wks_libToCoNet/libToCoNet/lib/libToCoNetExt_JN5164.a(AHI_FlashIndexSector.o)
                0x000830c7                _u32AHI_ReadIndexSectorBits
 .text.bAHI_ReadCustomerSettings
                0x000830fe       0x9b /cygdrive/c/TWESDK/Wks_ToCoNet/Savacan_Switch/../../Wks_libToCoNet/libToCoNet/lib/libToCoNetExt_JN5164.a(AHI_FlashIndexSector.o)
                0x000830fe                _bAHI_ReadCustomerSettings
 .text.bAHI_ReadMACID
                0x00083199       0x46 /cygdrive/c/TWESDK/Wks_ToCoNet/Savacan_Switch/../../Wks_libToCoNet/libToCoNet/lib/libToCoNetExt_JN5164.a(AHI_FlashIndexSector.o)
                0x00083199                _bAHI_ReadMACID
 .text.SERIAL_vTxReady
                0x000831df       0x36 /cygdrive/c/TWESDK/Wks_ToCoNet/Savacan_Switch/../../Wks_libToCoNet/libToCoNet/lib/libToCoNetUtils_JN5164.a(serial.o)
                0x000831df                _SERIAL_vTxReady
 .text.SERIAL_bTxChar
                0x00083215       0x73 /cygdrive/c/TWESDK/Wks_ToCoNet/Savacan_Switch/../../Wks_libToCoNet/libToCoNet/lib/libToCoNetUtils_JN5164.a(serial.o)
                0x00083215                _SERIAL_bTxChar
 .text.SERIAL_vInitEx
                0x00083288       0x90 /cygdrive/c/TWESDK/Wks_ToCoNet/Savacan_Switch/../../Wks_libToCoNet/libToCoNet/lib/libToCoNetUtils_JN5164.a(serial.o)
                0x00083288                _SERIAL_vInitEx
 .text.SERIAL_vInit
                0x00083318        0x8 /cygdrive/c/TWESDK/Wks_ToCoNet/Savacan_Switch/../../Wks_libToCoNet/libToCoNet/lib/libToCoNetUtils_JN5164.a(serial.o)
                0x00083318                _SERIAL_vInit
 .text.vRxChar  0x00083320       0x3e /cygdrive/c/TWESDK/Wks_ToCoNet/Savacan_Switch/../../Wks_libToCoNet/libToCoNet/lib/libToCoNetUtils_JN5164.a(serial.o)
 .text.UART_vSetTxInterrupt
                0x0008335e       0x1a /cygdrive/c/TWESDK/Wks_ToCoNet/Savacan_Switch/../../Wks_libToCoNet/libToCoNet/lib/libToCoNetUtils_JN5164.a(uart.o)
                0x0008335e                _UART_vSetTxInterrupt
 .text.UART_bTxReady
                0x00083378        0xf /cygdrive/c/TWESDK/Wks_ToCoNet/Savacan_Switch/../../Wks_libToCoNet/libToCoNet/lib/libToCoNetUtils_JN5164.a(uart.o)
                0x00083378                _UART_bTxReady
 .text.UART_vTxChar
                0x00083387        0x6 /cygdrive/c/TWESDK/Wks_ToCoNet/Savacan_Switch/../../Wks_libToCoNet/libToCoNet/lib/libToCoNetUtils_JN5164.a(uart.o)
                0x00083387                _UART_vTxChar
 .text.UART_vRtsStopFlow
                0x0008338d       0x22 /cygdrive/c/TWESDK/Wks_ToCoNet/Savacan_Switch/../../Wks_libToCoNet/libToCoNet/lib/libToCoNetUtils_JN5164.a(uart.o)
                0x0008338d                _UART_vRtsStopFlow
 .text.UART_vInit
                0x000833af      0x1c3 /cygdrive/c/TWESDK/Wks_ToCoNet/Savacan_Switch/../../Wks_libToCoNet/libToCoNet/lib/libToCoNetUtils_JN5164.a(uart.o)
                0x000833af                _UART_vInit
 .text.UART_vHandleUartInterrupt
                0x00083572       0x8e /cygdrive/c/TWESDK/Wks_ToCoNet/Savacan_Switch/../../Wks_libToCoNet/libToCoNet/lib/libToCoNetUtils_JN5164.a(uart.o)
 .text.QUEUE__vInit
                0x00083600       0x12 /cygdrive/c/TWESDK/Wks_ToCoNet/Savacan_Switch/../../Wks_libToCoNet/libToCoNet/lib/libToCoNetUtils_JN5164.a(ByteQueue.o)
                0x00083600                _QUEUE__vInit
 .text.QUEUE__bEmpty
                0x00083612        0xe /cygdrive/c/TWESDK/Wks_ToCoNet/Savacan_Switch/../../Wks_libToCoNet/libToCoNet/lib/libToCoNetUtils_JN5164.a(ByteQueue.o)
                0x00083612                _QUEUE__bEmpty
 .text.QUEUE__bFull
                0x00083620       0x11 /cygdrive/c/TWESDK/Wks_ToCoNet/Savacan_Switch/../../Wks_libToCoNet/libToCoNet/lib/libToCoNetUtils_JN5164.a(ByteQueue.o)
                0x00083620                _QUEUE__bFull
 .text.QUEUE__u16Count
                0x00083631        0x6 /cygdrive/c/TWESDK/Wks_ToCoNet/Savacan_Switch/../../Wks_libToCoNet/libToCoNet/lib/libToCoNetUtils_JN5164.a(ByteQueue.o)
                0x00083631                _QUEUE__u16Count
 .text.QUEUE__vFlush
                0x00083637       0x26 /cygdrive/c/TWESDK/Wks_ToCoNet/Savacan_Switch/../../Wks_libToCoNet/libToCoNet/lib/libToCoNetUtils_JN5164.a(ByteQueue.o)
                0x00083637                _QUEUE__vFlush
 .text.QUEUE__u8RemoveItem
                0x0008365d       0x66 /cygdrive/c/TWESDK/Wks_ToCoNet/Savacan_Switch/../../Wks_libToCoNet/libToCoNet/lib/libToCoNetUtils_JN5164.a(ByteQueue.o)
                0x0008365d                _QUEUE__u8RemoveItem
 .text.QUEUE__vAddItem
                0x000836c3       0x66 /cygdrive/c/TWESDK/Wks_ToCoNet/Savacan_Switch/../../Wks_libToCoNet/libToCoNet/lib/libToCoNetUtils_JN5164.a(ByteQueue.o)
                0x000836c3                _QUEUE__vAddItem
 .text.u8CCITT8
                0x00083729       0x23 /cygdrive/c/TWESDK/Wks_ToCoNet/Savacan_Switch/../../Wks_libToCoNet/libToCoNet/lib/libToCoNetUtils_JN5164.a(ccitt8.o)
                0x00083729                _u8CCITT8
 .text.vPrintString
                0x0008374c       0x7d /cygdrive/c/TWESDK/Wks_ToCoNet/Savacan_Switch/../../Wks_libToCoNet/libToCoNet/lib/libToCoNetUtils_JN5164.a(fprintf.o)
 .text.vPrintInteger
                0x000837c9       0xac /cygdrive/c/TWESDK/Wks_ToCoNet/Savacan_Switch/../../Wks_libToCoNet/libToCoNet/lib/libToCoNetUtils_JN5164.a(fprintf.o)
 .text.vfPrintf
                0x00083875      0x1d4 /cygdrive/c/TWESDK/Wks_ToCoNet/Savacan_Switch/../../Wks_libToCoNet/libToCoNet/lib/libToCoNetUtils_JN5164.a(fprintf.o)
                0x00083875                _vfPrintf
 .text.SPRINTF_bPutChar
                0x00083a49       0x3b /cygdrive/c/TWESDK/Wks_ToCoNet/Savacan_Switch/../../Wks_libToCoNet/libToCoNet/lib/libToCoNetUtils_JN5164.a(sprintf.o)
 .text.SPRINTF_vInit128
                0x00083a84       0x30 /cygdrive/c/TWESDK/Wks_ToCoNet/Savacan_Switch/../../Wks_libToCoNet/libToCoNet/lib/libToCoNetUtils_JN5164.a(sprintf.o)
                0x00083a84                _SPRINTF_vInit128
 .text.SPRINTF_vRewind
                0x00083ab4        0x9 /cygdrive/c/TWESDK/Wks_ToCoNet/Savacan_Switch/../../Wks_libToCoNet/libToCoNet/lib/libToCoNetUtils_JN5164.a(sprintf.o)
                0x00083ab4                _SPRINTF_vRewind
 .text.SPRINTF_pu8GetBuff
                0x00083abd        0x9 /cygdrive/c/TWESDK/Wks_ToCoNet/Savacan_Switch/../../Wks_libToCoNet/libToCoNet/lib/libToCoNetUtils_JN5164.a(sprintf.o)
                0x00083abd                _SPRINTF_pu8GetBuff
 .text.SPRINTF_u16Length
                0x00083ac6        0x9 /cygdrive/c/TWESDK/Wks_ToCoNet/Savacan_Switch/../../Wks_libToCoNet/libToCoNet/lib/libToCoNetUtils_JN5164.a(sprintf.o)
                0x00083ac6                _SPRINTF_u16Length
 .text.vTimerStart
                0x00083acf       0xa7 /cygdrive/c/TWESDK/Wks_ToCoNet/Savacan_Switch/../../Wks_libToCoNet/libToCoNet/lib/libToCoNetUtils_JN5164.a(utils.o)
                0x00083acf                _vTimerStart
 *fill*         0x00083b76        0x2 00
 .text.vTimerConfig
                0x00083b78      0x190 /cygdrive/c/TWESDK/Wks_ToCoNet/Savacan_Switch/../../Wks_libToCoNet/libToCoNet/lib/libToCoNetUtils_JN5164.a(utils.o)
                0x00083b78                _vTimerConfig
 .text.pvAppApiDefGetMacHandle
                0x00083d08        0x9 /cygdrive/c/TWESDK/516x/Components/Library/libAppApi_JN516x.a(AppApi.o)
                0x00083d08                _pvAppApiDefGetMacHandle
 .text.vAppApiDefSetPrbsSeed
                0x00083d11       0x24 /cygdrive/c/TWESDK/516x/Components/Library/libAppApi_JN516x.a(AppApi.o)
                0x00083d11                _vAppApiDefSetPrbsSeed
 .text.pvAppApiDefGetMacAddrLocation
                0x00083d35        0x9 /cygdrive/c/TWESDK/516x/Components/Library/libAppApi_JN516x.a(AppApi.o)
                0x00083d35                _pvAppApiDefGetMacAddrLocation
 .text.vAppApiDefSetInterrupts
                0x00083d3e       0x3d /cygdrive/c/TWESDK/516x/Components/Library/libAppApi_JN516x.a(AppApi.o)
                0x00083d3e                _vAppApiDefSetInterrupts
 .text.vAppApiDefPowerUp
                0x00083d7b       0x26 /cygdrive/c/TWESDK/516x/Components/Library/libAppApi_JN516x.a(AppApi.o)
                0x00083d7b                _vAppApiDefPowerUp
 .text.vAppApiDefStartStack
                0x00083da1       0x51 /cygdrive/c/TWESDK/516x/Components/Library/libAppApi_JN516x.a(AppApi.o)
                0x00083da1                _vAppApiDefStartStack
 .text.u32AppApiDefInit
                0x00083df2       0x5a /cygdrive/c/TWESDK/516x/Components/Library/libAppApi_JN516x.a(AppApi.o)
                0x00083df2                _u32AppApiDefInit
 .text.eAppApiDefPlmeGet
                0x00083e4c       0x33 /cygdrive/c/TWESDK/516x/Components/Library/libAppApi_JN516x.a(AppApi.o)
                0x00083e4c                _eAppApiDefPlmeGet
 .text.vAppApiDefMcpsRequest
                0x00083e7f       0x32 /cygdrive/c/TWESDK/516x/Components/Library/libAppApi_JN516x.a(AppApi.o)
                0x00083e7f                _vAppApiDefMcpsRequest
 .text.vAppApiDefMlmeRequest
                0x00083eb1       0x32 /cygdrive/c/TWESDK/516x/Components/Library/libAppApi_JN516x.a(AppApi.o)
                0x00083eb1                _vAppApiDefMlmeRequest
 .text.eAppApiDefPlmeSet
                0x00083ee3       0x33 /cygdrive/c/TWESDK/516x/Components/Library/libAppApi_JN516x.a(AppApi.o)
                0x00083ee3                _eAppApiDefPlmeSet
 .text.vAppApiDefSaveMacSettings
                0x00083f16       0x5d /cygdrive/c/TWESDK/516x/Components/Library/libAppApi_JN516x.a(AppApiSleep.o)
                0x00083f16                _vAppApiDefSaveMacSettings
 .text.vMAC_RestoreSettings
                0x00083f73       0xc8 /cygdrive/c/TWESDK/516x/Components/Library/libAppApi_JN516x.a(AppApiSleep.o)
                0x00083f73                _vMAC_RestoreSettings
 .text.vAppApiDefRestoreMacSettings
                0x0008403b       0x25 /cygdrive/c/TWESDK/516x/Components/Library/libAppApi_JN516x.a(AppApiSleep.o)
                0x0008403b                _vAppApiDefRestoreMacSettings
 .text.vSetTimer0
                0x00084060        0xf /cygdrive/c/TWESDK/516x/Components/Library/libMac_JN516x.a(mac_main.o)
                0x00084060                _vSetTimer0
 .text.u32GetTimer0
                0x0008406f        0x7 /cygdrive/c/TWESDK/516x/Components/Library/libMac_JN516x.a(mac_main.o)
                0x0008406f                _u32GetTimer0
 .text.MAC_vXcvPhyEvtHandler
                0x00084076       0x10 /cygdrive/c/TWESDK/516x/Components/Library/libMac_JN516x.a(mac_main.o)
                0x00084076                _MAC_vXcvPhyEvtHandler
 .text.MAC_vXcvBbcEvtHandler
                0x00084086       0x20 /cygdrive/c/TWESDK/516x/Components/Library/libMac_JN516x.a(mac_main.o)
                0x00084086                _MAC_vXcvBbcEvtHandler
 .text.mac_vInitTimer0
                0x000840a6       0x20 /cygdrive/c/TWESDK/516x/Components/Library/libMac_JN516x.a(mac_main.o)
                0x000840a6                _mac_vInitTimer0
 .text.MAC_pvCtor
                0x000840c6       0x82 /cygdrive/c/TWESDK/516x/Components/Library/libMac_JN516x.a(mac_main.o)
                0x000840c6                _MAC_pvCtor
 .text.MAC_vHandleMcpsReqRsp
                0x00084148       0x2d /cygdrive/c/TWESDK/516x/Components/Library/libMac_JN516x.a(mac_mcps.o)
                0x00084148                _MAC_vHandleMcpsReqRsp
 .text.vHandleTofRequest
                0x00084175       0x12 /cygdrive/c/TWESDK/516x/Components/Library/libMac_JN516x.a(mac_mlme.o)
 *fill*         0x00084187        0x1 00
 .text.MAC_vHandleMlmeReqRsp
                0x00084188       0xb4 /cygdrive/c/TWESDK/516x/Components/Library/libMac_JN516x.a(mac_mlme.o)
                0x00084188                _MAC_vHandleMlmeReqRsp
 .text.MAC_psPibGetHandle
                0x0008423c        0x7 /cygdrive/c/TWESDK/516x/Components/Library/libMac_JN516x.a(mac_pib.o)
                0x0008423c                _MAC_psPibGetHandle
 .text.MAC_vPibSetShortAddr
                0x00084243        0xe /cygdrive/c/TWESDK/516x/Components/Library/libMac_JN516x.a(mac_pib.o)
                0x00084243                _MAC_vPibSetShortAddr
 .text.MAC_vPibSetPanId
                0x00084251       0x1b /cygdrive/c/TWESDK/516x/Components/Library/libMac_JN516x.a(mac_pib.o)
                0x00084251                _MAC_vPibSetPanId
 .text.MAC_vPibSetMinBe
                0x0008426c       0x1e /cygdrive/c/TWESDK/516x/Components/Library/libMac_JN516x.a(mac_pib.o)
                0x0008426c                _MAC_vPibSetMinBe
 .text.MAC_vPibSetMaxCsmaBackoffs
                0x0008428a       0x21 /cygdrive/c/TWESDK/516x/Components/Library/libMac_JN516x.a(mac_pib.o)
                0x0008428a                _MAC_vPibSetMaxCsmaBackoffs
 .text.MAC_vSetExtAddr
                0x000842ab       0x1f /cygdrive/c/TWESDK/516x/Components/Library/libMac_JN516x.a(mac_pib.o)
                0x000842ab                _MAC_vSetExtAddr
 .text.MAC_vPibSetRxOnWhenIdle
                0x000842ca       0x13 /cygdrive/c/TWESDK/516x/Components/Library/libMac_JN516x.a(mac_pib.o)
                0x000842ca                _MAC_vPibSetRxOnWhenIdle
 .text.MAC_vPibSetPromiscuousMode
                0x000842dd       0x40 /cygdrive/c/TWESDK/516x/Components/Library/libMac_JN516x.a(mac_pib.o)
                0x000842dd                _MAC_vPibSetPromiscuousMode
 .text.mac_vPibCmpCoordExtAddr
                0x0008431d       0x29 /cygdrive/c/TWESDK/516x/Components/Library/libMac_JN516x.a(mac_pib_mlme.o)
                0x0008431d                _mac_vPibCmpCoordExtAddr
 .text.mac_vPibReset
                0x00084346       0x87 /cygdrive/c/TWESDK/516x/Components/Library/libMac_JN516x.a(mac_pib_mlme.o)
                0x00084346                _mac_vPibReset
 .text.mac_vPibSetDefaults
                0x000843cd      0x12e /cygdrive/c/TWESDK/516x/Components/Library/libMac_JN516x.a(mac_pib_mlme.o)
                0x000843cd                _mac_vPibSetDefaults
 .text.vPMICreset
                0x000844fb        0xd /cygdrive/c/TWESDK/516x/Components/Library/libMac_JN516x.a(mac_pmic.o)
                0x000844fb                _vPMICreset
 .text.vPMICpostFailedAssocDcfm
                0x00084508       0x3d /cygdrive/c/TWESDK/516x/Components/Library/libMac_JN516x.a(mac_pmic.o)
                0x00084508                _vPMICpostFailedAssocDcfm
 .text.vPMICassocReqTO_2
                0x00084545       0x1d /cygdrive/c/TWESDK/516x/Components/Library/libMac_JN516x.a(mac_pmic.o)
 .text.vPMICassocReqFrameReceived
                0x00084562       0x79 /cygdrive/c/TWESDK/516x/Components/Library/libMac_JN516x.a(mac_pmic.o)
                0x00084562                _vPMICassocReqFrameReceived
 .text.vPMICdisassocReceived
                0x000845db       0x93 /cygdrive/c/TWESDK/516x/Components/Library/libMac_JN516x.a(mac_pmic.o)
                0x000845db                _vPMICdisassocReceived
 .text.vPMICassocRespFrameReceived
                0x0008466e       0x93 /cygdrive/c/TWESDK/516x/Components/Library/libMac_JN516x.a(mac_pmic.o)
                0x0008466e                _vPMICassocRespFrameReceived
 .text.vPMICassocReqTO_1
                0x00084701       0x8c /cygdrive/c/TWESDK/516x/Components/Library/libMac_JN516x.a(mac_pmic.o)
 .text.vPMICdisassociateRequest
                0x0008478d       0xf4 /cygdrive/c/TWESDK/516x/Components/Library/libMac_JN516x.a(mac_pmic.o)
                0x0008478d                _vPMICdisassociateRequest
 .text.bPMICdisassocReqSent
                0x00084881       0x83 /cygdrive/c/TWESDK/516x/Components/Library/libMac_JN516x.a(mac_pmic.o)
 .text.vPMICassociateResponse
                0x00084904       0xd9 /cygdrive/c/TWESDK/516x/Components/Library/libMac_JN516x.a(mac_pmic.o)
                0x00084904                _vPMICassociateResponse
 .text.bAssocRespSent
                0x000849dd       0x1d /cygdrive/c/TWESDK/516x/Components/Library/libMac_JN516x.a(mac_pmic.o)
 .text.vPMICassociateRequest
                0x000849fa       0xe6 /cygdrive/c/TWESDK/516x/Components/Library/libMac_JN516x.a(mac_pmic.o)
                0x000849fa                _vPMICassociateRequest
 .text.bPMICassocReqPollSent
                0x00084ae0       0x5b /cygdrive/c/TWESDK/516x/Components/Library/libMac_JN516x.a(mac_pmic.o)
 .text.bPMICassocReqSent
                0x00084b3b       0x8d /cygdrive/c/TWESDK/516x/Components/Library/libMac_JN516x.a(mac_pmic.o)
 .text.MAC_vRegisterMlmeDcfmIndCallbacks
                0x00084bc8        0xc /cygdrive/c/TWESDK/516x/Components/Library/libMac_JN516x.a(mac_ind.o)
                0x00084bc8                _MAC_vRegisterMlmeDcfmIndCallbacks
 .text.MAC_vRegisterMcpsDcfmIndCallbacks
                0x00084bd4        0xc /cygdrive/c/TWESDK/516x/Components/Library/libMac_JN516x.a(mac_ind.o)
                0x00084bd4                _MAC_vRegisterMcpsDcfmIndCallbacks
 .text.mac_psDcfmIndGetBuf
                0x00084be0       0x23 /cygdrive/c/TWESDK/516x/Components/Library/libMac_JN516x.a(mac_ind.o)
                0x00084be0                _mac_psDcfmIndGetBuf
 .text.mac_eDcfmIndPost
                0x00084c03       0x21 /cygdrive/c/TWESDK/516x/Components/Library/libMac_JN516x.a(mac_ind.o)
                0x00084c03                _mac_eDcfmIndPost
 .text.eScanHandleEvt
                0x00084c24       0x2e /cygdrive/c/TWESDK/516x/Components/Library/libMac_JN516x.a(mac_scan.o)
                0x00084c24                _eScanHandleEvt
 .text.vScanHandleTimer
                0x00084c52        0x8 /cygdrive/c/TWESDK/516x/Components/Library/libMac_JN516x.a(mac_scan.o)
 .text.eGenlIllegal
                0x00084c5a        0x7 /cygdrive/c/TWESDK/516x/Components/Library/libMac_JN516x.a(mac_scan.o)
 .text.eGenlDontCare
                0x00084c61        0x5 /cygdrive/c/TWESDK/516x/Components/Library/libMac_JN516x.a(mac_scan.o)
 .text.eWEnDEdDone
                0x00084c66       0x64 /cygdrive/c/TWESDK/516x/Components/Library/libMac_JN516x.a(mac_scan.o)
 .text.eWEnDTmrExpiry
                0x00084cca        0xb /cygdrive/c/TWESDK/516x/Components/Library/libMac_JN516x.a(mac_scan.o)
 .text.mac_eScanHandleXcvBbcEvt
                0x00084cd5        0xf /cygdrive/c/TWESDK/516x/Components/Library/libMac_JN516x.a(mac_scan.o)
                0x00084cd5                _mac_eScanHandleXcvBbcEvt
 .text.mac_eScanHandleXcvPhyEvt
                0x00084ce4       0x12 /cygdrive/c/TWESDK/516x/Components/Library/libMac_JN516x.a(mac_scan.o)
                0x00084ce4                _mac_eScanHandleXcvPhyEvt
 .text.vSetNextChannel
                0x00084cf6       0x4a /cygdrive/c/TWESDK/516x/Components/Library/libMac_JN516x.a(mac_scan.o)
 .text.mac_vScanHandleMlmeReq
                0x00084d40       0x98 /cygdrive/c/TWESDK/516x/Components/Library/libMac_JN516x.a(mac_scan.o)
                0x00084d40                _mac_vScanHandleMlmeReq
 .text.mac_eScanInit
                0x00084dd8       0x19 /cygdrive/c/TWESDK/516x/Components/Library/libMac_JN516x.a(mac_scan.o)
                0x00084dd8                _mac_eScanInit
 .text.vPostDcfm
                0x00084df1       0xe9 /cygdrive/c/TWESDK/516x/Components/Library/libMac_JN516x.a(mac_scan.o)
 .text.eWCoRRxDone
                0x00084eda       0xb7 /cygdrive/c/TWESDK/516x/Components/Library/libMac_JN516x.a(mac_scan.o)
 .text.eGenTmrExpiry
                0x00084f91       0x4b /cygdrive/c/TWESDK/516x/Components/Library/libMac_JN516x.a(mac_scan.o)
 .text.eWEDTEdDone
                0x00084fdc       0x1a /cygdrive/c/TWESDK/516x/Components/Library/libMac_JN516x.a(mac_scan.o)
 .text.eGenRxHdrDone
                0x00084ff6       0x13 /cygdrive/c/TWESDK/516x/Components/Library/libMac_JN516x.a(mac_scan.o)
 .text.eWONTTxDone
                0x00085009       0x35 /cygdrive/c/TWESDK/516x/Components/Library/libMac_JN516x.a(mac_scan.o)
 .text.eWBRTTxDone
                0x0008503e       0x21 /cygdrive/c/TWESDK/516x/Components/Library/libMac_JN516x.a(mac_scan.o)
 .text.eWBcnRxDone
                0x0008505f      0x19e /cygdrive/c/TWESDK/516x/Components/Library/libMac_JN516x.a(mac_scan.o)
 .text.bSendMacCmd
                0x000851fd       0x40 /cygdrive/c/TWESDK/516x/Components/Library/libMac_JN516x.a(mac_scan.o)
 .text.eWChCChanChgd
                0x0008523d      0x170 /cygdrive/c/TWESDK/516x/Components/Library/libMac_JN516x.a(mac_scan.o)
 .text.mac_vLPBAdjustBeaconOffset
                0x000853ad       0x5d /cygdrive/c/TWESDK/516x/Components/Library/libMac_JN516x.a(mac_lp.o)
                0x000853ad                _mac_vLPBAdjustBeaconOffset
 .text.mac_u32LPBGetBeaconTimeout
                0x0008540a        0x9 /cygdrive/c/TWESDK/516x/Components/Library/libMac_JN516x.a(mac_lp.o)
                0x0008540a                _mac_u32LPBGetBeaconTimeout
 .text.MAC_u32ConvertFrom16uS
                0x00085413       0x41 /cygdrive/c/TWESDK/516x/Components/Library/libMac_JN516x.a(mac_lp.o)
                0x00085413                _MAC_u32ConvertFrom16uS
 .text.mac_vLPBSleep
                0x00085454       0x55 /cygdrive/c/TWESDK/516x/Components/Library/libMac_JN516x.a(mac_lp.o)
                0x00085454                _mac_vLPBSleep
 .text.mac_vLPBStopTimer
                0x000854a9        0xe /cygdrive/c/TWESDK/516x/Components/Library/libMac_JN516x.a(mac_lp.o)
                0x000854a9                _mac_vLPBStopTimer
 .text.mac_vLPBStartTimer
                0x000854b7       0x88 /cygdrive/c/TWESDK/516x/Components/Library/libMac_JN516x.a(mac_lp.o)
                0x000854b7                _mac_vLPBStartTimer
 .text.vMCPSframeReceived
                0x0008553f       0x5a /cygdrive/c/TWESDK/516x/Components/Library/libMac_JN516x.a(MCPS.o)
                0x0008553f                _vMCPSframeReceived
 .text.bSearchQueue
                0x00085599       0x36 /cygdrive/c/TWESDK/516x/Components/Library/libMac_JN516x.a(MCPS.o)
 .text.vTAM_MCPSpurgeRequest
                0x000855cf       0x64 /cygdrive/c/TWESDK/516x/Components/Library/libMac_JN516x.a(MCPS.o)
                0x000855cf                _vTAM_MCPSpurgeRequest
 .text.bMCPSframeTXcomplete
                0x00085633       0x5a /cygdrive/c/TWESDK/516x/Components/Library/libMac_JN516x.a(MCPS.o)
 .text.vTAM_MCPSdataRequest
                0x0008568d       0x46 /cygdrive/c/TWESDK/516x/Components/Library/libMac_JN516x.a(MCPS.o)
                0x0008568d                _vTAM_MCPSdataRequest
 .text.phy_ePibGet
                0x000856d3       0x34 /cygdrive/c/TWESDK/516x/Components/Library/libMac_JN516x.a(phy_pib.o)
                0x000856d3                _phy_ePibGet
 .text.u8GetPapValue
                0x00085707       0x21 /cygdrive/c/TWESDK/516x/Components/Library/libMac_JN516x.a(phy_pib.o)
 .text.vPhySetChannel
                0x00085728       0x77 /cygdrive/c/TWESDK/516x/Components/Library/libMac_JN516x.a(phy_pib.o)
                0x00085728                _vPhySetChannel
 .text.phy_ePibSet
                0x0008579f       0x90 /cygdrive/c/TWESDK/516x/Components/Library/libMac_JN516x.a(phy_pib.o)
                0x0008579f                _phy_ePibSet
 .text.phy_vPibSetDefaults
                0x0008582f       0x2c /cygdrive/c/TWESDK/516x/Components/Library/libMac_JN516x.a(phy_pib.o)
                0x0008582f                _phy_vPibSetDefaults
 .text.bTAMinPAN
                0x0008585b       0x19 /cygdrive/c/TWESDK/516x/Components/Library/libMac_JN516x.a(TAM.o)
                0x0008585b                _bTAMinPAN
 .text.eTAMevent
                0x00085874       0x1a /cygdrive/c/TWESDK/516x/Components/Library/libMac_JN516x.a(TAM.o)
                0x00085874                _eTAMevent
 *fill*         0x0008588e        0x2 00
 .text.eTAMselect
                0x00085890      0x154 /cygdrive/c/TWESDK/516x/Components/Library/libMac_JN516x.a(TAM.o)
                0x00085890                _eTAMselect
 .text.vTAM_MLMEsyncRequest
                0x000859e4       0x17 /cygdrive/c/TWESDK/516x/Components/Library/libMac_JN516x.a(TAM.o)
                0x000859e4                _vTAM_MLMEsyncRequest
 .text.vTAM_MLMEstartRequest
                0x000859fb       0x87 /cygdrive/c/TWESDK/516x/Components/Library/libMac_JN516x.a(TAM.o)
                0x000859fb                _vTAM_MLMEstartRequest
 .text.vTAMreset
                0x00085a82      0x1f6 /cygdrive/c/TWESDK/516x/Components/Library/libMac_JN516x.a(TAM.o)
                0x00085a82                _vTAMreset
 .text.vTAMCOsetCoordinator
                0x00085c78       0x29 /cygdrive/c/TWESDK/516x/Components/Library/libMac_JN516x.a(TAMCO.o)
                0x00085c78                _vTAMCOsetCoordinator
 .text.vTAMCOupdatePendingList
                0x00085ca1       0xbb /cygdrive/c/TWESDK/516x/Components/Library/libMac_JN516x.a(TAMCO.o)
                0x00085ca1                _vTAMCOupdatePendingList
 .text.vTAMCOreqTXinCAP
                0x00085d5c       0x2f /cygdrive/c/TWESDK/516x/Components/Library/libMac_JN516x.a(TAMCO.o)
                0x00085d5c                _vTAMCOreqTXinCAP
 .text.vTrySendFromDirectNoBeacon
                0x00085d8b       0x38 /cygdrive/c/TWESDK/516x/Components/Library/libMac_JN516x.a(TAMCO.o)
 .text.vTAMCOreqTXnoBeacon
                0x00085dc3       0x18 /cygdrive/c/TWESDK/516x/Components/Library/libMac_JN516x.a(TAMCO.o)
                0x00085dc3                _vTAMCOreqTXnoBeacon
 .text.vTAMCOframeRXnobeacon
                0x00085ddb       0x18 /cygdrive/c/TWESDK/516x/Components/Library/libMac_JN516x.a(TAMCO.o)
                0x00085ddb                _vTAMCOframeRXnobeacon
 .text.vTAMCOframeTXnobeacon
                0x00085df3       0x1e /cygdrive/c/TWESDK/516x/Components/Library/libMac_JN516x.a(TAMCO.o)
                0x00085df3                _vTAMCOframeTXnobeacon
 .text.vTrySendFromDirectCAP
                0x00085e11       0x25 /cygdrive/c/TWESDK/516x/Components/Library/libMac_JN516x.a(TAMCO.o)
 .text.vTAMCOframeRXcap
                0x00085e36       0x18 /cygdrive/c/TWESDK/516x/Components/Library/libMac_JN516x.a(TAMCO.o)
                0x00085e36                _vTAMCOframeRXcap
 .text.vTAMCOframeRXgoingIdle
                0x00085e4e       0x1c /cygdrive/c/TWESDK/516x/Components/Library/libMac_JN516x.a(TAMCO.o)
                0x00085e4e                _vTAMCOframeRXgoingIdle
 .text.vTAMCOframeTXcap
                0x00085e6a       0x30 /cygdrive/c/TWESDK/516x/Components/Library/libMac_JN516x.a(TAMCO.o)
                0x00085e6a                _vTAMCOframeTXcap
 .text.vTAMCOframeTXgoingIdle
                0x00085e9a       0x1b /cygdrive/c/TWESDK/516x/Components/Library/libMac_JN516x.a(TAMCO.o)
                0x00085e9a                _vTAMCOframeTXgoingIdle
 .text.vTAMCOint2Fired
                0x00085eb5       0x22 /cygdrive/c/TWESDK/516x/Components/Library/libMac_JN516x.a(TAMCO.o)
                0x00085eb5                _vTAMCOint2Fired
 .text.vTAMCOframeTXbeacon
                0x00085ed7       0xc9 /cygdrive/c/TWESDK/516x/Components/Library/libMac_JN516x.a(TAMCO.o)
                0x00085ed7                _vTAMCOframeTXbeacon
 .text.vTAMCOint1Fired
                0x00085fa0       0xef /cygdrive/c/TWESDK/516x/Components/Library/libMac_JN516x.a(TAMCO.o)
                0x00085fa0                _vTAMCOint1Fired
 .text.vTAMCOint1FiredCAP
                0x0008608f       0x7f /cygdrive/c/TWESDK/516x/Components/Library/libMac_JN516x.a(TAMCO.o)
                0x0008608f                _vTAMCOint1FiredCAP
 .text.vTAMCOstartBeacon
                0x0008610e       0x41 /cygdrive/c/TWESDK/516x/Components/Library/libMac_JN516x.a(TAMCO.o)
                0x0008610e                _vTAMCOstartBeacon
 .text.vStartStoreValues
                0x0008614f       0xbc /cygdrive/c/TWESDK/516x/Components/Library/libMac_JN516x.a(TAMCO.o)
 .text.bStartCallback
                0x0008620b       0x2f /cygdrive/c/TWESDK/516x/Components/Library/libMac_JN516x.a(TAMCO.o)
 .text.vTAMCO_MLMEstartRequest
                0x0008623a      0x11e /cygdrive/c/TWESDK/516x/Components/Library/libMac_JN516x.a(TAMCO.o)
                0x0008623a                _vTAMCO_MLMEstartRequest
 .text.vTAMCOframeStarting
                0x00086358       0x1e /cygdrive/c/TWESDK/516x/Components/Library/libMac_JN516x.a(TAMCO.o)
                0x00086358                _vTAMCOframeStarting
 .text.vTAMDEdetermineNullState
                0x00086376       0x1d /cygdrive/c/TWESDK/516x/Components/Library/libMac_JN516x.a(TAMDE.o)
                0x00086376                _vTAMDEdetermineNullState
 .text.vSetPHYfromMacValue
                0x00086393       0x45 /cygdrive/c/TWESDK/516x/Components/Library/libMac_JN516x.a(TAMDE.o)
 .text.vTAMDEint1FiredWaitDR
                0x000863d8       0x20 /cygdrive/c/TWESDK/516x/Components/Library/libMac_JN516x.a(TAMDE.o)
                0x000863d8                _vTAMDEint1FiredWaitDR
 .text.vTAMDEstartSync
                0x000863f8       0x86 /cygdrive/c/TWESDK/516x/Components/Library/libMac_JN516x.a(TAMDE.o)
                0x000863f8                _vTAMDEstartSync
 .text.vTAMDE_MLMEsyncRequest
                0x0008647e       0x30 /cygdrive/c/TWESDK/516x/Components/Library/libMac_JN516x.a(TAMDE.o)
                0x0008647e                _vTAMDE_MLMEsyncRequest
 .text.vTrySendUnslotted
                0x000864ae       0x23 /cygdrive/c/TWESDK/516x/Components/Library/libMac_JN516x.a(TAMDE.o)
 .text.vDeterminePowerState
                0x000864d1       0x98 /cygdrive/c/TWESDK/516x/Components/Library/libMac_JN516x.a(TAMDE.o)
 .text.vTAMDEreqTXnullTrackingCAP
                0x00086569       0x1c /cygdrive/c/TWESDK/516x/Components/Library/libMac_JN516x.a(TAMDE.o)
                0x00086569                _vTAMDEreqTXnullTrackingCAP
 .text.vTAMDEint2FiredTrackingDR
                0x00086585       0x2b /cygdrive/c/TWESDK/516x/Components/Library/libMac_JN516x.a(TAMDE.o)
                0x00086585                _vTAMDEint2FiredTrackingDR
 .text.vTAMDEframeTXDEnull
                0x000865b0       0x28 /cygdrive/c/TWESDK/516x/Components/Library/libMac_JN516x.a(TAMDE.o)
                0x000865b0                _vTAMDEframeTXDEnull
 .text.vTAMDEframeTXtrackingCAPgts
                0x000865d8       0x34 /cygdrive/c/TWESDK/516x/Components/Library/libMac_JN516x.a(TAMDE.o)
                0x000865d8                _vTAMDEframeTXtrackingCAPgts
 .text.vTAMDEframeRX
                0x0008660c       0x30 /cygdrive/c/TWESDK/516x/Components/Library/libMac_JN516x.a(TAMDE.o)
                0x0008660c                _vTAMDEframeRX
 .text.vTAMDEframePreSyncReq
                0x0008663c       0x21 /cygdrive/c/TWESDK/516x/Components/Library/libMac_JN516x.a(TAMDE.o)
                0x0008663c                _vTAMDEframePreSyncReq
 .text.bSendDataRequest
                0x0008665d      0x113 /cygdrive/c/TWESDK/516x/Components/Library/libMac_JN516x.a(TAMDE.o)
 .text.vTAMDEframeRXtrackingDR
                0x00086770       0x47 /cygdrive/c/TWESDK/516x/Components/Library/libMac_JN516x.a(TAMDE.o)
                0x00086770                _vTAMDEframeRXtrackingDR
 .text.vTAMDEint2FiredPollActive
                0x000867b7       0x34 /cygdrive/c/TWESDK/516x/Components/Library/libMac_JN516x.a(TAMDE.o)
                0x000867b7                _vTAMDEint2FiredPollActive
 .text.vTAMDEframeTXtrackingDR
                0x000867eb       0x6b /cygdrive/c/TWESDK/516x/Components/Library/libMac_JN516x.a(TAMDE.o)
                0x000867eb                _vTAMDEframeTXtrackingDR
 .text.vTAMDEint1FiredTracking
                0x00086856       0x6f /cygdrive/c/TWESDK/516x/Components/Library/libMac_JN516x.a(TAMDE.o)
                0x00086856                _vTAMDEint1FiredTracking
 .text.vTAMDEint1FiredTrackingCAPgts
                0x000868c5       0xca /cygdrive/c/TWESDK/516x/Components/Library/libMac_JN516x.a(TAMDE.o)
                0x000868c5                _vTAMDEint1FiredTrackingCAPgts
 .text.vTAMDEint1FiredTrackingBeacon
                0x0008698f       0xa7 /cygdrive/c/TWESDK/516x/Components/Library/libMac_JN516x.a(TAMDE.o)
                0x0008698f                _vTAMDEint1FiredTrackingBeacon
 .text.bProcessBeaconRX
                0x00086a36       0xe6 /cygdrive/c/TWESDK/516x/Components/Library/libMac_JN516x.a(TAMDE.o)
 .text.vTAMDEframeRXsyncReq
                0x00086b1c      0x26c /cygdrive/c/TWESDK/516x/Components/Library/libMac_JN516x.a(TAMDE.o)
                0x00086b1c                _vTAMDEframeRXsyncReq
 .text.vTAMDEint1FiredSyncReq
                0x00086d88       0x7b /cygdrive/c/TWESDK/516x/Components/Library/libMac_JN516x.a(TAMDE.o)
                0x00086d88                _vTAMDEint1FiredSyncReq
 .text.pvMEMget
                0x00086e03       0x27 /cygdrive/c/TWESDK/516x/Components/Library/libMac_JN516x.a(TAM_MEM.o)
                0x00086e03                _pvMEMget
 .text.vMEMreturn
                0x00086e2a       0x6a /cygdrive/c/TWESDK/516x/Components/Library/libMac_JN516x.a(TAM_MEM.o)
                0x00086e2a                _vMEMreturn
 .text.vMEMreset
                0x00086e94       0x70 /cygdrive/c/TWESDK/516x/Components/Library/libMac_JN516x.a(TAM_MEM.o)
                0x00086e94                _vMEMreset
 .text.vMLMErxEnableConfirm
                0x00086f04       0x37 /cygdrive/c/TWESDK/516x/Components/Library/libMac_JN516x.a(TAM_MLME.o)
                0x00086f04                _vMLMErxEnableConfirm
 .text.vMLMEcommStatus
                0x00086f3b       0x6e /cygdrive/c/TWESDK/516x/Components/Library/libMac_JN516x.a(TAM_MLME.o)
                0x00086f3b                _vMLMEcommStatus
 .text.vMLMEcommStatusFromFrame
                0x00086fa9       0x47 /cygdrive/c/TWESDK/516x/Components/Library/libMac_JN516x.a(TAM_MLME.o)
                0x00086fa9                _vMLMEcommStatusFromFrame
 .text.vMLMEsyncLoss
                0x00086ff0       0x38 /cygdrive/c/TWESDK/516x/Components/Library/libMac_JN516x.a(TAM_MLME.o)
                0x00086ff0                _vMLMEsyncLoss
 .text.vMLMEbeaconNotify
                0x00087028      0x17c /cygdrive/c/TWESDK/516x/Components/Library/libMac_JN516x.a(TAM_MLME.o)
                0x00087028                _vMLMEbeaconNotify
 .text.vTAHsetCutOff
                0x000871a4        0xa /cygdrive/c/TWESDK/516x/Components/Library/libMac_JN516x.a(TAM_TAH.o)
                0x000871a4                _vTAHsetCutOff
 .text.vTAHsetSyncLock
                0x000871ae       0x18 /cygdrive/c/TWESDK/516x/Components/Library/libMac_JN516x.a(TAM_TAH.o)
                0x000871ae                _vTAHsetSyncLock
 .text.vTAHsetPhyStateDirect
                0x000871c6       0x33 /cygdrive/c/TWESDK/516x/Components/Library/libMac_JN516x.a(TAM_TAH.o)
                0x000871c6                _vTAHsetPhyStateDirect
 .text.vTAHsetPhyState
                0x000871f9       0x35 /cygdrive/c/TWESDK/516x/Components/Library/libMac_JN516x.a(TAM_TAH.o)
                0x000871f9                _vTAHsetPhyState
 .text.vTAIdisableInterrupt
                0x0008722e       0x10 /cygdrive/c/TWESDK/516x/Components/Library/libMac_JN516x.a(TAM_TAI.o)
                0x0008722e                _vTAIdisableInterrupt
 .text.vTAIsetRxEnableTime
                0x0008723e       0x1d /cygdrive/c/TWESDK/516x/Components/Library/libMac_JN516x.a(TAM_TAI.o)
                0x0008723e                _vTAIsetRxEnableTime
 .text.vTAIsetCapTime
                0x0008725b       0x1d /cygdrive/c/TWESDK/516x/Components/Library/libMac_JN516x.a(TAM_TAI.o)
                0x0008725b                _vTAIsetCapTime
 .text.eTATreadTXstatus
                0x00087278       0x46 /cygdrive/c/TWESDK/516x/Components/Library/libMac_JN516x.a(TAM_TAT.o)
                0x00087278                _eTATreadTXstatus
 .text.vTATgetFrameAddress
                0x000872be       0x20 /cygdrive/c/TWESDK/516x/Components/Library/libMac_JN516x.a(TAM_TAT.o)
                0x000872be                _vTATgetFrameAddress
 .text.vTATgetFramePayload
                0x000872de       0x1d /cygdrive/c/TWESDK/516x/Components/Library/libMac_JN516x.a(TAM_TAT.o)
                0x000872de                _vTATgetFramePayload
 .text.vTATsetBLE
                0x000872fb       0x3e /cygdrive/c/TWESDK/516x/Components/Library/libMac_JN516x.a(TAM_TAT.o)
                0x000872fb                _vTATsetBLE
 .text.vTATwriteAclMaterialToHardware
                0x00087339       0x2c /cygdrive/c/TWESDK/516x/Components/Library/libMac_JN516x.a(TAM_TAT.o)
                0x00087339                _vTATwriteAclMaterialToHardware
 .text.bIsBbcSafeForTx
                0x00087365       0x2d /cygdrive/c/TWESDK/516x/Components/Library/libMac_JN516x.a(TAM_TAT.o)
                0x00087365                _bIsBbcSafeForTx
 .text.vTATstartReceiveAt
                0x00087392       0x1e /cygdrive/c/TWESDK/516x/Components/Library/libMac_JN516x.a(TAM_TAT.o)
                0x00087392                _vTATstartReceiveAt
 .text.vWriteFrame
                0x000873b0       0x7d /cygdrive/c/TWESDK/516x/Components/Library/libMac_JN516x.a(TAM_TAT.o)
 .text.bTATsendFrame
                0x0008742d       0x5a /cygdrive/c/TWESDK/516x/Components/Library/libMac_JN516x.a(TAM_TAT.o)
                0x0008742d                _bTATsendFrame
 .text.bTATsendFrameAt
                0x00087487       0x48 /cygdrive/c/TWESDK/516x/Components/Library/libMac_JN516x.a(TAM_TAT.o)
                0x00087487                _bTATsendFrameAt
 .text.bTACassessBeaconForPayload
                0x000874cf       0x4c /cygdrive/c/TWESDK/516x/Components/Library/libMac_JN516x.a(TAMcommon.o)
                0x000874cf                _bTACassessBeaconForPayload
 .text.bTACframeInProgress
                0x0008751b       0x27 /cygdrive/c/TWESDK/516x/Components/Library/libMac_JN516x.a(TAMcommon.o)
                0x0008751b                _bTACframeInProgress
 .text.vTACu16ToPayloadM
                0x00087542        0xc /cygdrive/c/TWESDK/516x/Components/Library/libMac_JN516x.a(TAMcommon.o)
                0x00087542                _vTACu16ToPayloadM
 .text.vTACu32ToPayloadM
                0x0008754e       0x18 /cygdrive/c/TWESDK/516x/Components/Library/libMac_JN516x.a(TAMcommon.o)
                0x0008754e                _vTACu32ToPayloadM
 .text.u16TACpayloadToU16M
                0x00087566        0xf /cygdrive/c/TWESDK/516x/Components/Library/libMac_JN516x.a(TAMcommon.o)
                0x00087566                _u16TACpayloadToU16M
 .text.u32TACpayloadToU32M
                0x00087575       0x23 /cygdrive/c/TWESDK/516x/Components/Library/libMac_JN516x.a(TAMcommon.o)
                0x00087575                _u32TACpayloadToU32M
 .text.u8TACgetHeaderSize
                0x00087598       0x26 /cygdrive/c/TWESDK/516x/Components/Library/libMac_JN516x.a(TAMcommon.o)
                0x00087598                _u8TACgetHeaderSize
 .text.vTACsetTxFrameDefaults
                0x000875be       0x2a /cygdrive/c/TWESDK/516x/Components/Library/libMac_JN516x.a(TAMcommon.o)
                0x000875be                _vTACsetTxFrameDefaults
 .text.vTACcheckPollResponse
                0x000875e8       0x37 /cygdrive/c/TWESDK/516x/Components/Library/libMac_JN516x.a(TAMcommon.o)
                0x000875e8                _vTACcheckPollResponse
 .text.bUpdateTime
                0x0008761f       0x46 /cygdrive/c/TWESDK/516x/Components/Library/libMac_JN516x.a(TAMcommon.o)
 .text.vTACbuildBeacon
                0x00087665      0x257 /cygdrive/c/TWESDK/516x/Components/Library/libMac_JN516x.a(TAMcommon.o)
                0x00087665                _vTACbuildBeacon
 .text.vTACsetFramePending
                0x000878bc       0x3f /cygdrive/c/TWESDK/516x/Components/Library/libMac_JN516x.a(TAMcommon.o)
                0x000878bc                _vTACsetFramePending
 .text.vTACsetPHYfromMacValue
                0x000878fb       0x2b /cygdrive/c/TWESDK/516x/Components/Library/libMac_JN516x.a(TAMcommon.o)
                0x000878fb                _vTACsetPHYfromMacValue
 .text.bTACcheckPANconflict
                0x00087926       0xa8 /cygdrive/c/TWESDK/516x/Components/Library/libMac_JN516x.a(TAMcommon.o)
                0x00087926                _bTACcheckPANconflict
 .text.bTACprocessUnexpectedBeacon
                0x000879ce       0x6d /cygdrive/c/TWESDK/516x/Components/Library/libMac_JN516x.a(TAMcommon.o)
                0x000879ce                _bTACprocessUnexpectedBeacon
 .text.bSendSyncLoss
                0x00087a3b       0x1e /cygdrive/c/TWESDK/516x/Components/Library/libMac_JN516x.a(TAMcommon.o)
 .text.vTACinformOriginator
                0x00087a59       0x26 /cygdrive/c/TWESDK/516x/Components/Library/libMac_JN516x.a(TAMcommon.o)
                0x00087a59                _vTACinformOriginator
 .text.vTACintRXheader
                0x00087a7f       0x98 /cygdrive/c/TWESDK/516x/Components/Library/libMac_JN516x.a(TAMcommon.o)
                0x00087a7f                _vTACintRXheader
 .text.bTACprocessFrameRXcomplete
                0x00087b17      0x231 /cygdrive/c/TWESDK/516x/Components/Library/libMac_JN516x.a(TAMcommon.o)
                0x00087b17                _bTACprocessFrameRXcomplete
 .text.eTACprocessFrameTXcomplete
                0x00087d48      0x17c /cygdrive/c/TWESDK/516x/Components/Library/libMac_JN516x.a(TAMcommon.o)
                0x00087d48                _eTACprocessFrameTXcomplete
 .text.vTAMinsertEvent
                0x00087ec4       0x6c /cygdrive/c/TWESDK/516x/Components/Library/libMac_JN516x.a(TAMevent.o)
                0x00087ec4                _vTAMinsertEvent
 .text.vTAM_TxRetryTimeout
                0x00087f30        0x8 /cygdrive/c/TWESDK/516x/Components/Library/libMac_JN516x.a(TAMevent.o)
                0x00087f30                _vTAM_TxRetryTimeout
 .text.vTAM_QueueTxEvent
                0x00087f38       0x11 /cygdrive/c/TWESDK/516x/Components/Library/libMac_JN516x.a(TAMevent.o)
                0x00087f38                _vTAM_QueueTxEvent
 .text.vTAM_CancelTxRetryTimer
                0x00087f49        0xf /cygdrive/c/TWESDK/516x/Components/Library/libMac_JN516x.a(TAMevent.o)
                0x00087f49                _vTAM_CancelTxRetryTimer
 .text.vTAM_TxRetryTimer
                0x00087f58       0x13 /cygdrive/c/TWESDK/516x/Components/Library/libMac_JN516x.a(TAMevent.o)
                0x00087f58                _vTAM_TxRetryTimer
 .text.vTAQaddToFifo
                0x00087f6b       0x1a /cygdrive/c/TWESDK/516x/Components/Library/libMac_JN516x.a(TAMqueue.o)
                0x00087f6b                _vTAQaddToFifo
 .text.bTAQremoveFromFifo
                0x00087f85       0x3d /cygdrive/c/TWESDK/516x/Components/Library/libMac_JN516x.a(TAMqueue.o)
                0x00087f85                _bTAQremoveFromFifo
 .text.vTAQresetFifo
                0x00087fc2        0x9 /cygdrive/c/TWESDK/516x/Components/Library/libMac_JN516x.a(TAMqueue.o)
                0x00087fc2                _vTAQresetFifo
 .text.psTAQsearchFifoForHandle
                0x00087fcb       0x18 /cygdrive/c/TWESDK/516x/Components/Library/libMac_JN516x.a(TAMqueue.o)
                0x00087fcb                _psTAQsearchFifoForHandle
 .text.psTAQsearchFifo
                0x00087fe3       0x46 /cygdrive/c/TWESDK/516x/Components/Library/libMac_JN516x.a(TAMqueue.o)
                0x00087fe3                _psTAQsearchFifo
 .text.vDoGoOff
                0x00088029       0x1a /cygdrive/c/TWESDK/516x/Components/Library/libMac_JN516x.a(TAMrxEnable.o)
 .text.vDoGoActive
                0x00088043       0x28 /cygdrive/c/TWESDK/516x/Components/Library/libMac_JN516x.a(TAMrxEnable.o)
 .text.vTAM_MLMErxEnableRequest
                0x0008806b       0xc8 /cygdrive/c/TWESDK/516x/Components/Library/libMac_JN516x.a(TAMrxEnable.o)
                0x0008806b                _vTAM_MLMErxEnableRequest
 .text.vTAMRXEsetReceiveForPibChange
                0x00088133       0x33 /cygdrive/c/TWESDK/516x/Components/Library/libMac_JN516x.a(TAMrxEnable.o)
                0x00088133                _vTAMRXEsetReceiveForPibChange
 .text.vTAMRXEsetPhy
                0x00088166       0xb6 /cygdrive/c/TWESDK/516x/Components/Library/libMac_JN516x.a(TAMrxEnable.o)
                0x00088166                _vTAMRXEsetPhy
 .text.vTAMRXEint2Fired
                0x0008821c       0x42 /cygdrive/c/TWESDK/516x/Components/Library/libMac_JN516x.a(TAMrxEnable.o)
                0x0008821c                _vTAMRXEint2Fired
 .text.bSecurityLevelCheckingAlgorithm
                0x0008825e       0x25 /cygdrive/c/TWESDK/516x/Components/Library/libMac_JN516x.a(TAMsecurity.o)
 .text.u8TSCframeIncrease
                0x00088283        0xf /cygdrive/c/TWESDK/516x/Components/Library/libMac_JN516x.a(TAMsecurity.o)
                0x00088283                _u8TSCframeIncrease
 .text.vTSCsetUpwardSecurity
                0x00088292       0x15 /cygdrive/c/TWESDK/516x/Components/Library/libMac_JN516x.a(TAMsecurity.o)
                0x00088292                _vTSCsetUpwardSecurity
 .text.vCopyToDataFromMacAddr
                0x000882a7       0x33 /cygdrive/c/TWESDK/516x/Components/Library/libMac_JN516x.a(TAMsecurity.o)
 .text.vTSCpostTransmitUpdate
                0x000882da       0x3b /cygdrive/c/TWESDK/516x/Components/Library/libMac_JN516x.a(TAMsecurity.o)
                0x000882da                _vTSCpostTransmitUpdate
 .text.vTSCsetOutgoingInfo
                0x00088315      0x158 /cygdrive/c/TWESDK/516x/Components/Library/libMac_JN516x.a(TAMsecurity.o)
                0x00088315                _vTSCsetOutgoingInfo
 .text.vMAC_RetrieveSecurityInfoFromFrame
                0x0008846d       0x92 /cygdrive/c/TWESDK/516x/Components/Library/libMac_JN516x.a(TAMsecurity.o)
                0x0008846d                _vMAC_RetrieveSecurityInfoFromFrame
 .text.MAC_bLookUpKeyDescriptor
                0x000884ff       0x7f /cygdrive/c/TWESDK/516x/Components/Library/libMac_JN516x.a(TAMsecurity.o)
 .text.bTSCgetOutgoingInfo2003
                0x0008857e       0x21 /cygdrive/c/TWESDK/516x/Components/Library/libMac_JN516x.a(TAMsecurity.o)
                0x0008857e                _bTSCgetOutgoingInfo2003
 .text.bTSCgetOutgoingInfo
                0x0008859f      0x11c /cygdrive/c/TWESDK/516x/Components/Library/libMac_JN516x.a(TAMsecurity.o)
                0x0008859f                _bTSCgetOutgoingInfo
 .text.vTSCgetIncomingInfo
                0x000886bb       0xc6 /cygdrive/c/TWESDK/516x/Components/Library/libMac_JN516x.a(TAMsecurity.o)
                0x000886bb                _vTSCgetIncomingInfo
 .text.bTSCcheckIncomingFrame
                0x00088781      0x689 /cygdrive/c/TWESDK/516x/Components/Library/libMac_JN516x.a(TAMsecurity.o)
                0x00088781                _bTSCcheckIncomingFrame
 .text.vTAStidyUpAfterFrameTX
                0x00088e0a       0x26 /cygdrive/c/TWESDK/516x/Components/Library/libMac_JN516x.a(TAMsideways.o)
                0x00088e0a                _vTAStidyUpAfterFrameTX
 .text.bTASsendCommStatusInd
                0x00088e30       0x1b /cygdrive/c/TWESDK/516x/Components/Library/libMac_JN516x.a(TAMsideways.o)
                0x00088e30                _bTASsendCommStatusInd
 .text.vTASretrieveSecurity
                0x00088e4b       0x24 /cygdrive/c/TWESDK/516x/Components/Library/libMac_JN516x.a(TAMsideways.o)
                0x00088e4b                _vTASretrieveSecurity
 .text.vTASretrieveFrame
                0x00088e6f       0x88 /cygdrive/c/TWESDK/516x/Components/Library/libMac_JN516x.a(TAMsideways.o)
                0x00088e6f                _vTASretrieveFrame
 .text.eTAStransmitRequest
                0x00088ef7      0x3e3 /cygdrive/c/TWESDK/516x/Components/Library/libMac_JN516x.a(TAMsideways.o)
                0x00088ef7                _eTAStransmitRequest
 .text.vTTIBLETimerExpired
                0x000892da        0xb /cygdrive/c/TWESDK/516x/Components/Library/libMac_JN516x.a(TAMtime.o)
                0x000892da                _vTTIBLETimerExpired
 .text.vTTITimer2Expired
                0x000892e5        0x8 /cygdrive/c/TWESDK/516x/Components/Library/libMac_JN516x.a(TAMtime.o)
                0x000892e5                _vTTITimer2Expired
 .text.vTTITimer1Expired
                0x000892ed        0x8 /cygdrive/c/TWESDK/516x/Components/Library/libMac_JN516x.a(TAMtime.o)
                0x000892ed                _vTTITimer1Expired
 .text.vTTITransactionTimerExpired
                0x000892f5       0x2f /cygdrive/c/TWESDK/516x/Components/Library/libMac_JN516x.a(TAMtime.o)
                0x000892f5                _vTTITransactionTimerExpired
 .text.vCmdWaitBusy
                0x00089324        0xd /cygdrive/c/TWESDK/516x/Components/Library/libMac_JN516x.a(TAM_AES.o)
 .text.vEcbEncodeStripe
                0x00089331       0x55 /cygdrive/c/TWESDK/516x/Components/Library/libMac_JN516x.a(TAM_AES.o)
 .text.vFromU16ToLe
                0x00089386        0xc /cygdrive/c/TWESDK/516x/Components/Library/libMac_JN516x.a(TAM_AES.o)
 .text.vFromU32ToLe
                0x00089392       0x18 /cygdrive/c/TWESDK/516x/Components/Library/libMac_JN516x.a(TAM_AES.o)
 .text.u8TAM_AES_WriteAuxilliarySecurityHeaderIntoBuffer
                0x000893aa       0x6a /cygdrive/c/TWESDK/516x/Components/Library/libMac_JN516x.a(TAM_AES.o)
                0x000893aa                _u8TAM_AES_WriteAuxilliarySecurityHeaderIntoBuffer
 .text.u8Write802_15_4HeaderIntoBuffer
                0x00089414      0x110 /cygdrive/c/TWESDK/516x/Components/Library/libMac_JN516x.a(TAM_AES.o)
 .text.vWrite802_15_4NonceIntoBuffer
                0x00089524       0x4a /cygdrive/c/TWESDK/516x/Components/Library/libMac_JN516x.a(TAM_AES.o)
 .text.vTAM_AES_OptimisedCcmStar
                0x0008956e      0x244 /cygdrive/c/TWESDK/516x/Components/Library/libMac_JN516x.a(TAM_AES.o)
                0x0008956e                _vTAM_AES_OptimisedCcmStar
 .text.bTAM_AES_CCMstarPatch2006
                0x000897b2       0xf4 /cygdrive/c/TWESDK/516x/Components/Library/libMac_JN516x.a(TAM_AES.o)
                0x000897b2                _bTAM_AES_CCMstarPatch2006
 .text.bTAM_AES_CCMstarPatch
                0x000898a6       0xfe /cygdrive/c/TWESDK/516x/Components/Library/libMac_JN516x.a(TAM_AES.o)
                0x000898a6                _bTAM_AES_CCMstarPatch
 .text.MAC_u8AclFindInfo
                0x000899a4      0x118 /cygdrive/c/TWESDK/516x/Components/Library/libMac_JN516x.a(mac_acl.o)
                0x000899a4                _MAC_u8AclFindInfo
 .text.vMAC_MISCorphanReceived
                0x00089abc       0x4f /cygdrive/c/TWESDK/516x/Components/Library/libMac_JN516x.a(mac_misc.o)
                0x00089abc                _vMAC_MISCorphanReceived
 .text.vMAC_MISCpollConfirm
                0x00089b0b       0x35 /cygdrive/c/TWESDK/516x/Components/Library/libMac_JN516x.a(mac_misc.o)
                0x00089b0b                _vMAC_MISCpollConfirm
 .text.vMAC_MISCpollRequest
                0x00089b40       0xbe /cygdrive/c/TWESDK/516x/Components/Library/libMac_JN516x.a(mac_misc.o)
                0x00089b40                _vMAC_MISCpollRequest
 .text.vMAC_MISCorphanResponse
                0x00089bfe       0xc4 /cygdrive/c/TWESDK/516x/Components/Library/libMac_JN516x.a(mac_misc.o)
                0x00089bfe                _vMAC_MISCorphanResponse
 .text.bPollReqSent
                0x00089cc2       0x1e /cygdrive/c/TWESDK/516x/Components/Library/libMac_JN516x.a(mac_misc.o)
 .text.vUpdateRegisters
                0x00089ce0       0x4b /cygdrive/c/TWESDK/516x/Components/Library/libXcv_JN516x.a(xcv_main.o)
 .text.XCV_vCtor
                0x00089d2b      0x1ae /cygdrive/c/TWESDK/516x/Components/Library/libXcv_JN516x.a(xcv_main.o)
                0x00089d2b                _XCV_vCtor
 .text.XCV_vDevWriteIER
                0x00089ed9        0xa /cygdrive/c/TWESDK/516x/Components/Library/libXcv_JN516x.a(xcv_access.o)
                0x00089ed9                _XCV_vDevWriteIER
 .text.XCV_vDevRMW_IER
                0x00089ee3       0x19 /cygdrive/c/TWESDK/516x/Components/Library/libXcv_JN516x.a(xcv_access.o)
                0x00089ee3                _XCV_vDevRMW_IER
 .text.vXCV_IntHandlerBbc
                0x00089efc       0x62 /cygdrive/c/TWESDK/516x/Components/Library/libXcv_JN516x.a(xcv_isr.o)
                0x00089efc                _vXCV_IntHandlerBbc
 .text.vXCV_IntHandlerPhy
                0x00089f5e       0xab /cygdrive/c/TWESDK/516x/Components/Library/libXcv_JN516x.a(xcv_isr.o)
                0x00089f5e                _vXCV_IntHandlerPhy
 .text.bACI_CCMstar
                0x0008a009       0x66 /cygdrive/c/TWESDK/516x/Components/Library/libAes_JN516x.a(AEScoprocessorCCM.o)
                0x0008a009                _bACI_CCMstar
 .text.TSV_eInit
                0x0008a06f       0x1d /cygdrive/c/TWESDK/516x/Components/Library/libTimerServer_JN516x.a(tsv_main.o)
                0x0008a06f                _TSV_eInit
 .text.TSV_eOpen
                0x0008a08c        0x8 /cygdrive/c/TWESDK/516x/Components/Library/libTimerServer_JN516x.a(tsv_main.o)
                0x0008a08c                _TSV_eOpen
 .text.psRemove
                0x0008a094       0x47 /cygdrive/c/TWESDK/516x/Components/Library/libTimerServer_JN516x.a(tsv_main.o)
 .text.vExpireHead
                0x0008a0db       0x31 /cygdrive/c/TWESDK/516x/Components/Library/libTimerServer_JN516x.a(tsv_main.o)
 .text.TSV_eExpireProc
                0x0008a10c       0x2b /cygdrive/c/TWESDK/516x/Components/Library/libTimerServer_JN516x.a(tsv_main.o)
                0x0008a10c                _TSV_eExpireProc
 .text.TSV_eStart
                0x0008a137       0xcf /cygdrive/c/TWESDK/516x/Components/Library/libTimerServer_JN516x.a(tsv_main.o)
                0x0008a137                _TSV_eStart
 .text.TSV_eStop
                0x0008a206       0x79 /cygdrive/c/TWESDK/516x/Components/Library/libTimerServer_JN516x.a(tsv_main.o)
                0x0008a206                _TSV_eStop
 .text.vAHI_IntHandlerAnalogPeriph
                0x0008a27f       0x20 /cygdrive/c/TWESDK/516x/Components/Library/libHardwareApi_JN516x.a(AHI_Analogue.o)
                0x0008a27f                _vAHI_IntHandlerAnalogPeriph
 .text.vAHI_APRegisterCallback
                0x0008a29f        0x9 /cygdrive/c/TWESDK/516x/Components/Library/libHardwareApi_JN516x.a(AHI_Analogue.o)
                0x0008a29f                _vAHI_APRegisterCallback
 .text.vAHI_DioSetDirection
                0x0008a2a8       0x14 /cygdrive/c/TWESDK/516x/Components/Library/libHardwareApi_JN516x.a(AHI_Dio.o)
                0x0008a2a8                _vAHI_DioSetDirection
 .text.vAHI_DioSetOutput
                0x0008a2bc       0x14 /cygdrive/c/TWESDK/516x/Components/Library/libHardwareApi_JN516x.a(AHI_Dio.o)
                0x0008a2bc                _vAHI_DioSetOutput
 .text.u32AHI_DioReadInput
                0x0008a2d0        0x7 /cygdrive/c/TWESDK/516x/Components/Library/libHardwareApi_JN516x.a(AHI_Dio.o)
                0x0008a2d0                _u32AHI_DioReadInput
 .text.vAHI_DioSetPullup
                0x0008a2d7       0x20 /cygdrive/c/TWESDK/516x/Components/Library/libHardwareApi_JN516x.a(AHI_Dio.o)
                0x0008a2d7                _vAHI_DioSetPullup
 .text.u32AHI_Init
                0x0008a2f7       0xc5 /cygdrive/c/TWESDK/516x/Components/Library/libHardwareApi_JN516x.a(AHI_Init.o)
                0x0008a2f7                _u32AHI_Init
 .text          0x0008a3bc       0x27 /cygdrive/c/TWESDK/516x/Components/Library/libHardwareApi_JN516x.a(AHI_Interrupt.o)
                0x0008a3da                _vAHI_InterruptSetActivePriorityLevel
                0x0008a3bc                _vAHI_InterruptSetPriority
 .text.vAHI_SwReset
                0x0008a3e3        0x9 /cygdrive/c/TWESDK/516x/Components/Library/libHardwareApi_JN516x.a(AHI_Reset.o)
                0x0008a3e3                _vAHI_SwReset
 .text.vAHI_IntHandlerSi
                0x0008a3ec       0x45 /cygdrive/c/TWESDK/516x/Components/Library/libHardwareApi_JN516x.a(AHI_Si.o)
                0x0008a3ec                _vAHI_IntHandlerSi
 .text.vAHI_SiRegisterCallback
                0x0008a431        0x9 /cygdrive/c/TWESDK/516x/Components/Library/libHardwareApi_JN516x.a(AHI_Si.o)
                0x0008a431                _vAHI_SiRegisterCallback
 .text.vAHI_IntHandlerSpiMaster
                0x0008a43a       0x26 /cygdrive/c/TWESDK/516x/Components/Library/libHardwareApi_JN516x.a(AHI_Spi.o)
                0x0008a43a                _vAHI_IntHandlerSpiMaster
 .text.vAHI_SpiRegisterCallback
                0x0008a460        0x9 /cygdrive/c/TWESDK/516x/Components/Library/libHardwareApi_JN516x.a(AHI_Spi.o)
                0x0008a460                _vAHI_SpiRegisterCallback
 .text.u8AHI_PowerStatus
                0x0008a469        0xa /cygdrive/c/TWESDK/516x/Components/Library/libHardwareApi_JN516x.a(AHI_System.o)
                0x0008a469                _u8AHI_PowerStatus
 .text.vAHI_ProtocolPower
                0x0008a473       0x17 /cygdrive/c/TWESDK/516x/Components/Library/libHardwareApi_JN516x.a(AHI_System.o)
                0x0008a473                _vAHI_ProtocolPower
 .text.vAHI_CpuDoze
                0x0008a48a       0x13 /cygdrive/c/TWESDK/516x/Components/Library/libHardwareApi_JN516x.a(AHI_System.o)
                0x0008a48a                _vAHI_CpuDoze
 .text.vAHI_SysCtrlRegisterCallback
                0x0008a49d        0x9 /cygdrive/c/TWESDK/516x/Components/Library/libHardwareApi_JN516x.a(AHI_System.o)
                0x0008a49d                _vAHI_SysCtrlRegisterCallback
 .text.vAHI_HighPowerModuleEnable
                0x0008a4a6       0x2f /cygdrive/c/TWESDK/516x/Components/Library/libHardwareApi_JN516x.a(AHI_System.o)
                0x0008a4a6                _vAHI_HighPowerModuleEnable
 .text.vAHI_WatchdogStart
                0x0008a4d5       0x23 /cygdrive/c/TWESDK/516x/Components/Library/libHardwareApi_JN516x.a(AHI_System.o)
                0x0008a4d5                _vAHI_WatchdogStart
 .text.vAHI_WatchdogStop
                0x0008a4f8       0x17 /cygdrive/c/TWESDK/516x/Components/Library/libHardwareApi_JN516x.a(AHI_System.o)
                0x0008a4f8                _vAHI_WatchdogStop
 .text.vAHI_WatchdogRestart
                0x0008a50f        0xd /cygdrive/c/TWESDK/516x/Components/Library/libHardwareApi_JN516x.a(AHI_System.o)
                0x0008a50f                _vAHI_WatchdogRestart
 .text.bAHI_GetClkSource
                0x0008a51c        0xd /cygdrive/c/TWESDK/516x/Components/Library/libHardwareApi_JN516x.a(AHI_System.o)
                0x0008a51c                _bAHI_GetClkSource
 .text.vAHI_OptimiseWaitStates
                0x0008a529       0x49 /cygdrive/c/TWESDK/516x/Components/Library/libHardwareApi_JN516x.a(AHI_System.o)
                0x0008a529                _vAHI_OptimiseWaitStates
 .text.vAHI_SetWaitStateToChangingClockSourceAndSpeed
                0x0008a572       0x67 /cygdrive/c/TWESDK/516x/Components/Library/libHardwareApi_JN516x.a(AHI_System.o)
 .text.u8AHI_GetSystemClkSpeed
                0x0008a5d9        0xa /cygdrive/c/TWESDK/516x/Components/Library/libHardwareApi_JN516x.a(AHI_System.o)
                0x0008a5d9                _u8AHI_GetSystemClkSpeed
 .text.vPollClkSource
                0x0008a5e3       0x15 /cygdrive/c/TWESDK/516x/Components/Library/libHardwareApi_JN516x.a(AHI_System.o)
 .text.bAHI_SetClockRate
                0x0008a5f8       0x51 /cygdrive/c/TWESDK/516x/Components/Library/libHardwareApi_JN516x.a(AHI_System.o)
                0x0008a5f8                _bAHI_SetClockRate
 .text.vAHI_MemoryHold
                0x0008a649       0x48 /cygdrive/c/TWESDK/516x/Components/Library/libHardwareApi_JN516x.a(AHI_System.o)
 .text.vAHI_StartRandomNumberGenerator
                0x0008a691       0x2c /cygdrive/c/TWESDK/516x/Components/Library/libHardwareApi_JN516x.a(AHI_System.o)
                0x0008a691                _vAHI_StartRandomNumberGenerator
 .text.u16AHI_ReadRandomNumber
                0x0008a6bd        0xa /cygdrive/c/TWESDK/516x/Components/Library/libHardwareApi_JN516x.a(AHI_System.o)
                0x0008a6bd                _u16AHI_ReadRandomNumber
 .text.bAHI_Clock32MHzStable
                0x0008a6c7        0xd /cygdrive/c/TWESDK/516x/Components/Library/libHardwareApi_JN516x.a(AHI_System.o)
                0x0008a6c7                _bAHI_Clock32MHzStable
 .text.vAHI_IntHandlerSysCtrl
                0x0008a6d4       0x3d /cygdrive/c/TWESDK/516x/Components/Library/libHardwareApi_JN516x.a(AHI_System.o)
                0x0008a6d4                _vAHI_IntHandlerSysCtrl
 .text.vAHI_Sleep
                0x0008a711       0xbf /cygdrive/c/TWESDK/516x/Components/Library/libHardwareApi_JN516x.a(AHI_System.o)
                0x0008a711                _vAHI_Sleep
 .text.vAHI_TickTimerInit
                0x0008a7d0        0x9 /cygdrive/c/TWESDK/516x/Components/Library/libHardwareApi_JN516x.a(AHI_TickTimer.o)
                0x0008a7d0                _vAHI_TickTimerInit
 .text.vAHI_TickTimerWrite
                0x0008a7d9        0x9 /cygdrive/c/TWESDK/516x/Components/Library/libHardwareApi_JN516x.a(AHI_TickTimer.o)
                0x0008a7d9                _vAHI_TickTimerWrite
 .text.vAHI_TickTimerConfigure
                0x0008a7e2       0x1b /cygdrive/c/TWESDK/516x/Components/Library/libHardwareApi_JN516x.a(AHI_TickTimer.o)
                0x0008a7e2                _vAHI_TickTimerConfigure
 .text.vAHI_TickTimerIntEnable
                0x0008a7fd       0x21 /cygdrive/c/TWESDK/516x/Components/Library/libHardwareApi_JN516x.a(AHI_TickTimer.o)
                0x0008a7fd                _vAHI_TickTimerIntEnable
 .text.vAHI_TickTimerInterval
                0x0008a81e       0x1e /cygdrive/c/TWESDK/516x/Components/Library/libHardwareApi_JN516x.a(AHI_TickTimer.o)
                0x0008a81e                _vAHI_TickTimerInterval
 .text.vAHI_IntHandlerTickTimer
                0x0008a83c       0x3d /cygdrive/c/TWESDK/516x/Components/Library/libHardwareApi_JN516x.a(AHI_TickTimer.o)
                0x0008a83c                _vAHI_IntHandlerTickTimer
 .text.vAHI_TimerEnable
                0x0008a879       0x9a /cygdrive/c/TWESDK/516x/Components/Library/libHardwareApi_JN516x.a(AHI_Timer.o)
                0x0008a879                _vAHI_TimerEnable
 .text.vAHI_TimerDisable
                0x0008a913       0x40 /cygdrive/c/TWESDK/516x/Components/Library/libHardwareApi_JN516x.a(AHI_Timer.o)
                0x0008a913                _vAHI_TimerDisable
 .text.vAHI_TimerClockSelect
                0x0008a953       0x31 /cygdrive/c/TWESDK/516x/Components/Library/libHardwareApi_JN516x.a(AHI_Timer.o)
                0x0008a953                _vAHI_TimerClockSelect
 .text.vAHI_TimerStop
                0x0008a984       0x22 /cygdrive/c/TWESDK/516x/Components/Library/libHardwareApi_JN516x.a(AHI_Timer.o)
                0x0008a984                _vAHI_TimerStop
 .text.vAHI_TimerConfigure
                0x0008a9a6       0x36 /cygdrive/c/TWESDK/516x/Components/Library/libHardwareApi_JN516x.a(AHI_Timer.o)
                0x0008a9a6                _vAHI_TimerConfigure
 .text.vStartTimer