Archive member included because of file (symbol)

/cygdrive/c/TWESDK/Wks_ToCoNet/Savacan_Switch/../../Wks_libToCoNet/libToCoNet/lib/libToCoNet_JN5164.a(ToCoNet_event.o)
                              objs_JN5164/SavacanSwitch.o (_PRSEV_u8Register)
/cygdrive/c/TWESDK/Wks_ToCoNet/Savacan_Switch/../../Wks_libToCoNet/libToCoNet/lib/libToCoNet_JN5164.a(ToCoNet_main.o)
                              objs_JN5164/SavacanSwitch.o (_ToCoNet_vDebugInit)
/cygdrive/c/TWESDK/Wks_ToCoNet/Savacan_Switch/../../Wks_libToCoNet/libToCoNet/lib/libToCoNet_JN5164.a(ToCoNet_utils.o)
                              /cygdrive/c/TWESDK/Wks_ToCoNet/Savacan_Switch/../../Wks_libToCoNet/libToCoNet/lib/libToCoNet_JN5164.a(ToCoNet_main.o) (_ToCoNet_u32GetVersion)
/cygdrive/c/TWESDK/Wks_ToCoNet/Savacan_Switch/../../Wks_libToCoNet/libToCoNet/lib/libToCoNet_JN5164.a(ToCoNet_mod_Tx.o)
                              objs_JN5164/SavacanSwitch.o (_ToCoNet_vReg_mod_Tx_Standard)
/cygdrive/c/TWESDK/Wks_ToCoNet/Savacan_Switch/../../Wks_libToCoNet/libToCoNet/lib/libToCoNet_JN5164.a(ToCoNet_mod_TxRxQueue.o)
                              objs_JN5164/SavacanSwitch.o (_ToCoNet_vReg_mod_TxRxQueueMid)
/cygdrive/c/TWESDK/Wks_ToCoNet/Savacan_Switch/../../Wks_libToCoNet/libToCoNet/lib/libToCoNet_JN5164.a(ToCoNet_mod_Nwk_Common.o)
                              /cygdrive/c/TWESDK/Wks_ToCoNet/Savacan_Switch/../../Wks_libToCoNet/libToCoNet/lib/libToCoNet_JN5164.a(ToCoNet_main.o) (_ToCoNet_vRxProc_App)
/cygdrive/c/TWESDK/Wks_ToCoNet/Savacan_Switch/../../Wks_libToCoNet/libToCoNet/lib/libToCoNet_JN5164.a(ToCoNet_mod_Channel_Mgr.o)
                              /cygdrive/c/TWESDK/Wks_ToCoNet/Savacan_Switch/../../Wks_libToCoNet/libToCoNet/lib/libToCoNet_JN5164.a(ToCoNet_main.o) (_ToCoNet_ChMgr_bCh_Reconfig)
/cygdrive/c/TWESDK/Wks_ToCoNet/Savacan_Switch/../../Wks_libToCoNet/libToCoNet/lib/libToCoNet_JN5164.a(Version.o)
                              /cygdrive/c/TWESDK/Wks_ToCoNet/Savacan_Switch/../../Wks_libToCoNet/libToCoNet/lib/libToCoNet_JN5164.a(ToCoNet_utils.o) (_au8ToCoNetVersionInfo)
/cygdrive/c/TWESDK/Wks_ToCoNet/Savacan_Switch/../../Wks_libToCoNet/libToCoNet/lib/libToCoNet_JN5164.a(AppQueueApi_ToCoNet.o)
                              /cygdrive/c/TWESDK/Wks_ToCoNet/Savacan_Switch/../../Wks_libToCoNet/libToCoNet/lib/libToCoNet_JN5164.a(ToCoNet_main.o) (_psAppQApiReadHwIndT)
/cygdrive/c/TWESDK/Wks_ToCoNet/Savacan_Switch/../../Wks_libToCoNet/libToCoNet/lib/libToCoNetExt_JN5164.a(AppStart.o)
                              /cygdrive/c/TWESDK/Wks_ToCoNet/Savacan_Switch/../../Wks_libToCoNet/libToCoNet/lib/libToCoNet_JN5164.a(ToCoNet_mod_Channel_Mgr.o) (__ToCoNet_bRfChChannel)
/cygdrive/c/TWESDK/Wks_ToCoNet/Savacan_Switch/../../Wks_libToCoNet/libToCoNet/lib/libToCoNetExt_JN5164.a(getMacAddr.o)
                              /cygdrive/c/TWESDK/Wks_ToCoNet/Savacan_Switch/../../Wks_libToCoNet/libToCoNet/lib/libToCoNet_JN5164.a(ToCoNet_main.o) (_ToCoNet_u32GetSerialOnBoot)
/cygdrive/c/TWESDK/Wks_ToCoNet/Savacan_Switch/../../Wks_libToCoNet/libToCoNet/lib/libToCoNetExt_JN5164.a(mac.o)
                              /cygdrive/c/TWESDK/Wks_ToCoNet/Savacan_Switch/../../Wks_libToCoNet/libToCoNet/lib/libToCoNet_JN5164.a(ToCoNet_main.o) (_Mac_bRxQueueReg)
/cygdrive/c/TWESDK/Wks_ToCoNet/Savacan_Switch/../../Wks_libToCoNet/libToCoNet/lib/libToCoNetExt_JN5164.a(AES_CCM.o)
                              /cygdrive/c/TWESDK/Wks_ToCoNet/Savacan_Switch/../../Wks_libToCoNet/libToCoNet/lib/libToCoNetExt_JN5164.a(mac.o) (_bAES_CCM_Encode)
/cygdrive/c/TWESDK/Wks_ToCoNet/Savacan_Switch/../../Wks_libToCoNet/libToCoNet/lib/libToCoNetExt_JN5164.a(no_ack_handler.o)
                              /cygdrive/c/TWESDK/Wks_ToCoNet/Savacan_Switch/../../Wks_libToCoNet/libToCoNet/lib/libToCoNetExt_JN5164.a(AppStart.o) (_vInstallNoAckHandler)
/cygdrive/c/TWESDK/Wks_ToCoNet/Savacan_Switch/../../Wks_libToCoNet/libToCoNet/lib/libToCoNetExt_JN5164.a(Version.o)
                              /cygdrive/c/TWESDK/Wks_ToCoNet/Savacan_Switch/../../Wks_libToCoNet/libToCoNet/lib/libToCoNet_JN5164.a(ToCoNet_utils.o) (_au8ToCoNetExtVersionInfo)
/cygdrive/c/TWESDK/Wks_ToCoNet/Savacan_Switch/../../Wks_libToCoNet/libToCoNet/lib/libToCoNetExt_JN5164.a(AHI_FlashIndexSector.o)
                              /cygdrive/c/TWESDK/Wks_ToCoNet/Savacan_Switch/../../Wks_libToCoNet/libToCoNet/lib/libToCoNetExt_JN5164.a(AppStart.o) (_bAHI_ReadUserData)
/cygdrive/c/TWESDK/Wks_ToCoNet/Savacan_Switch/../../Wks_libToCoNet/libToCoNet/lib/libToCoNetUtils_JN5164.a(serial.o)
                              objs_JN5164/SavacanSwitch.o (_SERIAL_bRxQueueEmpty)
/cygdrive/c/TWESDK/Wks_ToCoNet/Savacan_Switch/../../Wks_libToCoNet/libToCoNet/lib/libToCoNetUtils_JN5164.a(uart.o)
                              /cygdrive/c/TWESDK/Wks_ToCoNet/Savacan_Switch/../../Wks_libToCoNet/libToCoNet/lib/libToCoNetUtils_JN5164.a(serial.o) (_UART_vSetTxInterrupt)
/cygdrive/c/TWESDK/Wks_ToCoNet/Savacan_Switch/../../Wks_libToCoNet/libToCoNet/lib/libToCoNetUtils_JN5164.a(ByteQueue.o)
[...]
Memory Configuration

Name             Origin             Length             Attributes
flash            0x00080000         0x00028000
ram              0x0400004c         0x00007fb4
*default*        0x00000000         0xffffffff

Linker script and memory map

LOAD objs_JN5164/SavacanSwitch.o
LOAD /cygdrive/c/TWESDK/Wks_ToCoNet/Savacan_Switch/../../Wks_libToCoNet/libToCoNet/lib/libToCoNet_JN5164.a
LOAD /cygdrive/c/TWESDK/Wks_ToCoNet/Savacan_Switch/../../Wks_libToCoNet/libToCoNet/lib/libToCoNetExt_JN5164.a
LOAD /cygdrive/c/TWESDK/Wks_ToCoNet/Savacan_Switch/../../Wks_libToCoNet/libToCoNet/lib/libToCoNetUtils_JN5164.a
START GROUP
LOAD /cygdrive/c/TWESDK/516x/Components/Library/libAppApi_JN516x.a
LOAD /cygdrive/c/TWESDK/516x/Components/Library/libMac_JN516x.a
LOAD /cygdrive/c/TWESDK/516x/Components/Library/libTof_JN516x.a
LOAD /cygdrive/c/TWESDK/516x/Components/Library/libXcv_JN516x.a
LOAD /cygdrive/c/TWESDK/516x/Components/Library/libAES_CCM_SW_PATCH_JN516x.a
LOAD /cygdrive/c/TWESDK/516x/Components/Library/libAes_JN516x.a
LOAD /cygdrive/c/TWESDK/516x/Components/Library/libTimerServer_JN516x.a
LOAD /cygdrive/c/TWESDK/516x/Components/Library/libHardwareApi_JN516x.a
LOAD /cygdrive/c/TWESDK/516x/Components/Library/libMicroSpecific_JN516x.a
LOAD /cygdrive/c/TWESDK/516x/Components/Library/libBoot_JN516x.a
LOAD /cygdrive/c/TWESDK/516x/Components/Library/libMaths_JN516x.a
LOAD /cygdrive/c/TWESDK/Wks_ToCoNet/Savacan_Switch/../../Wks_libToCoNet/libToCoNet/lib/libToCoNet_JN5164.a
LOAD /cygdrive/c/TWESDK/Wks_ToCoNet/Savacan_Switch/../../Wks_libToCoNet/libToCoNet/lib/libToCoNetExt_JN5164.a
LOAD /cygdrive/c/TWESDK/Wks_ToCoNet/Savacan_Switch/../../Wks_libToCoNet/libToCoNet/lib/libToCoNetUtils_JN5164.a
END GROUP
LOAD /cygdrive/c/TWESDK/Tools/ba-elf-ba2/bin/../lib/gcc/ba-elf/4.1.2/ba2/libgcc.a
LOAD /cygdrive/c/TWESDK/Tools/ba-elf-ba2/bin/../lib/gcc/ba-elf/4.1.2/../../../../ba-elf/lib/ba2/libc.a
LOAD /cygdrive/c/TWESDK/Tools/ba-elf-ba2/bin/../lib/gcc/ba-elf/4.1.2/ba2/libgcc.a
                0x00001000                _stack_size = 0x1000
                0x00080038                __exception_vsr_table = 0x80038
                0x04000000                _pSPIflashFncTable = 0x4000000
                0x00001000                _stack_size = 0x1000
                0x00000044                restore_state = 0x44
                0x0000004a                _bZSPIWaitWIPClear = 0x4a
                0x00000050                _u16ZSPIflashRDID = 0x50
                0x00000056                _u8SelectFlashChipType = 0x56
                0x0000005c                _memcpy = 0x5c
                0x00000066                _vBootFlashProg = 0x66
                [0x00000d16]                _minimum_heap_size = DEFINED (_minimum_heap_size)?_minimum_heap_size:0xd16
                0x00000000                _SwConfig = (DEFINED (g_bSWConf_Debug) | (DEFINED (g_bSWConf_AltDebugPort) << 0x1))

.version        0x0007fffc        0x4
                0x0007fffc        0x4 LONG 0x4030008

.bir            0x00080000       0x10
                0x00080000                _flash_start = <code 342> (.)
                0x00080000                _flash_beg = <code 342> (.)
                0x00080000        0x4 LONG 0x12345678
                0x00080004        0x4 LONG 0x11223344
                0x00080008        0x4 LONG 0x55667788
                0x0008000c        0x1 BYTE 0x8
                0x0008000d        0x1 BYTE 0x1
                0x0008000e        0x2 SHORT 0x0

.flashheader    0x00080010       0x28
                0x00080010        0x4 LONG 0x0
                0x00080014        0x4 LONG 0x0
                0x00080018        0x4 LONG 0x0
                0x0008001c        0x2 SHORT 0x0
                0x0008001e        0x2 SHORT 0x0 <code 342> (_SwConfig)
                0x00080020                _enc_start = <code 342> (.)
                0x00080020        0x4 LONG 0xba38 <code 342> (_image_len)
                0x00000000                _enc_offset = (_enc_start & 0xf)
                [0x00000020]                _enc_start = (_enc_start - _flash_beg)
                0x00080024        0x4 LONG 0x8ba08 <code 342> (_flash_data_start)
                0x00080028        0x2 SHORT 0x13 ((<code 342> (_ram_data_start) / 0x4) & 0xffff)
                0x0008002a        0x2 SHORT 0xc ((<code 342> (_ram_data_len) / 0x4) & 0xffff)
                0x0008002c        0x2 SHORT 0x1f ((<code 342> (_bss_start) / 0x4) & 0xffff)
                0x0008002e        0x2 SHORT 0x670 ((<code 342> (_bss_len) / 0x4) & 0xffff)
                0x00080030        0x4 LONG 0x82368 <code 342> (_AppWarmStart)
                0x00080034        0x4 LONG 0x82514 <code 342> (_AppColdStart)
                0x00000044                PROVIDE (_vException_BusError, restore_state)
                0x00000044                PROVIDE (_vException_UnalignedAccess, restore_state)
                0x00000044                PROVIDE (_vException_IllegalInstruction, restore_state)
                0x00000044                PROVIDE (_vException_SysCall, restore_state)
                0x00000044                PROVIDE (_vException_Trap, restore_state)
                0x00000044                PROVIDE (_vException_StackOverflow, restore_state)
                0x00080038                . = <code 342> (__exception_vsr_table)

.vsr_table      0x00080038       0x18
                0x00080038        0x4 LONG 0x44 <code 342> (_vException_BusError)
                0x0008003c        0x4 LONG 0x44 <code 342> (_vException_UnalignedAccess)
                0x00080040        0x4 LONG 0x44 <code 342> (_vException_IllegalInstruction)
                0x00080044        0x4 LONG 0x44 <code 342> (_vException_SysCall)
                0x00080048        0x4 LONG 0x44 <code 342> (_vException_Trap)
                0x0008004c        0x4 LONG 0x44 <code 342> (_vException_StackOverflow)

.vsr_handlers   0x00080050       0xab
 *(.vsr_handlers)
 .vsr_handlers  0x00080050       0xab /cygdrive/c/TWESDK/516x/Components/Library/libBoot_JN516x.a(ExceptionHandler.o)
                0x00080050                __exception_external_interrupt
                0x000800f9                __default_vsr_dummy

.rodata         0x000800fc      0x4d5
 *(.rodata*)
 .rodata.str1.1
                0x000800fc       0xde objs_JN5164/SavacanSwitch.o
                                 0xe1 (size before relaxing)
 .rodata.str1.1
                0x000801da       0x11 /cygdrive/c/TWESDK/Wks_ToCoNet/Savacan_Switch/../../Wks_libToCoNet/libToCoNet/lib/libToCoNet_JN5164.a(ToCoNet_mod_Tx.o)
 *fill*         0x000801eb        0x1 00
 .rodata.asStateFuncTbl
                0x000801ec       0x38 /cygdrive/c/TWESDK/Wks_ToCoNet/Savacan_Switch/../../Wks_libToCoNet/libToCoNet/lib/libToCoNet_JN5164.a(ToCoNet_mod_Tx.o)
 .rodata.au8ToCoNetVersionInfo
                0x00080224        0xc /cygdrive/c/TWESDK/Wks_ToCoNet/Savacan_Switch/../../Wks_libToCoNet/libToCoNet/lib/libToCoNet_JN5164.a(Version.o)
                0x00080224                _au8ToCoNetVersionInfo
 .rodata.str1.1
                0x00080230       0x11 /cygdrive/c/TWESDK/Wks_ToCoNet/Savacan_Switch/../../Wks_libToCoNet/libToCoNet/lib/libToCoNetExt_JN5164.a(AppStart.o)
 .rodata        0x00080241       0x11 /cygdrive/c/TWESDK/Wks_ToCoNet/Savacan_Switch/../../Wks_libToCoNet/libToCoNet/lib/libToCoNetExt_JN5164.a(AppStart.o)
 .rodata.au8k.5340
                0x00080252       0x20 /cygdrive/c/TWESDK/Wks_ToCoNet/Savacan_Switch/../../Wks_libToCoNet/libToCoNet/lib/libToCoNetExt_JN5164.a(AppStart.o)
 .rodata.au8k.5378
                0x00080272       0x20 /cygdrive/c/TWESDK/Wks_ToCoNet/Savacan_Switch/../../Wks_libToCoNet/libToCoNet/lib/libToCoNetExt_JN5164.a(AppStart.o)
 .rodata.str1.1
                0x00080292       0x11 /cygdrive/c/TWESDK/Wks_ToCoNet/Savacan_Switch/../../Wks_libToCoNet/libToCoNet/lib/libToCoNetExt_JN5164.a(mac.o)
 *fill*         0x000802a3        0x1 00
 .rodata.u32MacHigh_TOCOS
                0x000802a4        0x4 /cygdrive/c/TWESDK/Wks_ToCoNet/Savacan_Switch/../../Wks_libToCoNet/libToCoNet/lib/libToCoNetExt_JN5164.a(mac.o)
                0x000802a4                _u32MacHigh_TOCOS
 .rodata.u32MacLow_TOCOS
                0x000802a8        0x4 /cygdrive/c/TWESDK/Wks_ToCoNet/Savacan_Switch/../../Wks_libToCoNet/libToCoNet/lib/libToCoNetExt_JN5164.a(mac.o)
                0x000802a8                _u32MacLow_TOCOS
 .rodata.u8CRCTable
                0x000802ac      0x100 /cygdrive/c/TWESDK/Wks_ToCoNet/Savacan_Switch/../../Wks_libToCoNet/libToCoNet/lib/libToCoNetUtils_JN5164.a(ccitt8.o)
 .rodata.str1.1
                0x000803ac        0x7 /cygdrive/c/TWESDK/Wks_ToCoNet/Savacan_Switch/../../Wks_libToCoNet/libToCoNet/lib/libToCoNetUtils_JN5164.a(fprintf.o)
 *fill*         0x000803b3        0x1 00
 .rodata.s_sPibInit
                0x000803b4       0x18 /cygdrive/c/TWESDK/516x/Components/Library/libMac_JN516x.a(mac_pib_mlme.o)
 .rodata.aeXcvPhyEvtToScanEvt.4240
                0x000803cc       0x18 /cygdrive/c/TWESDK/516x/Components/Library/libMac_JN516x.a(mac_scan.o)
 .rodata.aeXcvBbcEvtToScanEvt.4230
                0x000803e4        0xa /cygdrive/c/TWESDK/516x/Components/Library/libMac_JN516x.a(mac_scan.o)
 .rodata.s_atScanEvtST
                0x000803ee       0x31 /cygdrive/c/TWESDK/516x/Components/Library/libMac_JN516x.a(mac_scan.o)
 *fill*         0x0008041f        0x1 00
 .rodata.s_aprScanHandleEvt
                0x00080420       0x30 /cygdrive/c/TWESDK/516x/Components/Library/libMac_JN516x.a(mac_scan.o)
 .rodata.psTAMcontext
                0x00080450        0x4 /cygdrive/c/TWESDK/516x/Components/Library/libMac_JN516x.a(TAM.o)
                0x00080450                _psTAMcontext
 .rodata.psTamMacContext
                0x00080454        0x4 /cygdrive/c/TWESDK/516x/Components/Library/libMac_JN516x.a(TAM.o)
                0x00080454                _psTamMacContext
 .rodata.psTamXcvContext
                0x00080458        0x4 /cygdrive/c/TWESDK/516x/Components/Library/libMac_JN516x.a(TAM.o)
                0x00080458                _psTamXcvContext
 .rodata.au8XcvToTAMevent.4757
                0x0008045c        0xa /cygdrive/c/TWESDK/516x/Components/Library/libMac_JN516x.a(TAM.o)
 .rodata.au8HeaderSize.4215
                0x00080466        0xe /cygdrive/c/TWESDK/516x/Components/Library/libMac_JN516x.a(TAMcommon.o)
 .rodata.apvActionCalls
                0x00080474       0x88 /cygdrive/c/TWESDK/516x/Components/Library/libMac_JN516x.a(TAMevent.o)
                0x00080474                _apvActionCalls
 .rodata.au8StateActions
                0x000804fc       0x8c /cygdrive/c/TWESDK/516x/Components/Library/libMac_JN516x.a(TAMevent.o)
                0x000804fc                _au8StateActions
 .rodata.au8SizeInc.4433
                0x00080588        0x9 /cygdrive/c/TWESDK/516x/Components/Library/libMac_JN516x.a(TAMsecurity.o)
 .rodata.au8MICLenLUT.3714
                0x00080591        0x4 /cygdrive/c/TWESDK/516x/Components/Library/libMac_JN516x.a(TAMsecurity.o)
 .rodata.au8FlashWaitStates32MXO
                0x00080595        0x8 /cygdrive/c/TWESDK/516x/Components/Library/libHardwareApi_JN516x.a(AHI_System.o)
 .rodata.au8FlashWaitStatesHSRCO
                0x0008059d        0x8 /cygdrive/c/TWESDK/516x/Components/Library/libHardwareApi_JN516x.a(AHI_System.o)
 *fill*         0x000805a5        0x3 00
 .rodata.au32TimerBaseAddress
                0x000805a8       0x14 /cygdrive/c/TWESDK/516x/Components/Library/libHardwareApi_JN516x.a(AHI_Timer.o)
 .rodata.au32UartAddrOffset
                0x000805bc        0x8 /cygdrive/c/TWESDK/516x/Components/Library/libHardwareApi_JN516x.a(AHI_Uart.o)
                0x000805bc                _au32UartAddrOffset
 .rodata.au8dataSizeTable
                0x000805c4        0xd /cygdrive/c/TWESDK/516x/Components/Library/libAes_JN516x.a(AEScoprocessorAPI.o)
                0x000805c4                _au8dataSizeTable

.text           0x000805d4     0xb431
 *(.text*)
 .text.cbToCoNet_vNwkEvent
                0x000805d4        0x3 objs_JN5164/SavacanSwitch.o
                0x000805d4                _cbToCoNet_vNwkEvent
 .text.cbToCoNet_vTxEvent
                0x000805d7        0x3 objs_JN5164/SavacanSwitch.o
                0x000805d7                _cbToCoNet_vTxEvent
 .text.cbToCoNet_u8HwInt
                0x000805da        0x5 objs_JN5164/SavacanSwitch.o
                0x000805da                _cbToCoNet_u8HwInt
 .text.vProcessEvCore
                0x000805df        0x3 objs_JN5164/SavacanSwitch.o
 .text.vSerialInit
                0x000805e2       0x6e objs_JN5164/SavacanSwitch.o
                0x000805e2                _vSerialInit
 .text.cbToCoNet_vHwEvent
                0x00080650       0x5c objs_JN5164/SavacanSwitch.o
                0x00080650                _cbToCoNet_vHwEvent
 .text.cbToCoNet_vRxEvent
                0x000806ac       0xeb objs_JN5164/SavacanSwitch.o
                0x000806ac                _cbToCoNet_vRxEvent
 .text.cbToCoNet_vMain
                0x00080797      0x248 objs_JN5164/SavacanSwitch.o
                0x00080797                _cbToCoNet_vMain
 .text.vInitHardware
                0x000809df       0x82 objs_JN5164/SavacanSwitch.o
 .text.cbAppWarmStart
                0x00080a61       0x4a objs_JN5164/SavacanSwitch.o
                0x00080a61                _cbAppWarmStart
 .text.cbAppColdStart
                0x00080aab       0x82 objs_JN5164/SavacanSwitch.o
                0x00080aab                _cbAppColdStart
 .text.PRSEV_u8Register
                0x00080b2d       0x32 /cygdrive/c/TWESDK/Wks_ToCoNet/Savacan_Switch/../../Wks_libToCoNet/libToCoNet/lib/libToCoNet_JN5164.a(ToCoNet_event.o)
                0x00080b2d                _PRSEV_u8Register
 .text.PRSEV_vSetStateAll
                0x00080b5f       0x3b /cygdrive/c/TWESDK/Wks_ToCoNet/Savacan_Switch/../../Wks_libToCoNet/libToCoNet/lib/libToCoNet_JN5164.a(ToCoNet_event.o)
                0x00080b5f                _PRSEV_vSetStateAll
 .text.PRSEV_vSetState
                0x00080b9a       0x10 /cygdrive/c/TWESDK/Wks_ToCoNet/Savacan_Switch/../../Wks_libToCoNet/libToCoNet/lib/libToCoNet_JN5164.a(ToCoNet_event.o)
                0x00080b9a                _PRSEV_vSetState
 .text.PRSEV_vProcessEv_core
                0x00080baa       0x8f /cygdrive/c/TWESDK/Wks_ToCoNet/Savacan_Switch/../../Wks_libToCoNet/libToCoNet/lib/libToCoNet_JN5164.a(ToCoNet_event.o)
 .text.PRSEV_vProcessEvPost
                0x00080c39       0x35 /cygdrive/c/TWESDK/Wks_ToCoNet/Savacan_Switch/../../Wks_libToCoNet/libToCoNet/lib/libToCoNet_JN5164.a(ToCoNet_event.o)
                0x00080c39                _PRSEV_vProcessEvPost
 .text._PRSEV_vProcessEv
                0x00080c6e       0x16 /cygdrive/c/TWESDK/Wks_ToCoNet/Savacan_Switch/../../Wks_libToCoNet/libToCoNet/lib/libToCoNet_JN5164.a(ToCoNet_event.o)
                0x00080c6e                __PRSEV_vProcessEv
 .text._PRSEV_vProcessEvSingle
                0x00080c84       0x14 /cygdrive/c/TWESDK/Wks_ToCoNet/Savacan_Switch/../../Wks_libToCoNet/libToCoNet/lib/libToCoNet_JN5164.a(ToCoNet_event.o)
                0x00080c84                __PRSEV_vProcessEvSingle
 .text._PRSEV_vProcessEvSingleH
                0x00080c98       0x16 /cygdrive/c/TWESDK/Wks_ToCoNet/Savacan_Switch/../../Wks_libToCoNet/libToCoNet/lib/libToCoNet_JN5164.a(ToCoNet_event.o)
                0x00080c98                __PRSEV_vProcessEvSingleH
 .text.ToCoNet_Event_StateExec
                0x00080cae       0x31 /cygdrive/c/TWESDK/Wks_ToCoNet/Savacan_Switch/../../Wks_libToCoNet/libToCoNet/lib/libToCoNet_JN5164.a(ToCoNet_event.o)
                0x00080cae                _ToCoNet_Event_StateExec
 .text.PRSEV_vInit
                0x00080cdf       0x4d /cygdrive/c/TWESDK/Wks_ToCoNet/Savacan_Switch/../../Wks_libToCoNet/libToCoNet/lib/libToCoNet_JN5164.a(ToCoNet_event.o)
                0x00080cdf                _PRSEV_vInit
 .text.ToCoNet_vDebugInit
                0x00080d2c        0x9 /cygdrive/c/TWESDK/Wks_ToCoNet/Savacan_Switch/../../Wks_libToCoNet/libToCoNet/lib/libToCoNet_JN5164.a(ToCoNet_main.o)
                0x00080d2c                _ToCoNet_vDebugInit
 .text.ToCoNet_vDebugLevel
                0x00080d35        0x9 /cygdrive/c/TWESDK/Wks_ToCoNet/Savacan_Switch/../../Wks_libToCoNet/libToCoNet/lib/libToCoNet_JN5164.a(ToCoNet_main.o)
                0x00080d35                _ToCoNet_vDebugLevel
 .text._ToCoNet_bRaisePanic
                0x00080d3e       0x3b /cygdrive/c/TWESDK/Wks_ToCoNet/Savacan_Switch/../../Wks_libToCoNet/libToCoNet/lib/libToCoNet_JN5164.a(ToCoNet_main.o)
                0x00080d3e                __ToCoNet_bRaisePanic
 .text.ToCoNet_bMacTxReq
                0x00080d79       0xfe /cygdrive/c/TWESDK/Wks_ToCoNet/Savacan_Switch/../../Wks_libToCoNet/libToCoNet/lib/libToCoNet_JN5164.a(ToCoNet_main.o)
                0x00080d79                _ToCoNet_bMacTxReq
 .text.ToCoNet_vRfConfig
                0x00080e77        0x6 /cygdrive/c/TWESDK/Wks_ToCoNet/Savacan_Switch/../../Wks_libToCoNet/libToCoNet/lib/libToCoNet_JN5164.a(ToCoNet_main.o)
                0x00080e77                _ToCoNet_vRfConfig
 .text.ToCoNet_vMacStart
                0x00080e7d       0x11 /cygdrive/c/TWESDK/Wks_ToCoNet/Savacan_Switch/../../Wks_libToCoNet/libToCoNet/lib/libToCoNet_JN5164.a(ToCoNet_main.o)
                0x00080e7d                _ToCoNet_vMacStart
 .text.ToCoNet_vMain
                0x00080e8e      0x26c /cygdrive/c/TWESDK/Wks_ToCoNet/Savacan_Switch/../../Wks_libToCoNet/libToCoNet/lib/libToCoNet_JN5164.a(ToCoNet_main.o)
                0x00080e8e                _ToCoNet_vMain
 .text.vProcessEvCoreMac
                0x000810fa       0x7a /cygdrive/c/TWESDK/Wks_ToCoNet/Savacan_Switch/../../Wks_libToCoNet/libToCoNet/lib/libToCoNet_JN5164.a(ToCoNet_main.o)
                0x000810fa                _vProcessEvCoreMac
 .text.ToCoNet_vStart
                0x00081174      0x3e2 /cygdrive/c/TWESDK/Wks_ToCoNet/Savacan_Switch/../../Wks_libToCoNet/libToCoNet/lib/libToCoNet_JN5164.a(ToCoNet_main.o)
                0x00081174                _ToCoNet_vStart
 .text.ToCoNet_vInit
                0x00081556      0x135 /cygdrive/c/TWESDK/Wks_ToCoNet/Savacan_Switch/../../Wks_libToCoNet/libToCoNet/lib/libToCoNet_JN5164.a(ToCoNet_main.o)
                0x00081556                _ToCoNet_vInit
 .text.u8HwEventHandler
                0x0008168b       0x27 /cygdrive/c/TWESDK/Wks_ToCoNet/Savacan_Switch/../../Wks_libToCoNet/libToCoNet/lib/libToCoNet_JN5164.a(ToCoNet_main.o)
 .text.ToCoNet_u32GetVersion
                0x000816b2       0x21 /cygdrive/c/TWESDK/Wks_ToCoNet/Savacan_Switch/../../Wks_libToCoNet/libToCoNet/lib/libToCoNet_JN5164.a(ToCoNet_utils.o)
                0x000816b2                _ToCoNet_u32GetVersion
 .text.ToCoNet_u16GetPanId
                0x000816d3        0x9 /cygdrive/c/TWESDK/Wks_ToCoNet/Savacan_Switch/../../Wks_libToCoNet/libToCoNet/lib/libToCoNet_JN5164.a(ToCoNet_utils.o)
                0x000816d3                _ToCoNet_u16GetPanId
 .text.ToCoNet_u32GetSerial
                0x000816dc        0x9 /cygdrive/c/TWESDK/Wks_ToCoNet/Savacan_Switch/../../Wks_libToCoNet/libToCoNet/lib/libToCoNet_JN5164.a(ToCoNet_utils.o)
                0x000816dc                _ToCoNet_u32GetSerial
 .text.ToCoNet_u32GetRand
                0x000816e5       0x65 /cygdrive/c/TWESDK/Wks_ToCoNet/Savacan_Switch/../../Wks_libToCoNet/libToCoNet/lib/libToCoNet_JN5164.a(ToCoNet_utils.o)
                0x000816e5                _ToCoNet_u32GetRand
 .text.ToCoNet_vReg_mod_Tx_Standard
                0x0008174a       0x1d /cygdrive/c/TWESDK/Wks_ToCoNet/Savacan_Switch/../../Wks_libToCoNet/libToCoNet/lib/libToCoNet_JN5164.a(ToCoNet_mod_Tx.o)
                0x0008174a                _ToCoNet_vReg_mod_Tx_Standard
 .text.vProcessEvCoreTx
                0x00081767       0x67 /cygdrive/c/TWESDK/Wks_ToCoNet/Savacan_Switch/../../Wks_libToCoNet/libToCoNet/lib/libToCoNet_JN5164.a(ToCoNet_mod_Tx.o)
 .text.vHnd_E_STATE_FINISH_TX_SUCCESS
                0x000817ce       0x9b /cygdrive/c/TWESDK/Wks_ToCoNet/Savacan_Switch/../../Wks_libToCoNet/libToCoNet/lib/libToCoNet_JN5164.a(ToCoNet_mod_Tx.o)
 .text.vHnd_E_STATE_WAIT_TX
                0x00081869       0x71 /cygdrive/c/TWESDK/Wks_ToCoNet/Savacan_Switch/../../Wks_libToCoNet/libToCoNet/lib/libToCoNet_JN5164.a(ToCoNet_mod_Tx.o)
 .text.vHnd_E_STATE_PREPARE_TX
                0x000818da      0x160 /cygdrive/c/TWESDK/Wks_ToCoNet/Savacan_Switch/../../Wks_libToCoNet/libToCoNet/lib/libToCoNet_JN5164.a(ToCoNet_mod_Tx.o)
 .text.vHnd_E_STATE_IDLE
                0x00081a3a       0x49 /cygdrive/c/TWESDK/Wks_ToCoNet/Savacan_Switch/../../Wks_libToCoNet/libToCoNet/lib/libToCoNet_JN5164.a(ToCoNet_mod_Tx.o)
 .text.vHnd_E_STATE_RUNNING
                0x00081a83      0x202 /cygdrive/c/TWESDK/Wks_ToCoNet/Savacan_Switch/../../Wks_libToCoNet/libToCoNet/lib/libToCoNet_JN5164.a(ToCoNet_mod_Tx.o)
 .text.vHnd_E_STATE_FINISH_TX_FAIL
                0x00081c85       0xc2 /cygdrive/c/TWESDK/Wks_ToCoNet/Savacan_Switch/../../Wks_libToCoNet/libToCoNet/lib/libToCoNet_JN5164.a(ToCoNet_mod_Tx.o)
 .text.ToCoNet_vReg_mod_TxRxQueueMid
                0x00081d47       0x84 /cygdrive/c/TWESDK/Wks_ToCoNet/Savacan_Switch/../../Wks_libToCoNet/libToCoNet/lib/libToCoNet_JN5164.a(ToCoNet_mod_TxRxQueue.o)
                0x00081d47                _ToCoNet_vReg_mod_TxRxQueueMid
 .text.ToCoNet_vRxProc_App
                0x00081dcb       0x81 /cygdrive/c/TWESDK/Wks_ToCoNet/Savacan_Switch/../../Wks_libToCoNet/libToCoNet/lib/libToCoNet_JN5164.a(ToCoNet_mod_Nwk_Common.o)
                0x00081dcb                _ToCoNet_vRxProc_App
 .text.ToCoNet_vRxProc_Mod
                0x00081e4c       0x49 /cygdrive/c/TWESDK/Wks_ToCoNet/Savacan_Switch/../../Wks_libToCoNet/libToCoNet/lib/libToCoNet_JN5164.a(ToCoNet_mod_Nwk_Common.o)
                0x00081e4c                _ToCoNet_vRxProc_Mod
 .text.ToCoNet_ChMgr_bCh_Reconfig
                0x00081e95       0x68 /cygdrive/c/TWESDK/Wks_ToCoNet/Savacan_Switch/../../Wks_libToCoNet/libToCoNet/lib/libToCoNet_JN5164.a(ToCoNet_mod_Channel_Mgr.o)
                0x00081e95                _ToCoNet_ChMgr_bCh_Reconfig
 .text.ToCoNet_ChMgr_vCh_TxFin
                0x00081efd       0x30 /cygdrive/c/TWESDK/Wks_ToCoNet/Savacan_Switch/../../Wks_libToCoNet/libToCoNet/lib/libToCoNet_JN5164.a(ToCoNet_mod_Channel_Mgr.o)
                0x00081efd                _ToCoNet_ChMgr_vCh_TxFin
 .text.ToCoNet_ChMgr_bCh_OnTx
                0x00081f2d       0x6d /cygdrive/c/TWESDK/Wks_ToCoNet/Savacan_Switch/../../Wks_libToCoNet/libToCoNet/lib/libToCoNet_JN5164.a(ToCoNet_mod_Channel_Mgr.o)
                0x00081f2d                _ToCoNet_ChMgr_bCh_OnTx
 .text.vFifoInit
                0x00081f9a       0x14 /cygdrive/c/TWESDK/Wks_ToCoNet/Savacan_Switch/../../Wks_libToCoNet/libToCoNet/lib/libToCoNet_JN5164.a(AppQueueApi_ToCoNet.o)
 .text.pvFifoPull
                0x00081fae       0x23 /cygdrive/c/TWESDK/Wks_ToCoNet/Savacan_Switch/../../Wks_libToCoNet/libToCoNet/lib/libToCoNet_JN5164.a(AppQueueApi_ToCoNet.o)
 .text.psAppQApiGetMcpsBuffer
                0x00081fd1        0xc /cygdrive/c/TWESDK/Wks_ToCoNet/Savacan_Switch/../../Wks_libToCoNet/libToCoNet/lib/libToCoNet_JN5164.a(AppQueueApi_ToCoNet.o)
 .text.psAppQApiGetMlmeBuffer
                0x00081fdd        0xc /cygdrive/c/TWESDK/Wks_ToCoNet/Savacan_Switch/../../Wks_libToCoNet/libToCoNet/lib/libToCoNet_JN5164.a(AppQueueApi_ToCoNet.o)
 .text.psAppQApiReadHwIndT
                0x00081fe9        0xc /cygdrive/c/TWESDK/Wks_ToCoNet/Savacan_Switch/../../Wks_libToCoNet/libToCoNet/lib/libToCoNet_JN5164.a(AppQueueApi_ToCoNet.o)
                0x00081fe9                _psAppQApiReadHwIndT
 .text.psAppQApiReadMcpsIndT
                0x00081ff5        0xc /cygdrive/c/TWESDK/Wks_ToCoNet/Savacan_Switch/../../Wks_libToCoNet/libToCoNet/lib/libToCoNet_JN5164.a(AppQueueApi_ToCoNet.o)
                0x00081ff5                _psAppQApiReadMcpsIndT
 .text.psAppQApiReadMlmeIndT
                0x00082001        0xc /cygdrive/c/TWESDK/Wks_ToCoNet/Savacan_Switch/../../Wks_libToCoNet/libToCoNet/lib/libToCoNet_JN5164.a(AppQueueApi_ToCoNet.o)
                0x00082001                _psAppQApiReadMlmeIndT
 .text.bFifoPush
                0x0008200d       0x28 /cygdrive/c/TWESDK/Wks_ToCoNet/Savacan_Switch/../../Wks_libToCoNet/libToCoNet/lib/libToCoNet_JN5164.a(AppQueueApi_ToCoNet.o)
 .text.vAppQApiPostMcps
                0x00082035       0x1e /cygdrive/c/TWESDK/Wks_ToCoNet/Savacan_Switch/../../Wks_libToCoNet/libToCoNet/lib/libToCoNet_JN5164.a(AppQueueApi_ToCoNet.o)
 .text.vAppQApiPostMlme
                0x00082053       0x22 /cygdrive/c/TWESDK/Wks_ToCoNet/Savacan_Switch/../../Wks_libToCoNet/libToCoNet/lib/libToCoNet_JN5164.a(AppQueueApi_ToCoNet.o)
 .text.vAppQApiReturnHwIndBufferT
                0x00082075        0xe /cygdrive/c/TWESDK/Wks_ToCoNet/Savacan_Switch/../../Wks_libToCoNet/libToCoNet/lib/libToCoNet_JN5164.a(AppQueueApi_ToCoNet.o)
                0x00082075                _vAppQApiReturnHwIndBufferT
 .text.vAppQApiReturnMcpsIndBufferT
                0x00082083        0xe /cygdrive/c/TWESDK/Wks_ToCoNet/Savacan_Switch/../../Wks_libToCoNet/libToCoNet/lib/libToCoNet_JN5164.a(AppQueueApi_ToCoNet.o)
                0x00082083                _vAppQApiReturnMcpsIndBufferT
 .text.vAppQApiReturnMlmeIndBufferT
                0x00082091        0xe /cygdrive/c/TWESDK/Wks_ToCoNet/Savacan_Switch/../../Wks_libToCoNet/libToCoNet/lib/libToCoNet_JN5164.a(AppQueueApi_ToCoNet.o)
                0x00082091                _vAppQApiReturnMlmeIndBufferT
 .text.u32AppQApiInitT
                0x0008209f      0x18f /cygdrive/c/TWESDK/Wks_ToCoNet/Savacan_Switch/../../Wks_libToCoNet/libToCoNet/lib/libToCoNet_JN5164.a(AppQueueApi_ToCoNet.o)
                0x0008209f                _u32AppQApiInitT
 .text.vAppQApiPostHwIntT
                0x0008222e       0x6e /cygdrive/c/TWESDK/Wks_ToCoNet/Savacan_Switch/../../Wks_libToCoNet/libToCoNet/lib/libToCoNet_JN5164.a(AppQueueApi_ToCoNet.o)
 .text.u32AppQApiInitNetwork
                0x0008229c       0x22 /cygdrive/c/TWESDK/Wks_ToCoNet/Savacan_Switch/../../Wks_libToCoNet/libToCoNet/lib/libToCoNet_JN5164.a(AppQueueApi_ToCoNet.o)
                0x0008229c                _u32AppQApiInitNetwork
 .text._ToCoNet_bRfChChannel
                0x000822be       0xaa /cygdrive/c/TWESDK/Wks_ToCoNet/Savacan_Switch/../../Wks_libToCoNet/libToCoNet/lib/libToCoNetExt_JN5164.a(AppStart.o)
                0x000822be                __ToCoNet_bRfChChannel
 .text.AppWarmStart
                0x00082368       0x9d /cygdrive/c/TWESDK/Wks_ToCoNet/Savacan_Switch/../../Wks_libToCoNet/libToCoNet/lib/libToCoNetExt_JN5164.a(AppStart.o)
                0x00082368                _AppWarmStart
 .text._ToCoNet_vMacInit
                0x00082405       0x2c /cygdrive/c/TWESDK/Wks_ToCoNet/Savacan_Switch/../../Wks_libToCoNet/libToCoNet/lib/libToCoNetExt_JN5164.a(AppStart.o)
                0x00082405                __ToCoNet_vMacInit
 .text._ToCoNet_vRfConfig
                0x00082431       0xe3 /cygdrive/c/TWESDK/Wks_ToCoNet/Savacan_Switch/../../Wks_libToCoNet/libToCoNet/lib/libToCoNetExt_JN5164.a(AppStart.o)
                0x00082431                __ToCoNet_vRfConfig
 .text.AppColdStart
                0x00082514      0x4d7 /cygdrive/c/TWESDK/Wks_ToCoNet/Savacan_Switch/../../Wks_libToCoNet/libToCoNet/lib/libToCoNetExt_JN5164.a(AppStart.o)
                0x00082514                _AppColdStart
 .text.ToCoNet_u32GetSerialOnBoot
                0x000829eb       0x37 /cygdrive/c/TWESDK/Wks_ToCoNet/Savacan_Switch/../../Wks_libToCoNet/libToCoNet/lib/libToCoNetExt_JN5164.a(getMacAddr.o)
                0x000829eb                _ToCoNet_u32GetSerialOnBoot
 .text.Mac_bRxQueueReg
                0x00082a22       0x34 /cygdrive/c/TWESDK/Wks_ToCoNet/Savacan_Switch/../../Wks_libToCoNet/libToCoNet/lib/libToCoNetExt_JN5164.a(mac.o)
                0x00082a22                _Mac_bRxQueueReg
 .text.Mac_vSetHighDataRate
                0x00082a56        0x3 /cygdrive/c/TWESDK/Wks_ToCoNet/Savacan_Switch/../../Wks_libToCoNet/libToCoNet/lib/libToCoNetExt_JN5164.a(mac.o)
                0x00082a56                _Mac_vSetHighDataRate
 .text.Mac_vSetCCA
                0x00082a59       0x32 /cygdrive/c/TWESDK/Wks_ToCoNet/Savacan_Switch/../../Wks_libToCoNet/libToCoNet/lib/libToCoNetExt_JN5164.a(mac.o)
                0x00082a59                _Mac_vSetCCA
 .text.Mac_vSetRetry
                0x00082a8b       0x1e /cygdrive/c/TWESDK/Wks_ToCoNet/Savacan_Switch/../../Wks_libToCoNet/libToCoNet/lib/libToCoNetExt_JN5164.a(mac.o)
                0x00082a8b                _Mac_vSetRetry
 .text.Mac_vReset
                0x00082aa9       0x20 /cygdrive/c/TWESDK/Wks_ToCoNet/Savacan_Switch/../../Wks_libToCoNet/libToCoNet/lib/libToCoNetExt_JN5164.a(mac.o)
                0x00082aa9                _Mac_vReset
 .text.bDecodeAES
                0x00082ac9       0xc6 /cygdrive/c/TWESDK/Wks_ToCoNet/Savacan_Switch/../../Wks_libToCoNet/libToCoNet/lib/libToCoNetExt_JN5164.a(mac.o)
                0x00082ac9                _bDecodeAES
 .text.bEncodeAES
                0x00082b8f       0xbb /cygdrive/c/TWESDK/Wks_ToCoNet/Savacan_Switch/../../Wks_libToCoNet/libToCoNet/lib/libToCoNetExt_JN5164.a(mac.o)
                0x00082b8f                _bEncodeAES
 .text.Mac_vHandleMcpsDataInd
                0x00082c4a      0x2a0 /cygdrive/c/TWESDK/Wks_ToCoNet/Savacan_Switch/../../Wks_libToCoNet/libToCoNet/lib/libToCoNetExt_JN5164.a(mac.o)
                0x00082c4a                _Mac_vHandleMcpsDataInd
 .text.Mac_vInit
                0x00082eea       0x41 /cygdrive/c/TWESDK/Wks_ToCoNet/Savacan_Switch/../../Wks_libToCoNet/libToCoNet/lib/libToCoNetExt_JN5164.a(mac.o)
                0x00082eea                _Mac_vInit
 .text.Mac_bTransmit
                0x00082f2b      0x1ee /cygdrive/c/TWESDK/Wks_ToCoNet/Savacan_Switch/../../Wks_libToCoNet/libToCoNet/lib/libToCoNetExt_JN5164.a(mac.o)
                0x00082f2b                _Mac_bTransmit
 .text.bAES_CCM_Encode
                0x00083119       0x1e /cygdrive/c/TWESDK/Wks_ToCoNet/Savacan_Switch/../../Wks_libToCoNet/libToCoNet/lib/libToCoNetExt_JN5164.a(AES_CCM.o)
                0x00083119                _bAES_CCM_Encode
 .text.bAES_CCM_Decode
                0x00083137       0x1e /cygdrive/c/TWESDK/Wks_ToCoNet/Savacan_Switch/../../Wks_libToCoNet/libToCoNet/lib/libToCoNetExt_JN5164.a(AES_CCM.o)
                0x00083137                _bAES_CCM_Decode
 .text.bAES_CCM_KeyReg
                0x00083155       0x4a /cygdrive/c/TWESDK/Wks_ToCoNet/Savacan_Switch/../../Wks_libToCoNet/libToCoNet/lib/libToCoNetExt_JN5164.a(AES_CCM.o)
                0x00083155                _bAES_CCM_KeyReg
 .text.bAES_CCM_DecodeKey
                0x0008319f       0x6b /cygdrive/c/TWESDK/Wks_ToCoNet/Savacan_Switch/../../Wks_libToCoNet/libToCoNet/lib/libToCoNetExt_JN5164.a(AES_CCM.o)
                0x0008319f                _bAES_CCM_DecodeKey
 .text.bAES_CCM_EncodeKey
                0x0008320a       0x5c /cygdrive/c/TWESDK/Wks_ToCoNet/Savacan_Switch/../../Wks_libToCoNet/libToCoNet/lib/libToCoNetExt_JN5164.a(AES_CCM.o)
                0x0008320a                _bAES_CCM_EncodeKey
 .text.vInstallNoAckHandler
                0x00083266       0x2a /cygdrive/c/TWESDK/Wks_ToCoNet/Savacan_Switch/../../Wks_libToCoNet/libToCoNet/lib/libToCoNetExt_JN5164.a(no_ack_handler.o)
                0x00083266                _vInstallNoAckHandler
 .text.vHandlerPatch
                0x00083290       0x38 /cygdrive/c/TWESDK/Wks_ToCoNet/Savacan_Switch/../../Wks_libToCoNet/libToCoNet/lib/libToCoNetExt_JN5164.a(no_ack_handler.o)
 .text.bAHI_ReadIndexSectorPage
                0x000832c8       0x4a /cygdrive/c/TWESDK/Wks_ToCoNet/Savacan_Switch/../../Wks_libToCoNet/libToCoNet/lib/libToCoNetExt_JN5164.a(AHI_FlashIndexSector.o)
                0x000832c8                _bAHI_ReadIndexSectorPage
 .text.bAHI_ReadUserData
                0x00083312       0x2a /cygdrive/c/TWESDK/Wks_ToCoNet/Savacan_Switch/../../Wks_libToCoNet/libToCoNet/lib/libToCoNetExt_JN5164.a(AHI_FlashIndexSector.o)
                0x00083312                _bAHI_ReadUserData
 .text.bAHI_ReadIndexSectorBit
                0x0008333c       0x39 /cygdrive/c/TWESDK/Wks_ToCoNet/Savacan_Switch/../../Wks_libToCoNet/libToCoNet/lib/libToCoNetExt_JN5164.a(AHI_FlashIndexSector.o)
                0x0008333c                _bAHI_ReadIndexSectorBit
 .text.u32AHI_ReadIndexSectorBits
                0x00083375       0x37 /cygdrive/c/TWESDK/Wks_ToCoNet/Savacan_Switch/../../Wks_libToCoNet/libToCoNet/lib/libToCoNetExt_JN5164.a(AHI_FlashIndexSector.o)
                0x00083375                _u32AHI_ReadIndexSectorBits
 .text.bAHI_ReadCustomerSettings
                0x000833ac       0x9b /cygdrive/c/TWESDK/Wks_ToCoNet/Savacan_Switch/../../Wks_libToCoNet/libToCoNet/lib/libToCoNetExt_JN5164.a(AHI_FlashIndexSector.o)
                0x000833ac                _bAHI_ReadCustomerSettings
 .text.bAHI_ReadMACID
                0x00083447       0x46 /cygdrive/c/TWESDK/Wks_ToCoNet/Savacan_Switch/../../Wks_libToCoNet/libToCoNet/lib/libToCoNetExt_JN5164.a(AHI_FlashIndexSector.o)
                0x00083447                _bAHI_ReadMACID
 .text.SERIAL_bTxQueueEmpty
                0x0008348d       0x18 /cygdrive/c/TWESDK/Wks_ToCoNet/Savacan_Switch/../../Wks_libToCoNet/libToCoNet/lib/libToCoNetUtils_JN5164.a(serial.o)
                0x0008348d                _SERIAL_bTxQueueEmpty
 .text.SERIAL_bRxQueueEmpty
                0x000834a5       0x18 /cygdrive/c/TWESDK/Wks_ToCoNet/Savacan_Switch/../../Wks_libToCoNet/libToCoNet/lib/libToCoNetUtils_JN5164.a(serial.o)
                0x000834a5                _SERIAL_bRxQueueEmpty
 .text.SERIAL_vTxReady
                0x000834bd       0x36 /cygdrive/c/TWESDK/Wks_ToCoNet/Savacan_Switch/../../Wks_libToCoNet/libToCoNet/lib/libToCoNetUtils_JN5164.a(serial.o)
                0x000834bd                _SERIAL_vTxReady
 .text.SERIAL_vFlush
                0x000834f3       0x39 /cygdrive/c/TWESDK/Wks_ToCoNet/Savacan_Switch/../../Wks_libToCoNet/libToCoNet/lib/libToCoNetUtils_JN5164.a(serial.o)
                0x000834f3                _SERIAL_vFlush
 .text.SERIAL_i16RxChar
                0x0008352c       0x4c /cygdrive/c/TWESDK/Wks_ToCoNet/Savacan_Switch/../../Wks_libToCoNet/libToCoNet/lib/libToCoNetUtils_JN5164.a(serial.o)
                0x0008352c                _SERIAL_i16RxChar
 .text.SERIAL_bTxChar
                0x00083578       0x73 /cygdrive/c/TWESDK/Wks_ToCoNet/Savacan_Switch/../../Wks_libToCoNet/libToCoNet/lib/libToCoNetUtils_JN5164.a(serial.o)
                0x00083578                _SERIAL_bTxChar
 .text.SERIAL_vInitEx
                0x000835eb       0x90 /cygdrive/c/TWESDK/Wks_ToCoNet/Savacan_Switch/../../Wks_libToCoNet/libToCoNet/lib/libToCoNetUtils_JN5164.a(serial.o)
                0x000835eb                _SERIAL_vInitEx
 .text.vRxChar  0x0008367b       0x3e /cygdrive/c/TWESDK/Wks_ToCoNet/Savacan_Switch/../../Wks_libToCoNet/libToCoNet/lib/libToCoNetUtils_JN5164.a(serial.o)
 .text.UART_vSetTxInterrupt
                0x000836b9       0x1a /cygdrive/c/TWESDK/Wks_ToCoNet/Savacan_Switch/../../Wks_libToCoNet/libToCoNet/lib/libToCoNetUtils_JN5164.a(uart.o)
                0x000836b9                _UART_vSetTxInterrupt
 .text.UART_bTxReady
                0x000836d3        0xf /cygdrive/c/TWESDK/Wks_ToCoNet/Savacan_Switch/../../Wks_libToCoNet/libToCoNet/lib/libToCoNetUtils_JN5164.a(uart.o)
                0x000836d3                _UART_bTxReady
 .text.UART_vTxChar
                0x000836e2        0x6 /cygdrive/c/TWESDK/Wks_ToCoNet/Savacan_Switch/../../Wks_libToCoNet/libToCoNet/lib/libToCoNetUtils_JN5164.a(uart.o)
                0x000836e2                _UART_vTxChar
 .text.UART_vRtsStartFlow
                0x000836e8       0x22 /cygdrive/c/TWESDK/Wks_ToCoNet/Savacan_Switch/../../Wks_libToCoNet/libToCoNet/lib/libToCoNetUtils_JN5164.a(uart.o)
                0x000836e8                _UART_vRtsStartFlow
 .text.UART_vRtsStopFlow
                0x0008370a       0x22 /cygdrive/c/TWESDK/Wks_ToCoNet/Savacan_Switch/../../Wks_libToCoNet/libToCoNet/lib/libToCoNetUtils_JN5164.a(uart.o)
                0x0008370a                _UART_vRtsStopFlow
 .text.UART_vInit
                0x0008372c      0x1c3 /cygdrive/c/TWESDK/Wks_ToCoNet/Savacan_Switch/../../Wks_libToCoNet/libToCoNet/lib/libToCoNetUtils_JN5164.a(uart.o)
                0x0008372c                _UART_vInit
 .text.UART_vHandleUartInterrupt
                0x000838ef       0x8e /cygdrive/c/TWESDK/Wks_ToCoNet/Savacan_Switch/../../Wks_libToCoNet/libToCoNet/lib/libToCoNetUtils_JN5164.a(uart.o)
 .text.QUEUE__vInit
                0x0008397d       0x12 /cygdrive/c/TWESDK/Wks_ToCoNet/Savacan_Switch/../../Wks_libToCoNet/libToCoNet/lib/libToCoNetUtils_JN5164.a(ByteQueue.o)
                0x0008397d                _QUEUE__vInit
 .text.QUEUE__bEmpty
                0x0008398f        0xe /cygdrive/c/TWESDK/Wks_ToCoNet/Savacan_Switch/../../Wks_libToCoNet/libToCoNet/lib/libToCoNetUtils_JN5164.a(ByteQueue.o)
                0x0008398f                _QUEUE__bEmpty
 .text.QUEUE__bFull
                0x0008399d       0x11 /cygdrive/c/TWESDK/Wks_ToCoNet/Savacan_Switch/../../Wks_libToCoNet/libToCoNet/lib/libToCoNetUtils_JN5164.a(ByteQueue.o)
                0x0008399d                _QUEUE__bFull
 .text.QUEUE__u16Count
                0x000839ae        0x6 /cygdrive/c/TWESDK/Wks_ToCoNet/Savacan_Switch/../../Wks_libToCoNet/libToCoNet/lib/libToCoNetUtils_JN5164.a(ByteQueue.o)
                0x000839ae                _QUEUE__u16Count
 .text.QUEUE__vFlush
                0x000839b4       0x26 /cygdrive/c/TWESDK/Wks_ToCoNet/Savacan_Switch/../../Wks_libToCoNet/libToCoNet/lib/libToCoNetUtils_JN5164.a(ByteQueue.o)
                0x000839b4                _QUEUE__vFlush
 .text.QUEUE__u8RemoveItem
                0x000839da       0x66 /cygdrive/c/TWESDK/Wks_ToCoNet/Savacan_Switch/../../Wks_libToCoNet/libToCoNet/lib/libToCoNetUtils_JN5164.a(ByteQueue.o)
                0x000839da                _QUEUE__u8RemoveItem
 .text.QUEUE__vAddItem
                0x00083a40       0x66 /cygdrive/c/TWESDK/Wks_ToCoNet/Savacan_Switch/../../Wks_libToCoNet/libToCoNet/lib/libToCoNetUtils_JN5164.a(ByteQueue.o)
                0x00083a40                _QUEUE__vAddItem
 .text.u8CCITT8
                0x00083aa6       0x23 /cygdrive/c/TWESDK/Wks_ToCoNet/Savacan_Switch/../../Wks_libToCoNet/libToCoNet/lib/libToCoNetUtils_JN5164.a(ccitt8.o)
                0x00083aa6                _u8CCITT8
 .text.vPrintString
                0x00083ac9       0x7d /cygdrive/c/TWESDK/Wks_ToCoNet/Savacan_Switch/../../Wks_libToCoNet/libToCoNet/lib/libToCoNetUtils_JN5164.a(fprintf.o)
 .text.vPrintInteger
                0x00083b46       0xac /cygdrive/c/TWESDK/Wks_ToCoNet/Savacan_Switch/../../Wks_libToCoNet/libToCoNet/lib/libToCoNetUtils_JN5164.a(fprintf.o)
 .text.vfPrintf
                0x00083bf2      0x1d4 /cygdrive/c/TWESDK/Wks_ToCoNet/Savacan_Switch/../../Wks_libToCoNet/libToCoNet/lib/libToCoNetUtils_JN5164.a(fprintf.o)
                0x00083bf2                _vfPrintf
 .text.SPRINTF_bPutChar
                0x00083dc6       0x3b /cygdrive/c/TWESDK/Wks_ToCoNet/Savacan_Switch/../../Wks_libToCoNet/libToCoNet/lib/libToCoNetUtils_JN5164.a(sprintf.o)
 .text.SPRINTF_vInit128
                0x00083e01       0x30 /cygdrive/c/TWESDK/Wks_ToCoNet/Savacan_Switch/../../Wks_libToCoNet/libToCoNet/lib/libToCoNetUtils_JN5164.a(sprintf.o)
                0x00083e01                _SPRINTF_vInit128
 .text.SPRINTF_vRewind
                0x00083e31        0x9 /cygdrive/c/TWESDK/Wks_ToCoNet/Savacan_Switch/../../Wks_libToCoNet/libToCoNet/lib/libToCoNetUtils_JN5164.a(sprintf.o)
                0x00083e31                _SPRINTF_vRewind
 .text.SPRINTF_pu8GetBuff
                0x00083e3a        0x9 /cygdrive/c/TWESDK/Wks_ToCoNet/Savacan_Switch/../../Wks_libToCoNet/libToCoNet/lib/libToCoNetUtils_JN5164.a(sprintf.o)
                0x00083e3a                _SPRINTF_pu8GetBuff
 .text.SPRINTF_u16Length
                0x00083e43        0x9 /cygdrive/c/TWESDK/Wks_ToCoNet/Savacan_Switch/../../Wks_libToCoNet/libToCoNet/lib/libToCoNetUtils_JN5164.a(sprintf.o)
                0x00083e43                _SPRINTF_u16Length
 .text.vTimerStart
                0x00083e4c       0xa7 /cygdrive/c/TWESDK/Wks_ToCoNet/Savacan_Switch/../../Wks_libToCoNet/libToCoNet/lib/libToCoNetUtils_JN5164.a(utils.o)
                0x00083e4c                _vTimerStart
 *fill*         0x00083ef3        0x1 00
 .text.vTimerConfig
                0x00083ef4      0x190 /cygdrive/c/TWESDK/Wks_ToCoNet/Savacan_Switch/../../Wks_libToCoNet/libToCoNet/lib/libToCoNetUtils_JN5164.a(utils.o)
                0x00083ef4                _vTimerConfig
 .text.pvAppApiDefGetMacHandle
                0x00084084        0x9 /cygdrive/c/TWESDK/516x/Components/Library/libAppApi_JN516x.a(AppApi.o)
                0x00084084                _pvAppApiDefGetMacHandle
 .text.vAppApiDefSetPrbsSeed
                0x0008408d       0x24 /cygdrive/c/TWESDK/516x/Components/Library/libAppApi_JN516x.a(AppApi.o)
                0x0008408d                _vAppApiDefSetPrbsSeed
 .text.pvAppApiDefGetMacAddrLocation
                0x000840b1        0x9 /cygdrive/c/TWESDK/516x/Components/Library/libAppApi_JN516x.a(AppApi.o)
                0x000840b1                _pvAppApiDefGetMacAddrLocation
 .text.vAppApiDefSetInterrupts
                0x000840ba       0x3d /cygdrive/c/TWESDK/516x/Components/Library/libAppApi_JN516x.a(AppApi.o)
                0x000840ba                _vAppApiDefSetInterrupts
 .text.vAppApiDefPowerUp
                0x000840f7       0x26 /cygdrive/c/TWESDK/516x/Components/Library/libAppApi_JN516x.a(AppApi.o)
                0x000840f7                _vAppApiDefPowerUp
 .text.vAppApiDefStartStack
                0x0008411d       0x51 /cygdrive/c/TWESDK/516x/Components/Library/libAppApi_JN516x.a(AppApi.o)
                0x0008411d                _vAppApiDefStartStack
 .text.u32AppApiDefInit
                0x0008416e       0x5a /cygdrive/c/TWESDK/516x/Components/Library/libAppApi_JN516x.a(AppApi.o)
                0x0008416e                _u32AppApiDefInit
 .text.eAppApiDefPlmeGet
                0x000841c8       0x33 /cygdrive/c/TWESDK/516x/Components/Library/libAppApi_JN516x.a(AppApi.o)
                0x000841c8                _eAppApiDefPlmeGet
 .text.vAppApiDefMcpsRequest
                0x000841fb       0x32 /cygdrive/c/TWESDK/516x/Components/Library/libAppApi_JN516x.a(AppApi.o)
                0x000841fb                _vAppApiDefMcpsRequest
 .text.vAppApiDefMlmeRequest
                0x0008422d       0x32 /cygdrive/c/TWESDK/516x/Components/Library/libAppApi_JN516x.a(AppApi.o)
                0x0008422d                _vAppApiDefMlmeRequest
 .text.eAppApiDefPlmeSet
                0x0008425f       0x33 /cygdrive/c/TWESDK/516x/Components/Library/libAppApi_JN516x.a(AppApi.o)
                0x0008425f                _eAppApiDefPlmeSet
 .text.vAppApiDefSaveMacSettings
                0x00084292       0x5d /cygdrive/c/TWESDK/516x/Components/Library/libAppApi_JN516x.a(AppApiSleep.o)
                0x00084292                _vAppApiDefSaveMacSettings
 .text.vMAC_RestoreSettings
                0x000842ef       0xc8 /cygdrive/c/TWESDK/516x/Components/Library/libAppApi_JN516x.a(AppApiSleep.o)
                0x000842ef                _vMAC_RestoreSettings
 .text.vAppApiDefRestoreMacSettings
                0x000843b7       0x25 /cygdrive/c/TWESDK/516x/Components/Library/libAppApi_JN516x.a(AppApiSleep.o)
                0x000843b7                _vAppApiDefRestoreMacSettings
 .text.vSetTimer0
                0x000843dc        0xf /cygdrive/c/TWESDK/516x/Components/Library/libMac_JN516x.a(mac_main.o)
                0x000843dc                _vSetTimer0
 .text.u32GetTimer0
                0x000843eb        0x7 /cygdrive/c/TWESDK/516x/Components/Library/libMac_JN516x.a(mac_main.o)
                0x000843eb                _u32GetTimer0
 .text.MAC_vXcvPhyEvtHandler
                0x000843f2       0x10 /cygdrive/c/TWESDK/516x/Components/Library/libMac_JN516x.a(mac_main.o)
                0x000843f2                _MAC_vXcvPhyEvtHandler
 .text.MAC_vXcvBbcEvtHandler
                0x00084402       0x20 /cygdrive/c/TWESDK/516x/Components/Library/libMac_JN516x.a(mac_main.o)
                0x00084402                _MAC_vXcvBbcEvtHandler
 .text.mac_vInitTimer0
                0x00084422       0x20 /cygdrive/c/TWESDK/516x/Components/Library/libMac_JN516x.a(mac_main.o)
                0x00084422                _mac_vInitTimer0
 .text.MAC_pvCtor
                0x00084442       0x82 /cygdrive/c/TWESDK/516x/Components/Library/libMac_JN516x.a(mac_main.o)
                0x00084442                _MAC_pvCtor
 .text.MAC_vHandleMcpsReqRsp
                0x000844c4       0x2d /cygdrive/c/TWESDK/516x/Components/Library/libMac_JN516x.a(mac_mcps.o)
                0x000844c4                _MAC_vHandleMcpsReqRsp
 .text.vHandleTofRequest
                0x000844f1       0x12 /cygdrive/c/TWESDK/516x/Components/Library/libMac_JN516x.a(mac_mlme.o)
 *fill*         0x00084503        0x1 00
 .text.MAC_vHandleMlmeReqRsp
                0x00084504       0xb4 /cygdrive/c/TWESDK/516x/Components/Library/libMac_JN516x.a(mac_mlme.o)
                0x00084504                _MAC_vHandleMlmeReqRsp
 .text.MAC_psPibGetHandle
                0x000845b8        0x7 /cygdrive/c/TWESDK/516x/Components/Library/libMac_JN516x.a(mac_pib.o)
                0x000845b8                _MAC_psPibGetHandle
 .text.MAC_vPibSetShortAddr
                0x000845bf        0xe /cygdrive/c/TWESDK/516x/Components/Library/libMac_JN516x.a(mac_pib.o)
                0x000845bf                _MAC_vPibSetShortAddr
 .text.MAC_vPibSetPanId
                0x000845cd       0x1b /cygdrive/c/TWESDK/516x/Components/Library/libMac_JN516x.a(mac_pib.o)
                0x000845cd                _MAC_vPibSetPanId
 .text.MAC_vPibSetMinBe
                0x000845e8       0x1e /cygdrive/c/TWESDK/516x/Components/Library/libMac_JN516x.a(mac_pib.o)
                0x000845e8                _MAC_vPibSetMinBe
 .text.MAC_vPibSetMaxCsmaBackoffs
                0x00084606       0x21 /cygdrive/c/TWESDK/516x/Components/Library/libMac_JN516x.a(mac_pib.o)
                0x00084606                _MAC_vPibSetMaxCsmaBackoffs
 .text.MAC_vSetExtAddr
                0x00084627       0x1f /cygdrive/c/TWESDK/516x/Components/Library/libMac_JN516x.a(mac_pib.o)
                0x00084627                _MAC_vSetExtAddr
 .text.MAC_vPibSetRxOnWhenIdle
                0x00084646       0x13 /cygdrive/c/TWESDK/516x/Components/Library/libMac_JN516x.a(mac_pib.o)
                0x00084646                _MAC_vPibSetRxOnWhenIdle
 .text.MAC_vPibSetPromiscuousMode
                0x00084659       0x40 /cygdrive/c/TWESDK/516x/Components/Library/libMac_JN516x.a(mac_pib.o)
                0x00084659                _MAC_vPibSetPromiscuousMode
 .text.mac_vPibCmpCoordExtAddr
                0x00084699       0x29 /cygdrive/c/TWESDK/516x/Components/Library/libMac_JN516x.a(mac_pib_mlme.o)
                0x00084699                _mac_vPibCmpCoordExtAddr
 .text.mac_vPibReset
                0x000846c2       0x87 /cygdrive/c/TWESDK/516x/Components/Library/libMac_JN516x.a(mac_pib_mlme.o)
                0x000846c2                _mac_vPibReset
 .text.mac_vPibSetDefaults
                0x00084749      0x12e /cygdrive/c/TWESDK/516x/Components/Library/libMac_JN516x.a(mac_pib_mlme.o)
                0x00084749                _mac_vPibSetDefaults
 .text.vPMICreset
                0x00084877        0xd /cygdrive/c/TWESDK/516x/Components/Library/libMac_JN516x.a(mac_pmic.o)
                0x00084877                _vPMICreset
 .text.vPMICpostFailedAssocDcfm
                0x00084884       0x3d /cygdrive/c/TWESDK/516x/Components/Library/libMac_JN516x.a(mac_pmic.o)
                0x00084884                _vPMICpostFailedAssocDcfm
 .text.vPMICassocReqTO_2
                0x000848c1       0x1d /cygdrive/c/TWESDK/516x/Components/Library/libMac_JN516x.a(mac_pmic.o)
 .text.vPMICassocReqFrameReceived
                0x000848de       0x79 /cygdrive/c/TWESDK/516x/Components/Library/libMac_JN516x.a(mac_pmic.o)
                0x000848de                _vPMICassocReqFrameReceived
 .text.vPMICdisassocReceived
                0x00084957       0x93 /cygdrive/c/TWESDK/516x/Components/Library/libMac_JN516x.a(mac_pmic.o)
                0x00084957                _vPMICdisassocReceived
 .text.vPMICassocRespFrameReceived
                0x000849ea       0x93 /cygdrive/c/TWESDK/516x/Components/Library/libMac_JN516x.a(mac_pmic.o)
                0x000849ea                _vPMICassocRespFrameReceived
 .text.vPMICassocReqTO_1
                0x00084a7d       0x8c /cygdrive/c/TWESDK/516x/Components/Library/libMac_JN516x.a(mac_pmic.o)
 .text.vPMICdisassociateRequest
                0x00084b09       0xf4 /cygdrive/c/TWESDK/516x/Components/Library/libMac_JN516x.a(mac_pmic.o)
                0x00084b09                _vPMICdisassociateRequest
 .text.bPMICdisassocReqSent
                0x00084bfd       0x83 /cygdrive/c/TWESDK/516x/Components/Library/libMac_JN516x.a(mac_pmic.o)
 .text.vPMICassociateResponse
                0x00084c80       0xd9 /cygdrive/c/TWESDK/516x/Components/Library/libMac_JN516x.a(mac_pmic.o)
                0x00084c80                _vPMICassociateResponse
 .text.bAssocRespSent
                0x00084d59       0x1d /cygdrive/c/TWESDK/516x/Components/Library/libMac_JN516x.a(mac_pmic.o)
 .text.vPMICassociateRequest
                0x00084d76       0xe6 /cygdrive/c/TWESDK/516x/Components/Library/libMac_JN516x.a(mac_pmic.o)
                0x00084d76                _vPMICassociateRequest
 .text.bPMICassocReqPollSent
                0x00084e5c       0x5b /cygdrive/c/TWESDK/516x/Components/Library/libMac_JN516x.a(mac_pmic.o)
 .text.bPMICassocReqSent
                0x00084eb7       0x8d /cygdrive/c/TWESDK/516x/Components/Library/libMac_JN516x.a(mac_pmic.o)
 .text.MAC_vRegisterMlmeDcfmIndCallbacks
                0x00084f44        0xc /cygdrive/c/TWESDK/516x/Components/Library/libMac_JN516x.a(mac_ind.o)
                0x00084f44                _MAC_vRegisterMlmeDcfmIndCallbacks
 .text.MAC_vRegisterMcpsDcfmIndCallbacks
                0x00084f50        0xc /cygdrive/c/TWESDK/516x/Components/Library/libMac_JN516x.a(mac_ind.o)
                0x00084f50                _MAC_vRegisterMcpsDcfmIndCallbacks
 .text.mac_psDcfmIndGetBuf
                0x00084f5c       0x23 /cygdrive/c/TWESDK/516x/Components/Library/libMac_JN516x.a(mac_ind.o)
                0x00084f5c                _mac_psDcfmIndGetBuf
 .text.mac_eDcfmIndPost
                0x00084f7f       0x21 /cygdrive/c/TWESDK/516x/Components/Library/libMac_JN516x.a(mac_ind.o)
                0x00084f7f                _mac_eDcfmIndPost
 .text.eScanHandleEvt
                0x00084fa0       0x2e /cygdrive/c/TWESDK/516x/Components/Library/libMac_JN516x.a(mac_scan.o)
                0x00084fa0                _eScanHandleEvt
 .text.vScanHandleTimer
                0x00084fce        0x8 /cygdrive/c/TWESDK/516x/Components/Library/libMac_JN516x.a(mac_scan.o)
 .text.eGenlIllegal
                0x00084fd6        0x7 /cygdrive/c/TWESDK/516x/Components/Library/libMac_JN516x.a(mac_scan.o)
 .text.eGenlDontCare
                0x00084fdd        0x5 /cygdrive/c/TWESDK/516x/Components/Library/libMac_JN516x.a(mac_scan.o)
 .text.eWEnDEdDone
                0x00084fe2       0x64 /cygdrive/c/TWESDK/516x/Components/Library/libMac_JN516x.a(mac_scan.o)
 .text.eWEnDTmrExpiry
                0x00085046        0xb /cygdrive/c/TWESDK/516x/Components/Library/libMac_JN516x.a(mac_scan.o)
 .text.mac_eScanHandleXcvBbcEvt
                0x00085051        0xf /cygdrive/c/TWESDK/516x/Components/Library/libMac_JN516x.a(mac_scan.o)
                0x00085051                _mac_eScanHandleXcvBbcEvt
 .text.mac_eScanHandleXcvPhyEvt
                0x00085060       0x12 /cygdrive/c/TWESDK/516x/Components/Library/libMac_JN516x.a(mac_scan.o)
                0x00085060                _mac_eScanHandleXcvPhyEvt
 .text.vSetNextChannel
                0x00085072       0x4a /cygdrive/c/TWESDK/516x/Components/Library/libMac_JN516x.a(mac_scan.o)
 .text.mac_vScanHandleMlmeReq
                0x000850bc       0x98 /cygdrive/c/TWESDK/516x/Components/Library/libMac_JN516x.a(mac_scan.o)
                0x000850bc                _mac_vScanHandleMlmeReq
 .text.mac_eScanInit
                0x00085154       0x19 /cygdrive/c/TWESDK/516x/Components/Library/libMac_JN516x.a(mac_scan.o)
                0x00085154                _mac_eScanInit
 .text.vPostDcfm
                0x0008516d       0xe9 /cygdrive/c/TWESDK/516x/Components/Library/libMac_JN516x.a(mac_scan.o)
 .text.eWCoRRxDone
                0x00085256       0xb7 /cygdrive/c/TWESDK/516x/Components/Library/libMac_JN516x.a(mac_scan.o)
 .text.eGenTmrExpiry
                0x0008530d       0x4b /cygdrive/c/TWESDK/516x/Components/Library/libMac_JN516x.a(mac_scan.o)
 .text.eWEDTEdDone
                0x00085358       0x1a /cygdrive/c/TWESDK/516x/Components/Library/libMac_JN516x.a(mac_scan.o)
 .text.eGenRxHdrDone
                0x00085372       0x13 /cygdrive/c/TWESDK/516x/Components/Library/libMac_JN516x.a(mac_scan.o)
 .text.eWONTTxDone
                0x00085385       0x35 /cygdrive/c/TWESDK/516x/Components/Library/libMac_JN516x.a(mac_scan.o)
 .text.eWBRTTxDone
                0x000853ba       0x21 /cygdrive/c/TWESDK/516x/Components/Library/libMac_JN516x.a(mac_scan.o)
 .text.eWBcnRxDone
                0x000853db      0x19e /cygdrive/c/TWESDK/516x/Components/Library/libMac_JN516x.a(mac_scan.o)
 .text.bSendMacCmd
                0x00085579       0x40 /cygdrive/c/TWESDK/516x/Components/Library/libMac_JN516x.a(mac_scan.o)
 .text.eWChCChanChgd
                0x000855b9      0x170 /cygdrive/c/TWESDK/516x/Components/Library/libMac_JN516x.a(mac_scan.o)
 .text.mac_vLPBAdjustBeaconOffset
                0x00085729       0x5d /cygdrive/c/TWESDK/516x/Components/Library/libMac_JN516x.a(mac_lp.o)
                0x00085729                _mac_vLPBAdjustBeaconOffset
 .text.mac_u32LPBGetBeaconTimeout
                0x00085786        0x9 /cygdrive/c/TWESDK/516x/Components/Library/libMac_JN516x.a(mac_lp.o)
                0x00085786                _mac_u32LPBGetBeaconTimeout
 .text.MAC_u32ConvertFrom16uS
                0x0008578f       0x41 /cygdrive/c/TWESDK/516x/Components/Library/libMac_JN516x.a(mac_lp.o)
                0x0008578f                _MAC_u32ConvertFrom16uS
 .text.mac_vLPBSleep
                0x000857d0       0x55 /cygdrive/c/TWESDK/516x/Components/Library/libMac_JN516x.a(mac_lp.o)
                0x000857d0                _mac_vLPBSleep
 .text.mac_vLPBStopTimer
                0x00085825        0xe /cygdrive/c/TWESDK/516x/Components/Library/libMac_JN516x.a(mac_lp.o)
                0x00085825                _mac_vLPBStopTimer
 .text.mac_vLPBStartTimer
                0x00085833       0x88 /cygdrive/c/TWESDK/516x/Components/Library/libMac_JN516x.a(mac_lp.o)
                0x00085833                _mac_vLPBStartTimer
 .text.vMCPSframeReceived
                0x000858bb       0x5a /cygdrive/c/TWESDK/516x/Components/Library/libMac_JN516x.a(MCPS.o)
                0x000858bb                _vMCPSframeReceived
 .text.bSearchQueue
                0x00085915       0x36 /cygdrive/c/TWESDK/516x/Components/Library/libMac_JN516x.a(MCPS.o)
 .text.vTAM_MCPSpurgeRequest
                0x0008594b       0x64 /cygdrive/c/TWESDK/516x/Components/Library/libMac_JN516x.a(MCPS.o)
                0x0008594b                _vTAM_MCPSpurgeRequest
 .text.bMCPSframeTXcomplete
                0x000859af       0x5a /cygdrive/c/TWESDK/516x/Components/Library/libMac_JN516x.a(MCPS.o)
 .text.vTAM_MCPSdataRequest
                0x00085a09       0x46 /cygdrive/c/TWESDK/516x/Components/Library/libMac_JN516x.a(MCPS.o)
                0x00085a09                _vTAM_MCPSdataRequest
 .text.phy_ePibGet
                0x00085a4f       0x34 /cygdrive/c/TWESDK/516x/Components/Library/libMac_JN516x.a(phy_pib.o)
                0x00085a4f                _phy_ePibGet
 .text.u8GetPapValue
                0x00085a83       0x21 /cygdrive/c/TWESDK/516x/Components/Library/libMac_JN516x.a(phy_pib.o)
 .text.vPhySetChannel
                0x00085aa4       0x77 /cygdrive/c/TWESDK/516x/Components/Library/libMac_JN516x.a(phy_pib.o)
                0x00085aa4                _vPhySetChannel
 .text.phy_ePibSet
                0x00085b1b       0x90 /cygdrive/c/TWESDK/516x/Components/Library/libMac_JN516x.a(phy_pib.o)
                0x00085b1b                _phy_ePibSet
 .text.phy_vPibSetDefaults
                0x00085bab       0x2c /cygdrive/c/TWESDK/516x/Components/Library/libMac_JN516x.a(phy_pib.o)
                0x00085bab                _phy_vPibSetDefaults
 .text.bTAMinPAN
                0x00085bd7       0x19 /cygdrive/c/TWESDK/516x/Components/Library/libMac_JN516x.a(TAM.o)
                0x00085bd7                _bTAMinPAN
 .text.eTAMevent
                0x00085bf0       0x1a /cygdrive/c/TWESDK/516x/Components/Library/libMac_JN516x.a(TAM.o)
                0x00085bf0                _eTAMevent
 *fill*         0x00085c0a        0x2 00
 .text.eTAMselect
                0x00085c0c      0x154 /cygdrive/c/TWESDK/516x/Components/Library/libMac_JN516x.a(TAM.o)
                0x00085c0c                _eTAMselect
 .text.vTAM_MLMEsyncRequest
                0x00085d60       0x17 /cygdrive/c/TWESDK/516x/Components/Library/libMac_JN516x.a(TAM.o)
                0x00085d60                _vTAM_MLMEsyncRequest
 .text.vTAM_MLMEstartRequest
                0x00085d77       0x87 /cygdrive/c/TWESDK/516x/Components/Library/libMac_JN516x.a(TAM.o)
                0x00085d77                _vTAM_MLMEstartRequest
 .text.vTAMreset
                0x00085dfe      0x1f6 /cygdrive/c/TWESDK/516x/Components/Library/libMac_JN516x.a(TAM.o)
                0x00085dfe                _vTAMreset
 .text.vTAMCOsetCoordinator
                0x00085ff4       0x29 /cygdrive/c/TWESDK/516x/Components/Library/libMac_JN516x.a(TAMCO.o)
                0x00085ff4                _vTAMCOsetCoordinator
 .text.vTAMCOupdatePendingList
                0x0008601d       0xbb /cygdrive/c/TWESDK/516x/Components/Library/libMac_JN516x.a(TAMCO.o)
                0x0008601d                _vTAMCOupdatePendingList
 .text.vTAMCOreqTXinCAP
                0x000860d8       0x2f /cygdrive/c/TWESDK/516x/Components/Library/libMac_JN516x.a(TAMCO.o)
                0x000860d8                _vTAMCOreqTXinCAP
 .text.vTrySendFromDirectNoBeacon
                0x00086107       0x38 /cygdrive/c/TWESDK/516x/Components/Library/libMac_JN516x.a(TAMCO.o)
 .text.vTAMCOreqTXnoBeacon
                0x0008613f       0x18 /cygdrive/c/TWESDK/516x/Components/Library/libMac_JN516x.a(TAMCO.o)
                0x0008613f                _vTAMCOreqTXnoBeacon
 .text.vTAMCOframeRXnobeacon
                0x00086157       0x18 /cygdrive/c/TWESDK/516x/Components/Library/libMac_JN516x.a(TAMCO.o)
                0x00086157                _vTAMCOframeRXnobeacon
 .text.vTAMCOframeTXnobeacon
                0x0008616f       0x1e /cygdrive/c/TWESDK/516x/Components/Library/libMac_JN516x.a(TAMCO.o)
                0x0008616f                _vTAMCOframeTXnobeacon
 .text.vTrySendFromDirectCAP
                0x0008618d       0x25 /cygdrive/c/TWESDK/516x/Components/Library/libMac_JN516x.a(TAMCO.o)
 .text.vTAMCOframeRXcap
                0x000861b2       0x18 /cygdrive/c/TWESDK/516x/Components/Library/libMac_JN516x.a(TAMCO.o)
                0x000861b2                _vTAMCOframeRXcap
 .text.vTAMCOframeRXgoingIdle
                0x000861ca       0x1c /cygdrive/c/TWESDK/516x/Components/Library/libMac_JN516x.a(TAMCO.o)
                0x000861ca                _vTAMCOframeRXgoingIdle
 .text.vTAMCOframeTXcap
                0x000861e6       0x30 /cygdrive/c/TWESDK/516x/Components/Library/libMac_JN516x.a(TAMCO.o)
                0x000861e6                _vTAMCOframeTXcap
 .text.vTAMCOframeTXgoingIdle
                0x00086216       0x1b /cygdrive/c/TWESDK/516x/Components/Library/libMac_JN516x.a(TAMCO.o)
                0x00086216                _vTAMCOframeTXgoingIdle
 .text.vTAMCOint2Fired
                0x00086231       0x22 /cygdrive/c/TWESDK/516x/Components/Library/libMac_JN516x.a(TAMCO.o)
                0x00086231                _vTAMCOint2Fired
 .text.vTAMCOframeTXbeacon
                0x00086253       0xc9 /cygdrive/c/TWESDK/516x/Components/Library/libMac_JN516x.a(TAMCO.o)
                0x00086253                _vTAMCOframeTXbeacon
 .text.vTAMCOint1Fired
                0x0008631c       0xef /cygdrive/c/TWESDK/516x/Components/Library/libMac_JN516x.a(TAMCO.o)
                0x0008631c                _vTAMCOint1Fired
 .text.vTAMCOint1FiredCAP
                0x0008640b       0x7f /cygdrive/c/TWESDK/516x/Components/Library/libMac_JN516x.a(TAMCO.o)
                0x0008640b                _vTAMCOint1FiredCAP
 .text.vTAMCOstartBeacon
                0x0008648a       0x41 /cygdrive/c/TWESDK/516x/Components/Library/libMac_JN516x.a(TAMCO.o)
                0x0008648a                _vTAMCOstartBeacon
 .text.vStartStoreValues
                0x000864cb       0xbc /cygdrive/c/TWESDK/516x/Components/Library/libMac_JN516x.a(TAMCO.o)
 .text.bStartCallback
                0x00086587       0x2f /cygdrive/c/TWESDK/516x/Components/Library/libMac_JN516x.a(TAMCO.o)
 .text.vTAMCO_MLMEstartRequest
                0x000865b6      0x11e /cygdrive/c/TWESDK/516x/Components/Library/libMac_JN516x.a(TAMCO.o)
                0x000865b6                _vTAMCO_MLMEstartRequest
 .text.vTAMCOframeStarting
                0x000866d4       0x1e /cygdrive/c/TWESDK/516x/Components/Library/libMac_JN516x.a(TAMCO.o)
                0x000866d4                _vTAMCOframeStarting
 .text.vTAMDEdetermineNullState
                0x000866f2       0x1d /cygdrive/c/TWESDK/516x/Components/Library/libMac_JN516x.a(TAMDE.o)
                0x000866f2                _vTAMDEdetermineNullState
 .text.vSetPHYfromMacValue
                0x0008670f       0x45 /cygdrive/c/TWESDK/516x/Components/Library/libMac_JN516x.a(TAMDE.o)
 .text.vTAMDEint1FiredWaitDR
                0x00086754       0x20 /cygdrive/c/TWESDK/516x/Components/Library/libMac_JN516x.a(TAMDE.o)
                0x00086754                _vTAMDEint1FiredWaitDR
 .text.vTAMDEstartSync
                0x00086774       0x86 /cygdrive/c/TWESDK/516x/Components/Library/libMac_JN516x.a(TAMDE.o)
                0x00086774                _vTAMDEstartSync
 .text.vTAMDE_MLMEsyncRequest
                0x000867fa       0x30 /cygdrive/c/TWESDK/516x/Components/Library/libMac_JN516x.a(TAMDE.o)
                0x000867fa                _vTAMDE_MLMEsyncRequest
 .text.vTrySendUnslotted
                0x0008682a       0x23 /cygdrive/c/TWESDK/516x/Components/Library/libMac_JN516x.a(TAMDE.o)
 .text.vDeterminePowerState
                0x0008684d       0x98 /cygdrive/c/TWESDK/516x/Components/Library/libMac_JN516x.a(TAMDE.o)
 .text.vTAMDEreqTXnullTrackingCAP
                0x000868e5       0x1c /cygdrive/c/TWESDK/516x/Components/Library/libMac_JN516x.a(TAMDE.o)
                0x000868e5                _vTAMDEreqTXnullTrackingCAP
 .text.vTAMDEint2FiredTrackingDR
                0x00086901       0x2b /cygdrive/c/TWESDK/516x/Components/Library/libMac_JN516x.a(TAMDE.o)
                0x00086901                _vTAMDEint2FiredTrackingDR
 .text.vTAMDEframeTXDEnull
                0x0008692c       0x28 /cygdrive/c/TWESDK/516x/Components/Library/libMac_JN516x.a(TAMDE.o)
                0x0008692c                _vTAMDEframeTXDEnull
 .text.vTAMDEframeTXtrackingCAPgts
                0x00086954       0x34 /cygdrive/c/TWESDK/516x/Components/Library/libMac_JN516x.a(TAMDE.o)
                0x00086954                _vTAMDEframeTXtrackingCAPgts
 .text.vTAMDEframeRX
                0x00086988       0x30 /cygdrive/c/TWESDK/516x/Components/Library/libMac_JN516x.a(TAMDE.o)
                0x00086988                _vTAMDEframeRX
 .text.vTAMDEframePreSyncReq
                0x000869b8       0x21 /cygdrive/c/TWESDK/516x/Components/Library/libMac_JN516x.a(TAMDE.o)
                0x000869b8                _vTAMDEframePreSyncReq
 .text.bSendDataRequest
                0x000869d9      0x113 /cygdrive/c/TWESDK/516x/Components/Library/libMac_JN516x.a(TAMDE.o)
 .text.vTAMDEframeRXtrackingDR
                0x00086aec       0x47 /cygdrive/c/TWESDK/516x/Components/Library/libMac_JN516x.a(TAMDE.o)
                0x00086aec                _vTAMDEframeRXtrackingDR
 .text.vTAMDEint2FiredPollActive
                0x00086b33       0x34 /cygdrive/c/TWESDK/516x/Components/Library/libMac_JN516x.a(TAMDE.o)
                0x00086b33                _vTAMDEint2FiredPollActive
 .text.vTAMDEframeTXtrackingDR
                0x00086b67       0x6b /cygdrive/c/TWESDK/516x/Components/Library/libMac_JN516x.a(TAMDE.o)
                0x00086b67                _vTAMDEframeTXtrackingDR
 .text.vTAMDEint1FiredTracking
                0x00086bd2       0x6f /cygdrive/c/TWESDK/516x/Components/Library/libMac_JN516x.a(TAMDE.o)
                0x00086bd2                _vTAMDEint1FiredTracking
 .text.vTAMDEint1FiredTrackingCAPgts
                0x00086c41       0xca /cygdrive/c/TWESDK/516x/Components/Library/libMac_JN516x.a(TAMDE.o)
                0x00086c41                _vTAMDEint1FiredTrackingCAPgts
 .text.vTAMDEint1FiredTrackingBeacon
                0x00086d0b       0xa7 /cygdrive/c/TWESDK/516x/Components/Library/libMac_JN516x.a(TAMDE.o)
                0x00086d0b                _vTAMDEint1FiredTrackingBeacon
 .text.bProcessBeaconRX
                0x00086db2       0xe6 /cygdrive/c/TWESDK/516x/Components/Library/libMac_JN516x.a(TAMDE.o)
 .text.vTAMDEframeRXsyncReq
                0x00086e98      0x26c /cygdrive/c/TWESDK/516x/Components/Library/libMac_JN516x.a(TAMDE.o)
                0x00086e98                _vTAMDEframeRXsyncReq
 .text.vTAMDEint1FiredSyncReq
                0x00087104       0x7b /cygdrive/c/TWESDK/516x/Components/Library/libMac_JN516x.a(TAMDE.o)
                0x00087104                _vTAMDEint1FiredSyncReq
 .text.pvMEMget
                0x0008717f       0x27 /cygdrive/c/TWESDK/516x/Components/Library/libMac_JN516x.a(TAM_MEM.o)
                0x0008717f                _pvMEMget
 .text.vMEMreturn
                0x000871a6       0x6a /cygdrive/c/TWESDK/516x/Components/Library/libMac_JN516x.a(TAM_MEM.o)
                0x000871a6                _vMEMreturn
 .text.vMEMreset
                0x00087210       0x70 /cygdrive/c/TWESDK/516x/Components/Library/libMac_JN516x.a(TAM_MEM.o)
                0x00087210                _vMEMreset
 .text.vMLMErxEnableConfirm
                0x00087280       0x37 /cygdrive/c/TWESDK/516x/Components/Library/libMac_JN516x.a(TAM_MLME.o)
                0x00087280                _vMLMErxEnableConfirm
 .text.vMLMEcommStatus
                0x000872b7       0x6e /cygdrive/c/TWESDK/516x/Components/Library/libMac_JN516x.a(TAM_MLME.o)
                0x000872b7                _vMLMEcommStatus
 .text.vMLMEcommStatusFromFrame
                0x00087325       0x47 /cygdrive/c/TWESDK/516x/Components/Library/libMac_JN516x.a(TAM_MLME.o)
                0x00087325                _vMLMEcommStatusFromFrame
 .text.vMLMEsyncLoss
                0x0008736c       0x38 /cygdrive/c/TWESDK/516x/Components/Library/libMac_JN516x.a(TAM_MLME.o)
                0x0008736c                _vMLMEsyncLoss
 .text.vMLMEbeaconNotify
                0x000873a4      0x17c /cygdrive/c/TWESDK/516x/Components/Library/libMac_JN516x.a(TAM_MLME.o)
                0x000873a4                _vMLMEbeaconNotify
 .text.vTAHsetCutOff
                0x00087520        0xa /cygdrive/c/TWESDK/516x/Components/Library/libMac_JN516x.a(TAM_TAH.o)
                0x00087520                _vTAHsetCutOff
 .text.vTAHsetSyncLock
                0x0008752a       0x18 /cygdrive/c/TWESDK/516x/Components/Library/libMac_JN516x.a(TAM_TAH.o)
                0x0008752a                _vTAHsetSyncLock
 .text.vTAHsetPhyStateDirect
                0x00087542       0x33 /cygdrive/c/TWESDK/516x/Components/Library/libMac_JN516x.a(TAM_TAH.o)
                0x00087542                _vTAHsetPhyStateDirect
 .text.vTAHsetPhyState
                0x00087575       0x35 /cygdrive/c/TWESDK/516x/Components/Library/libMac_JN516x.a(TAM_TAH.o)
                0x00087575                _vTAHsetPhyState
 .text.vTAIdisableInterrupt
                0x000875aa       0x10 /cygdrive/c/TWESDK/516x/Components/Library/libMac_JN516x.a(TAM_TAI.o)
                0x000875aa                _vTAIdisableInterrupt
 .text.vTAIsetRxEnableTime
                0x000875ba       0x1d /cygdrive/c/TWESDK/516x/Components/Library/libMac_JN516x.a(TAM_TAI.o)
                0x000875ba                _vTAIsetRxEnableTime
 .text.vTAIsetCapTime
                0x000875d7       0x1d /cygdrive/c/TWESDK/516x/Components/Library/libMac_JN516x.a(TAM_TAI.o)
                0x000875d7                _vTAIsetCapTime
 .text.eTATreadTXstatus
                0x000875f4       0x46 /cygdrive/c/TWESDK/516x/Components/Library/libMac_JN516x.a(TAM_TAT.o)
                0x000875f4                _eTATreadTXstatus
 .text.vTATgetFrameAddress
                0x0008763a       0x20 /cygdrive/c/TWESDK/516x/Components/Library/libMac_JN516x.a(TAM_TAT.o)
                0x0008763a                _vTATgetFrameAddress
 .text.vTATgetFramePayload
                0x0008765a       0x1d /cygdrive/c/TWESDK/516x/Components/Library/libMac_JN516x.a(TAM_TAT.o)
                0x0008765a                _vTATgetFramePayload
 .text.vTATsetBLE
                0x00087677       0x3e /cygdrive/c/TWESDK/516x/Components/Library/libMac_JN516x.a(TAM_TAT.o)
                0x00087677                _vTATsetBLE
 .text.vTATwriteAclMaterialToHardware
                0x000876b5       0x2c /cygdrive/c/TWESDK/516x/Components/Library/libMac_JN516x.a(TAM_TAT.o)
                0x000876b5                _vTATwriteAclMaterialToHardware
 .text.bIsBbcSafeForTx
                0x000876e1       0x2d /cygdrive/c/TWESDK/516x/Components/Library/libMac_JN516x.a(TAM_TAT.o)
                0x000876e1                _bIsBbcSafeForTx
 .text.vTATstartReceiveAt
                0x0008770e       0x1e /cygdrive/c/TWESDK/516x/Components/Library/libMac_JN516x.a(TAM_TAT.o)
                0x0008770e                _vTATstartReceiveAt
 .text.vWriteFrame
                0x0008772c       0x7d /cygdrive/c/TWESDK/516x/Components/Library/libMac_JN516x.a(TAM_TAT.o)
 .text.bTATsendFrame
                0x000877a9       0x5a /cygdrive/c/TWESDK/516x/Components/Library/libMac_JN516x.a(TAM_TAT.o)
                0x000877a9                _bTATsendFrame
 .text.bTATsendFrameAt
                0x00087803       0x48 /cygdrive/c/TWESDK/516x/Components/Library/libMac_JN516x.a(TAM_TAT.o)
                0x00087803                _bTATsendFrameAt
 .text.bTACassessBeaconForPayload
                0x0008784b       0x4c /cygdrive/c/TWESDK/516x/Components/Library/libMac_JN516x.a(TAMcommon.o)
                0x0008784b                _bTACassessBeaconForPayload
 .text.bTACframeInProgress
                0x00087897       0x27 /cygdrive/c/TWESDK/516x/Components/Library/libMac_JN516x.a(TAMcommon.o)
                0x00087897                _bTACframeInProgress
 .text.vTACu16ToPayloadM
                0x000878be        0xc /cygdrive/c/TWESDK/516x/Components/Library/libMac_JN516x.a(TAMcommon.o)
                0x000878be                _vTACu16ToPayloadM
 .text.vTACu32ToPayloadM
                0x000878ca       0x18 /cygdrive/c/TWESDK/516x/Components/Library/libMac_JN516x.a(TAMcommon.o)
                0x000878ca                _vTACu32ToPayloadM
 .text.u16TACpayloadToU16M
                0x000878e2        0xf /cygdrive/c/TWESDK/516x/Components/Library/libMac_JN516x.a(TAMcommon.o)
                0x000878e2                _u16TACpayloadToU16M
 .text.u32TACpayloadToU32M
                0x000878f1       0x23 /cygdrive/c/TWESDK/516x/Components/Library/libMac_JN516x.a(TAMcommon.o)
                0x000878f1                _u32TACpayloadToU32M
 .text.u8TACgetHeaderSize
                0x00087914       0x26 /cygdrive/c/TWESDK/516x/Components/Library/libMac_JN516x.a(TAMcommon.o)
                0x00087914                _u8TACgetHeaderSize
 .text.vTACsetTxFrameDefaults
                0x0008793a       0x2a /cygdrive/c/TWESDK/516x/Components/Library/libMac_JN516x.a(TAMcommon.o)
                0x0008793a                _vTACsetTxFrameDefaults
 .text.vTACcheckPollResponse
                0x00087964       0x37 /cygdrive/c/TWESDK/516x/Components/Library/libMac_JN516x.a(TAMcommon.o)
                0x00087964                _vTACcheckPollResponse
 .text.bUpdateTime
                0x0008799b       0x46 /cygdrive/c/TWESDK/516x/Components/Library/libMac_JN516x.a(TAMcommon.o)
 .text.vTACbuildBeacon
                0x000879e1      0x257 /cygdrive/c/TWESDK/516x/Components/Library/libMac_JN516x.a(TAMcommon.o)
                0x000879e1                _vTACbuildBeacon
 .text.vTACsetFramePending
                0x00087c38       0x3f /cygdrive/c/TWESDK/516x/Components/Library/libMac_JN516x.a(TAMcommon.o)
                0x00087c38                _vTACsetFramePending
 .text.vTACsetPHYfromMacValue
                0x00087c77       0x2b /cygdrive/c/TWESDK/516x/Components/Library/libMac_JN516x.a(TAMcommon.o)
                0x00087c77                _vTACsetPHYfromMacValue
 .text.bTACcheckPANconflict
                0x00087ca2       0xa8 /cygdrive/c/TWESDK/516x/Components/Library/libMac_JN516x.a(TAMcommon.o)
                0x00087ca2                _bTACcheckPANconflict
 .text.bTACprocessUnexpectedBeacon
                0x00087d4a       0x6d /cygdrive/c/TWESDK/516x/Components/Library/libMac_JN516x.a(TAMcommon.o)
                0x00087d4a                _bTACprocessUnexpectedBeacon
 .text.bSendSyncLoss
                0x00087db7       0x1e /cygdrive/c/TWESDK/516x/Components/Library/libMac_JN516x.a(TAMcommon.o)
 .text.vTACinformOriginator
                0x00087dd5       0x26 /cygdrive/c/TWESDK/516x/Components/Library/libMac_JN516x.a(TAMcommon.o)
                0x00087dd5                _vTACinformOriginator
 .text.vTACintRXheader
                0x00087dfb       0x98 /cygdrive/c/TWESDK/516x/Components/Library/libMac_JN516x.a(TAMcommon.o)
                0x00087dfb                _vTACintRXheader
 .text.bTACprocessFrameRXcomplete
                0x00087e93      0x231 /cygdrive/c/TWESDK/516x/Components/Library/libMac_JN516x.a(TAMcommon.o)
                0x00087e93                _bTACprocessFrameRXcomplete
 .text.eTACprocessFrameTXcomplete
                0x000880c4      0x17c /cygdrive/c/TWESDK/516x/Components/Library/libMac_JN516x.a(TAMcommon.o)
                0x000880c4                _eTACprocessFrameTXcomplete
 .text.vTAMinsertEvent
                0x00088240       0x6c /cygdrive/c/TWESDK/516x/Components/Library/libMac_JN516x.a(TAMevent.o)
                0x00088240                _vTAMinsertEvent
 .text.vTAM_TxRetryTimeout
                0x000882ac        0x8 /cygdrive/c/TWESDK/516x/Components/Library/libMac_JN516x.a(TAMevent.o)
                0x000882ac                _vTAM_TxRetryTimeout
 .text.vTAM_QueueTxEvent
                0x000882b4       0x11 /cygdrive/c/TWESDK/516x/Components/Library/libMac_JN516x.a(TAMevent.o)
                0x000882b4                _vTAM_QueueTxEvent
 .text.vTAM_CancelTxRetryTimer
                0x000882c5        0xf /cygdrive/c/TWESDK/516x/Components/Library/libMac_JN516x.a(TAMevent.o)
                0x000882c5                _vTAM_CancelTxRetryTimer
 .text.vTAM_TxRetryTimer
                0x000882d4       0x13 /cygdrive/c/TWESDK/516x/Components/Library/libMac_JN516x.a(TAMevent.o)
                0x000882d4                _vTAM_TxRetryTimer
 .text.vTAQaddToFifo
                0x000882e7       0x1a /cygdrive/c/TWESDK/516x/Components/Library/libMac_JN516x.a(TAMqueue.o)
                0x000882e7                _vTAQaddToFifo
 .text.bTAQremoveFromFifo
                0x00088301       0x3d /cygdrive/c/TWESDK/516x/Components/Library/libMac_JN516x.a(TAMqueue.o)
                0x00088301                _bTAQremoveFromFifo
 .text.vTAQresetFifo
                0x0008833e        0x9 /cygdrive/c/TWESDK/516x/Components/Library/libMac_JN516x.a(TAMqueue.o)
                0x0008833e                _vTAQresetFifo
 .text.psTAQsearchFifoForHandle
                0x00088347       0x18 /cygdrive/c/TWESDK/516x/Components/Library/libMac_JN516x.a(TAMqueue.o)
                0x00088347                _psTAQsearchFifoForHandle
 .text.psTAQsearchFifo
                0x0008835f       0x46 /cygdrive/c/TWESDK/516x/Components/Library/libMac_JN516x.a(TAMqueue.o)
                0x0008835f                _psTAQsearchFifo
 .text.vDoGoOff
                0x000883a5       0x1a /cygdrive/c/TWESDK/516x/Components/Library/libMac_JN516x.a(TAMrxEnable.o)
 .text.vDoGoActive
                0x000883bf       0x28 /cygdrive/c/TWESDK/516x/Components/Library/libMac_JN516x.a(TAMrxEnable.o)
 .text.vTAM_MLMErxEnableRequest
                0x000883e7       0xc8 /cygdrive/c/TWESDK/516x/Components/Library/libMac_JN516x.a(TAMrxEnable.o)
                0x000883e7                _vTAM_MLMErxEnableRequest
 .text.vTAMRXEsetReceiveForPibChange
                0x000884af       0x33 /cygdrive/c/TWESDK/516x/Components/Library/libMac_JN516x.a(TAMrxEnable.o)
                0x000884af                _vTAMRXEsetReceiveForPibChange
 .text.vTAMRXEsetPhy
                0x000884e2       0xb6 /cygdrive/c/TWESDK/516x/Components/Library/libMac_JN516x.a(TAMrxEnable.o)
                0x000884e2                _vTAMRXEsetPhy
 .text.vTAMRXEint2Fired
                0x00088598       0x42 /cygdrive/c/TWESDK/516x/Components/Library/libMac_JN516x.a(TAMrxEnable.o)
                0x00088598                _vTAMRXEint2Fired
 .text.bSecurityLevelCheckingAlgorithm
                0x000885da       0x25 /cygdrive/c/TWESDK/516x/Components/Library/libMac_JN516x.a(TAMsecurity.o)
 .text.u8TSCframeIncrease
                0x000885ff        0xf /cygdrive/c/TWESDK/516x/Components/Library/libMac_JN516x.a(TAMsecurity.o)
                0x000885ff                _u8TSCframeIncrease
 .text.vTSCsetUpwardSecurity
                0x0008860e       0x15 /cygdrive/c/TWESDK/516x/Components/Library/libMac_JN516x.a(TAMsecurity.o)
                0x0008860e                _vTSCsetUpwardSecurity
 .text.vCopyToDataFromMacAddr
                0x00088623       0x33 /cygdrive/c/TWESDK/516x/Components/Library/libMac_JN516x.a(TAMsecurity.o)
 .text.vTSCpostTransmitUpdate
                0x00088656       0x3b /cygdrive/c/TWESDK/516x/Components/Library/libMac_JN516x.a(TAMsecurity.o)
                0x00088656                _vTSCpostTransmitUpdate
 .text.vTSCsetOutgoingInfo
                0x00088691      0x158 /cygdrive/c/TWESDK/516x/Components/Library/libMac_JN516x.a(TAMsecurity.o)
                0x00088691                _vTSCsetOutgoingInfo
 .text.vMAC_RetrieveSecurityInfoFromFrame
                0x000887e9       0x92 /cygdrive/c/TWESDK/516x/Components/Library/libMac_JN516x.a(TAMsecurity.o)
                0x000887e9                _vMAC_RetrieveSecurityInfoFromFrame
 .text.MAC_bLookUpKeyDescriptor
                0x0008887b       0x7f /cygdrive/c/TWESDK/516x/Components/Library/libMac_JN516x.a(TAMsecurity.o)
 .text.bTSCgetOutgoingInfo2003
                0x000888fa       0x21 /cygdrive/c/TWESDK/516x/Components/Library/libMac_JN516x.a(TAMsecurity.o)
                0x000888fa                _bTSCgetOutgoingInfo2003
 .text.bTSCgetOutgoingInfo
                0x0008891b      0x11c /cygdrive/c/TWESDK/516x/Components/Library/libMac_JN516x.a(TAMsecurity.o)
                0x0008891b                _bTSCgetOutgoingInfo
 .text.vTSCgetIncomingInfo
                0x00088a37       0xc6 /cygdrive/c/TWESDK/516x/Components/Library/libMac_JN516x.a(TAMsecurity.o)
                0x00088a37                _vTSCgetIncomingInfo
 .text.bTSCcheckIncomingFrame
                0x00088afd      0x689 /cygdrive/c/TWESDK/516x/Components/Library/libMac_JN516x.a(TAMsecurity.o)
                0x00088afd                _bTSCcheckIncomingFrame
 .text.vTAStidyUpAfterFrameTX
                0x00089186       0x26 /cygdrive/c/TWESDK/516x/Components/Library/libMac_JN516x.a(TAMsideways.o)
                0x00089186                _vTAStidyUpAfterFrameTX
 .text.bTASsendCommStatusInd
                0x000891ac       0x1b /cygdrive/c/TWESDK/516x/Components/Library/libMac_JN516x.a(TAMsideways.o)
                0x000891ac                _bTASsendCommStatusInd
 .text.vTASretrieveSecurity
                0x000891c7       0x24 /cygdrive/c/TWESDK/516x/Components/Library/libMac_JN516x.a(TAMsideways.o)
                0x000891c7                _vTASretrieveSecurity
 .text.vTASretrieveFrame
                0x000891eb       0x88 /cygdrive/c/TWESDK/516x/Components/Library/libMac_JN516x.a(TAMsideways.o)
                0x000891eb                _vTASretrieveFrame
 .text.eTAStransmitRequest
                0x00089273      0x3e3 /cygdrive/c/TWESDK/516x/Components/Library/libMac_JN516x.a(TAMsideways.o)
                0x00089273                _eTAStransmitRequest
 .text.vTTIBLETimerExpired
                0x00089656        0xb /cygdrive/c/TWESDK/516x/Components/Library/libMac_JN516x.a(TAMtime.o)
                0x00089656                _vTTIBLETimerExpired
 .text.vTTITimer2Expired
                0x00089661        0x8 /cygdrive/c/TWESDK/516x/Components/Library/libMac_JN516x.a(TAMtime.o)
                0x00089661                _vTTITimer2Expired
 .text.vTTITimer1Expired
                0x00089669        0x8 /cygdrive/c/TWESDK/516x/Components/Library/libMac_JN516x.a(TAMtime.o)
                0x00089669                _vTTITimer1Expired
 .text.vTTITransactionTimerExpired
                0x00089671       0x2f /cygdrive/c/TWESDK/516x/Components/Library/libMac_JN516x.a(TAMtime.o)
                0x00089671                _vTTITransactionTimerExpired
 .text.vCmdWaitBusy
                0x000896a0        0xd /cygdrive/c/TWESDK/516x/Components/Library/libMac_JN516x.a(TAM_AES.o)
 .text.vEcbEncodeStripe
                0x000896ad       0x55 /cygdrive/c/TWESDK/516x/Components/Library/libMac_JN516x.a(TAM_AES.o)
 .text.vFromU16ToLe
                0x00089702        0xc /cygdrive/c/TWESDK/516x/Components/Library/libMac_JN516x.a(TAM_AES.o)
 .text.vFromU32ToLe
                0x0008970e       0x18 /cygdrive/c/TWESDK/516x/Components/Library/libMac_JN516x.a(TAM_AES.o)
 .text.u8TAM_AES_WriteAuxilliarySecurityHeaderIntoBuffer
                0x00089726       0x6a /cygdrive/c/TWESDK/516x/Components/Library/libMac_JN516x.a(TAM_AES.o)
                0x00089726                _u8TAM_AES_WriteAuxilliarySecurityHeaderIntoBuffer
 .text.u8Write802_15_4HeaderIntoBuffer
                0x00089790      0x110 /cygdrive/c/TWESDK/516x/Components/Library/libMac_JN516x.a(TAM_AES.o)
 .text.vWrite802_15_4NonceIntoBuffer
                0x000898a0       0x4a /cygdrive/c/TWESDK/516x/Components/Library/libMac_JN516x.a(TAM_AES.o)
 .text.vTAM_AES_OptimisedCcmStar
                0x000898ea      0x244 /cygdrive/c/TWESDK/516x/Components/Library/libMac_JN516x.a(TAM_AES.o)
                0x000898ea                _vTAM_AES_OptimisedCcmStar
 .text.bTAM_AES_CCMstarPatch2006
                0x00089b2e       0xf4 /cygdrive/c/TWESDK/516x/Components/Library/libMac_JN516x.a(TAM_AES.o)
                0x00089b2e                _bTAM_AES_CCMstarPatch2006
 .text.bTAM_AES_CCMstarPatch
                0x00089c22       0xfe /cygdrive/c/TWESDK/516x/Components/Library/libMac_JN516x.a(TAM_AES.o)
                0x00089c22                _bTAM_AES_CCMstarPatch
 .text.MAC_u8AclFindInfo
                0x00089d20      0x118 /cygdrive/c/TWESDK/516x/Components/Library/libMac_JN516x.a(mac_acl.o)
                0x00089d20                _MAC_u8AclFindInfo
 .text.vMAC_MISCorphanReceived
                0x00089e38       0x4f /cygdrive/c/TWESDK/516x/Components/Library/libMac_JN516x.a(mac_misc.o)
                0x00089e38                _vMAC_MISCorphanReceived
 .text.vMAC_MISCpollConfirm
                0x00089e87       0x35 /cygdrive/c/TWESDK/516x/Components/Library/libMac_JN516x.a(mac_misc.o)
                0x00089e87                _vMAC_MISCpollConfirm
 .text.vMAC_MISCpollRequest
                0x00089ebc       0xbe /cygdrive/c/TWESDK/516x/Components/Library/libMac_JN516x.a(mac_misc.o)
                0x00089ebc                _vMAC_MISCpollRequest
 .text.vMAC_MISCorphanResponse
                0x00089f7a       0xc4 /cygdrive/c/TWESDK/516x/Components/Library/libMac_JN516x.a(mac_misc.o)
                0x00089f7a                _vMAC_MISCorphanResponse
 .text.bPollReqSent
                0x0008a03e       0x1e /cygdrive/c/TWESDK/516x/Components/Library/libMac_JN516x.a(mac_misc.o)
 .text.vUpdateRegisters
                0x0008a05c       0x4b /cygdrive/c/TWESDK/516x/Components/Library/libXcv_JN516x.a(xcv_main.o)
 .text.XCV_vCtor
                0x0008a0a7      0x1ae /cygdrive/c/TWESDK/516x/Components/Library/libXcv_JN516x.a(xcv_main.o)
                0x0008a0a7                _XCV_vCtor
 .text.XCV_vDevWriteIER
                0x0008a255        0xa /cygdrive/c/TWESDK/516x/Components/Library/libXcv_JN516x.a(xcv_access.o)
                0x0008a255                _XCV_vDevWriteIER
 .text.XCV_vDevRMW_IER
                0x0008a25f       0x19 /cygdrive/c/TWESDK/516x/Components/Library/libXcv_JN516x.a(xcv_access.o)
                0x0008a25f                _XCV_vDevRMW_IER
 .text.vXCV_IntHandlerBbc
                0x0008a278       0x62 /cygdrive/c/TWESDK/516x/Components/Library/libXcv_JN516x.a(xcv_isr.o)
                0x0008a278                _vXCV_IntHandlerBbc
 .text.vXCV_IntHandlerPhy
                0x0008a2da       0xab /cygdrive/c/TWESDK/516x/Components/Library/libXcv_JN516x.a(xcv_isr.o)
                0x0008a2da                _vXCV_IntHandlerPhy
 .text.bACI_CCMstar
                0x0008a385       0x66 /cygdrive/c/TWESDK/516x/Components/Library/libAes_JN516x.a(AEScoprocessorCCM.o)
                0x0008a385                _bACI_CCMstar
 .text.TSV_eInit
                0x0008a3eb       0x1d /cygdrive/c/TWESDK/516x/Components/Library/libTimerServer_JN516x.a(tsv_main.o)
                0x0008a3eb                _TSV_eInit
 .text.TSV_eOpen
                0x0008a408        0x8 /cygdrive/c/TWESDK/516x/Components/Library/libTimerServer_JN516x.a(tsv_main.o)
                0x0008a408                _TSV_eOpen
 .text.psRemove
                0x0008a410       0x47 /cygdrive/c/TWESDK/516x/Components/Library/libTimerServer_JN516x.a(tsv_main.o)
 .text.vExpireHead
                0x0008a457       0x31 /cygdrive/c/TWESDK/516x/Components/Library/libTimerServer_JN516x.a(tsv_main.o)
 .text.TSV_eExpireProc
                0x0008a488       0x2b /cygdrive/c/TWESDK/516x/Components/Library/libTimerServer_JN516x.a(tsv_main.o)
                0x0008a488                _TSV_eExpireProc
 .text.TSV_eStart
                0x0008a4b3       0xcf /cygdrive/c/TWESDK/516x/Components/Library/libTimerServer_JN516x.a(tsv_main.o)
                0x0008a4b3                _TSV_eStart
 .text.TSV_eStop
                0x0008a582       0x79 /cygdrive/c/TWESDK/516x/Components/Library/libTimerServer_JN516x.a(tsv_main.o)
                0x0008a582                _TSV_eStop
 .text.vAHI_IntHandlerAnalogPeriph
                0x0008a5fb       0x20 /cygdrive/c/TWESDK/516x/Components/Library/libHardwareApi_JN516x.a(AHI_Analogue.o)
                0x0008a5fb                _vAHI_IntHandlerAnalogPeriph
 .text.vAHI_APRegisterCallback
                0x0008a61b        0x9 /cygdrive/c/TWESDK/516x/Components/Library/libHardwareApi_JN516x.a(AHI_Analogue.o)
                0x0008a61b                _vAHI_APRegisterCallback
 .text.vAHI_BrownOutConfigure
                0x0008a624       0x4e /cygdrive/c/TWESDK/516x/Components/Library/libHardwareApi_JN516x.a(AHI_BrownOut.o)
                0x0008a624                _vAHI_BrownOutConfigure
 .text.vAHI_DioSetDirection
                0x0008a672       0x14 /cygdrive/c/TWESDK/516x/Components/Library/libHardwareApi_JN516x.a(AHI_Dio.o)
                0x0008a672                _vAHI_DioSetDirection
 .text.vAHI_DioSetOutput
                0x0008a686       0x14 /cygdrive/c/TWESDK/516x/Components/Library/libHardwareApi_JN516x.a(AHI_Dio.o)
                0x0008a686                _vAHI_DioSetOutput
 .text.u32AHI_DioReadInput
                0x0008a69a        0x7 /cygdrive/c/TWESDK/516x/Components/Library/libHardwareApi_JN516x.a(AHI_Dio.o)
                0x0008a69a                _u32AHI_DioReadInput
 .text.u32AHI_DioWakeStatus
                0x0008a6a1       0x11 /cygdrive/c/TWESDK/516x/Components/Library/libHardwareApi_JN516x.a(AHI_Dio.o)
                0x0008a6a1                _u32AHI_DioWakeStatus
 .text.vAHI_DioSetPullup
                0x0008a6b2       0x20 /cygdrive/c/TWESDK/516x/Components/Library/libHardwareApi_JN516x.a(AHI_Dio.o)
                0x0008a6b2                _vAHI_DioSetPullup
 .text.u32AHI_Init
                0x0008a6d2       0xc5 /cygdrive/c/TWESDK/516x/Components/Library/libHardwareApi_JN516x.a(AHI_Init.o)
                0x0008a6d2                _u32AHI_Init
 .text          0x0008a797       0x27 /cygdrive/c/TWESDK/516x/Components/Library/libHardwareApi_JN516x.a(AHI_Interrupt.o)
                0x0008a7b5                _vAHI_InterruptSetActivePriorityLevel
                0x0008a797                _vAHI_InterruptSetPriority
 .text.vAHI_SwReset
                0x0008a7be        0x9 /cygdrive/c/TWESDK/516x/Components/Library/libHardwareApi_JN516x.a(AHI_Reset.o)
                0x0008a7be                _vAHI_SwReset
 .text.vAHI_IntHandlerSi
                0x0008a7c7       0x45 /cygdrive/c/TWESDK/516x/Components/Library/libHardwareApi_JN516x.a(AHI_Si.o)
                0x0008a7c7                _vAHI_IntHandlerSi
 .text.vAHI_SiRegisterCallback
                0x0008a80c        0x9 /cygdrive/c/TWESDK/516x/Components/Library/libHardwareApi_JN516x.a(AHI_Si.o)
                0x0008a80c                _vAHI_SiRegisterCallback
 .text.vAHI_IntHandlerSpiMaster
                0x0008a815       0x26 /cygdrive/c/TWESDK/516x/Components/Library/libHardwareApi_JN516x.a(AHI_Spi.o)
                0x0008a815                _vAHI_IntHandlerSpiMaster
 .text.vAHI_SpiRegisterCallback
                0x0008a83b        0x9 /cygdrive/c/TWESDK/516x/Components/Library/libHardwareApi_JN516x.a(AHI_Spi.o)
                0x0008a83b                _vAHI_SpiRegisterCallback
 .text.u8AHI_PowerStatus
                0x0008a844        0xa /cygdrive/c/TWESDK/516x/Components/Library/libHardwareApi_JN516x.a(AHI_System.o)
                0x0008a844                _u8AHI_PowerStatus
 .text.vAHI_ProtocolPower
                0x0008a84e       0x17 /cygdrive/c/TWESDK/516x/Components/Library/libHardwareApi_JN516x.a(AHI_System.o)
                0x0008a84e                _vAHI_ProtocolPower
 .text.vAHI_CpuDoze
                0x0008a865       0x13 /cygdrive/c/TWESDK/516x/Components/Library/libHardwareApi_JN516x.a(AHI_System.o)
                0x0008a865                _vAHI_CpuDoze
 .text.vAHI_SysCtrlRegisterCallback
                0x0008a878        0x9 /cygdrive/c/TWESDK/516x/Components/Library/libHardwareApi_JN516x.a(AHI_System.o)
                0x0008a878                _vAHI_SysCtrlRegisterCallback
 .text.vAHI_HighPowerModuleEnable
                0x0008a881       0x2f /cygdrive/c/TWESDK/516x/Components/Library/libHardwareApi_JN516x.a(AHI_System.o)
                0x0008a881                _vAHI_HighPowerModuleEnable
 .text.vAHI_WatchdogStart
                0x0008a8b0       0x23 /cygdrive/c/TWESDK/516x/Components/Library/libHardwareApi_JN516x.a(AHI_System.o)
                0x0008a8b0                _vAHI_WatchdogStart
 .text.vAHI_WatchdogStop
                0x0008a8d3       0x17 /cygdrive/c/TWESDK/516x/Components/Library/libHardwareApi_JN516x.a(AHI_System.o)
                0x0008a8d3                _vAHI_WatchdogStop
 .text.vAHI_WatchdogRestart
                0x0008a8ea        0xd /cygdrive/c/TWESDK/516x/Components/Library/libHardwareApi_JN516x.a(AHI_System.o)
                0x0008a8ea                _vAHI_WatchdogRestart
 .text.bAHI_GetClkSource
                0x0008a8f7        0xd /cygdrive/c/TWESDK/516x/Components/Library/libHardwareApi_JN516x.a(AHI_System.o)
                0x0008a8f7                _bAHI_GetClkSource
 .text.vAHI_OptimiseWaitStates
                0x0008a904       0x49 /cygdrive/c/TWESDK/516x/Components/Library/libHardwareApi_JN516x.a(AHI_System.o)
                0x0008a904                _vAHI_OptimiseWaitStates
 .text.vAHI_SetWaitStateToChangingClockSourceAndSpeed
                0x0008a94d       0x67 /cygdrive/c/TWESDK/516x/Components/Library/libHardwareApi_JN516x.a(AHI_System.o)
 .text.u8AHI_GetSystemClkSpeed
                0x0008a9b4        0xa /cygdrive/c/TWESDK/516x/Components/Library/libHardwareApi_JN516x.a(AHI_System.o)
                0x0008a9b4                _u8AHI_GetSystemClkSpeed
 .text.vPollClkSource
                0x0008a9be       0x15 /cygdrive/c/TWESDK/516x/Components/Library/libHardwareApi_JN516x.a(AHI_System.o)
 .text.bAHI_SetClockRate
                0x0008a9d3       0x51 /cygdrive/c/TWESDK/516x/Components/Library/libHardwareApi_JN516x.a(AHI_System.o)
                0x0008a9d3                _bAHI_SetClockRate
 .text.vAHI_MemoryHold
                0x0008aa24       0x48 /cygdrive/c/TWESDK/516x/Components/Library/libHardwareApi_JN516x.a(AHI_System.o)
 .text.vAHI_StartRandomNumberGenerator
                0x0008aa6c       0x2c /cygdrive/c/TWESDK/516x/Components/Library/libHardwareApi_JN516x.a(AHI_System.o)
                0x0008aa6c                _vAHI_StartRandomNumberGenerator
 .text.u16AHI_ReadRandomNumber
                0x0008aa98        0xa /cygdrive/c/TWESDK/516x/Components/Library/libHardwareApi_JN516x.a(AHI_System.o)
                0x0008aa98                _u16AHI_ReadRandomNumber
 .text.bAHI_Clock32MHzStable
                0x0008aaa2        0xd /cygdrive/c/TWESDK/516x/Components/Library/libHardwareApi_JN516x.a(AHI_System.o)
                0x0008aaa2                _bAHI_Clock32MHzStable
 .text.vAHI_IntHandlerSysCtrl
                0x0008aaaf       0x3d /cygdrive/c/TWESDK/516x/Components/Library/libHardwareApi_JN516x.a(AHI_System.o)
                0x0008aaaf                _vAHI_IntHandlerSysCtrl
 .text.vAHI_Sleep
                0x0008aaec       0xbf /cygdrive/c/TWESDK/516x/Components/Library/libHardwareApi_JN516x.a(AHI_System.o)
                0x0008aaec                _vAHI_Sleep
 .text.vAHI_TickTimerInit
                0x0008abab        0x9 /cygdrive/c/TWESDK/516x/Components/Library/libHardwareApi_JN516x.a(AHI_TickTimer.o)
                0x0008abab                _vAHI_TickTimerInit
 .text.vAHI_TickTimerWrite
                0x0008abb4        0x9 /cygdrive/c/TWESDK/516x/Components/Library/libHardwareApi_JN516x.a(AHI_TickTimer.o)
                0x0008abb4                _vAHI_TickTimerWrite
 .text.vAHI_TickTimerConfigure